Archive member included to satisfy reference by file (symbol)

/usr/bin/../lib/gcc/arm-none-eabi/7.3.1/../../../../arm-none-eabi/lib/thumb/v7e-m/fpv4-sp/hard/libstdc++_nano.a(del_op.o)
                              CMakeFiles/Hero.elf.dir/Drivers/Motor/C6020/C6020.cpp.obj (operator delete(void*))
/usr/bin/../lib/gcc/arm-none-eabi/7.3.1/../../../../arm-none-eabi/lib/thumb/v7e-m/fpv4-sp/hard/libstdc++_nano.a(eh_personality.o)
                              CMakeFiles/Hero.elf.dir/Drivers/Motor/C6020/C6020.cpp.obj (__gxx_personality_v0)
/usr/bin/../lib/gcc/arm-none-eabi/7.3.1/../../../../arm-none-eabi/lib/thumb/v7e-m/fpv4-sp/hard/libstdc++_nano.a(eh_arm.o)
                              CMakeFiles/Hero.elf.dir/Drivers/Motor/C6020/C6020.cpp.obj (__cxa_end_cleanup)
/usr/bin/../lib/gcc/arm-none-eabi/7.3.1/../../../../arm-none-eabi/lib/thumb/v7e-m/fpv4-sp/hard/libstdc++_nano.a(new_op.o)
                              CMakeFiles/Hero.elf.dir/Drivers/Motor/C6020/C6020.cpp.obj (operator new(unsigned int))
/usr/bin/../lib/gcc/arm-none-eabi/7.3.1/../../../../arm-none-eabi/lib/thumb/v7e-m/fpv4-sp/hard/libstdc++_nano.a(class_type_info.o)
                              CMakeFiles/Hero.elf.dir/Drivers/Motor/C6020/C6020.cpp.obj (vtable for __cxxabiv1::__class_type_info)
/usr/bin/../lib/gcc/arm-none-eabi/7.3.1/../../../../arm-none-eabi/lib/thumb/v7e-m/fpv4-sp/hard/libstdc++_nano.a(eh_terminate.o)
                              /usr/bin/../lib/gcc/arm-none-eabi/7.3.1/../../../../arm-none-eabi/lib/thumb/v7e-m/fpv4-sp/hard/libstdc++_nano.a(eh_personality.o) (std::terminate())
/usr/bin/../lib/gcc/arm-none-eabi/7.3.1/../../../../arm-none-eabi/lib/thumb/v7e-m/fpv4-sp/hard/libstdc++_nano.a(eh_unex_handler.o)
                              /usr/bin/../lib/gcc/arm-none-eabi/7.3.1/../../../../arm-none-eabi/lib/thumb/v7e-m/fpv4-sp/hard/libstdc++_nano.a(eh_terminate.o) (__cxxabiv1::__unexpected_handler)
/usr/bin/../lib/gcc/arm-none-eabi/7.3.1/../../../../arm-none-eabi/lib/thumb/v7e-m/fpv4-sp/hard/libstdc++_nano.a(eh_term_handler.o)
                              /usr/bin/../lib/gcc/arm-none-eabi/7.3.1/../../../../arm-none-eabi/lib/thumb/v7e-m/fpv4-sp/hard/libstdc++_nano.a(eh_terminate.o) (__cxxabiv1::__terminate_handler)
/usr/bin/../lib/gcc/arm-none-eabi/7.3.1/../../../../arm-none-eabi/lib/thumb/v7e-m/fpv4-sp/hard/libstdc++_nano.a(eh_globals.o)
                              /usr/bin/../lib/gcc/arm-none-eabi/7.3.1/../../../../arm-none-eabi/lib/thumb/v7e-m/fpv4-sp/hard/libstdc++_nano.a(eh_arm.o) (__cxa_get_globals)
/usr/bin/../lib/gcc/arm-none-eabi/7.3.1/../../../../arm-none-eabi/lib/thumb/v7e-m/fpv4-sp/hard/libstdc++_nano.a(new_handler.o)
                              /usr/bin/../lib/gcc/arm-none-eabi/7.3.1/../../../../arm-none-eabi/lib/thumb/v7e-m/fpv4-sp/hard/libstdc++_nano.a(new_op.o) (std::get_new_handler())
/usr/bin/../lib/gcc/arm-none-eabi/7.3.1/../../../../arm-none-eabi/lib/thumb/v7e-m/fpv4-sp/hard/libstdc++_nano.a(si_class_type_info.o)
                              CMakeFiles/Hero.elf.dir/Drivers/Motor/C6010/C6010.cpp.obj (vtable for __cxxabiv1::__si_class_type_info)
/usr/bin/../lib/gcc/arm-none-eabi/7.3.1/../../../../arm-none-eabi/lib/thumb/v7e-m/fpv4-sp/hard/libstdc++_nano.a(del_ops.o)
                              /usr/bin/../lib/gcc/arm-none-eabi/7.3.1/../../../../arm-none-eabi/lib/thumb/v7e-m/fpv4-sp/hard/libstdc++_nano.a(class_type_info.o) (operator delete(void*, unsigned int))
/usr/bin/../lib/gcc/arm-none-eabi/7.3.1/../../../../arm-none-eabi/lib/thumb/v7e-m/fpv4-sp/hard/libstdc++_nano.a(eh_exception.o)
                              /usr/bin/../lib/gcc/arm-none-eabi/7.3.1/../../../../arm-none-eabi/lib/thumb/v7e-m/fpv4-sp/hard/libstdc++_nano.a(eh_arm.o) (typeinfo for __cxxabiv1::__forced_unwind)
/usr/bin/../lib/gcc/arm-none-eabi/7.3.1/../../../../arm-none-eabi/lib/thumb/v7e-m/fpv4-sp/hard/libstdc++_nano.a(tinfo.o)
                              /usr/bin/../lib/gcc/arm-none-eabi/7.3.1/../../../../arm-none-eabi/lib/thumb/v7e-m/fpv4-sp/hard/libstdc++_nano.a(class_type_info.o) (std::type_info::~type_info())
/usr/bin/../lib/gcc/arm-none-eabi/7.3.1/../../../../arm-none-eabi/lib/thumb/v7e-m/fpv4-sp/hard/libstdc++_nano.a(eh_call.o)
                              /usr/bin/../lib/gcc/arm-none-eabi/7.3.1/../../../../arm-none-eabi/lib/thumb/v7e-m/fpv4-sp/hard/libstdc++_nano.a(eh_personality.o) (__cxa_call_terminate)
/usr/bin/../lib/gcc/arm-none-eabi/7.3.1/../../../../arm-none-eabi/lib/thumb/v7e-m/fpv4-sp/hard/libstdc++_nano.a(eh_catch.o)
                              /usr/bin/../lib/gcc/arm-none-eabi/7.3.1/../../../../arm-none-eabi/lib/thumb/v7e-m/fpv4-sp/hard/libstdc++_nano.a(eh_call.o) (__cxa_begin_catch)
/usr/bin/../lib/gcc/arm-none-eabi/7.3.1/../../../../arm-none-eabi/lib/thumb/v7e-m/fpv4-sp/hard/libstdc++_nano.a(pure.o)
                              /usr/bin/../lib/gcc/arm-none-eabi/7.3.1/../../../../arm-none-eabi/lib/thumb/v7e-m/fpv4-sp/hard/libstdc++_nano.a(eh_exception.o) (__cxa_pure_virtual)
[...]
Memory Configuration

Name             Origin             Length             Attributes
RAM              0x0000000020000000 0x0000000000030000 xrw
CCMRAM           0x0000000010000000 0x0000000000010000 rw
FLASH            0x0000000008000000 0x0000000000200000 xr
*default*        0x0000000000000000 0xffffffffffffffff

Linker script and memory map

LOAD /usr/bin/../lib/gcc/arm-none-eabi/7.3.1/thumb/v7e-m/fpv4-sp/hard/crti.o
LOAD /usr/bin/../lib/gcc/arm-none-eabi/7.3.1/thumb/v7e-m/fpv4-sp/hard/crtbegin.o
LOAD /usr/bin/../lib/gcc/arm-none-eabi/7.3.1/../../../../arm-none-eabi/lib/thumb/v7e-m/fpv4-sp/hard/crt0.o
LOAD CMakeFiles/Hero.elf.dir/Core/Src/can.c.obj
LOAD CMakeFiles/Hero.elf.dir/Core/Src/dma.c.obj
LOAD CMakeFiles/Hero.elf.dir/Core/Src/freertos.cpp.obj
LOAD CMakeFiles/Hero.elf.dir/Core/Src/gpio.c.obj
LOAD CMakeFiles/Hero.elf.dir/Core/Src/main.cpp.obj
LOAD CMakeFiles/Hero.elf.dir/Core/Src/spi.c.obj
LOAD CMakeFiles/Hero.elf.dir/Core/Src/stm32f4xx_hal_msp.c.obj
LOAD CMakeFiles/Hero.elf.dir/Core/Src/stm32f4xx_hal_timebase_tim.c.obj
LOAD CMakeFiles/Hero.elf.dir/Core/Src/stm32f4xx_it.c.obj
LOAD CMakeFiles/Hero.elf.dir/Core/Src/syscalls.c.obj
LOAD CMakeFiles/Hero.elf.dir/Core/Src/system_stm32f4xx.c.obj
LOAD CMakeFiles/Hero.elf.dir/Core/Src/tim.c.obj
LOAD CMakeFiles/Hero.elf.dir/Core/Src/usart.c.obj
LOAD CMakeFiles/Hero.elf.dir/Drivers/MPU6500/bsp_imu.c.obj
LOAD CMakeFiles/Hero.elf.dir/Drivers/Motor/C6010/C6010.cpp.obj
LOAD CMakeFiles/Hero.elf.dir/Drivers/Motor/C6020/C6020.cpp.obj
LOAD CMakeFiles/Hero.elf.dir/Drivers/Motor/GM6020/GM6020.cpp.obj
LOAD CMakeFiles/Hero.elf.dir/Drivers/Remote/Remote.cpp.obj
LOAD CMakeFiles/Hero.elf.dir/Drivers/STM32F4xx_HAL_Driver/Src/stm32f4xx_hal.c.obj
LOAD CMakeFiles/Hero.elf.dir/Drivers/STM32F4xx_HAL_Driver/Src/stm32f4xx_hal_can.c.obj
LOAD CMakeFiles/Hero.elf.dir/Drivers/STM32F4xx_HAL_Driver/Src/stm32f4xx_hal_cortex.c.obj
LOAD CMakeFiles/Hero.elf.dir/Drivers/STM32F4xx_HAL_Driver/Src/stm32f4xx_hal_dma.c.obj
LOAD CMakeFiles/Hero.elf.dir/Drivers/STM32F4xx_HAL_Driver/Src/stm32f4xx_hal_dma_ex.c.obj
LOAD CMakeFiles/Hero.elf.dir/Drivers/STM32F4xx_HAL_Driver/Src/stm32f4xx_hal_exti.c.obj
LOAD CMakeFiles/Hero.elf.dir/Drivers/STM32F4xx_HAL_Driver/Src/stm32f4xx_hal_flash.c.obj
LOAD CMakeFiles/Hero.elf.dir/Drivers/STM32F4xx_HAL_Driver/Src/stm32f4xx_hal_flash_ex.c.obj
LOAD CMakeFiles/Hero.elf.dir/Drivers/STM32F4xx_HAL_Driver/Src/stm32f4xx_hal_flash_ramfunc.c.obj
LOAD CMakeFiles/Hero.elf.dir/Drivers/STM32F4xx_HAL_Driver/Src/stm32f4xx_hal_gpio.c.obj
LOAD CMakeFiles/Hero.elf.dir/Drivers/STM32F4xx_HAL_Driver/Src/stm32f4xx_hal_pwr.c.obj
LOAD CMakeFiles/Hero.elf.dir/Drivers/STM32F4xx_HAL_Driver/Src/stm32f4xx_hal_pwr_ex.c.obj
LOAD CMakeFiles/Hero.elf.dir/Drivers/STM32F4xx_HAL_Driver/Src/stm32f4xx_hal_rcc.c.obj
LOAD CMakeFiles/Hero.elf.dir/Drivers/STM32F4xx_HAL_Driver/Src/stm32f4xx_hal_rcc_ex.c.obj
LOAD CMakeFiles/Hero.elf.dir/Drivers/STM32F4xx_HAL_Driver/Src/stm32f4xx_hal_spi.c.obj
LOAD CMakeFiles/Hero.elf.dir/Drivers/STM32F4xx_HAL_Driver/Src/stm32f4xx_hal_tim.c.obj
LOAD CMakeFiles/Hero.elf.dir/Drivers/STM32F4xx_HAL_Driver/Src/stm32f4xx_hal_tim_ex.c.obj
LOAD CMakeFiles/Hero.elf.dir/Drivers/STM32F4xx_HAL_Driver/Src/stm32f4xx_hal_uart.c.obj
LOAD CMakeFiles/Hero.elf.dir/Middlewares/Arithmetic/KalmanFilter/Kalman.cpp.obj
LOAD CMakeFiles/Hero.elf.dir/Middlewares/Arithmetic/PID/PID.cpp.obj
LOAD CMakeFiles/Hero.elf.dir/Middlewares/AttitudeListenner/AttitudeListener.cpp.obj
LOAD CMakeFiles/Hero.elf.dir/Middlewares/CanBusManager/CanBusManger.cpp.obj
LOAD CMakeFiles/Hero.elf.dir/Middlewares/CanBusManager/CanListener/CanListener.cpp.obj
LOAD CMakeFiles/Hero.elf.dir/Middlewares/CanBusManager/CanPort/CanPort.cpp.obj
LOAD CMakeFiles/Hero.elf.dir/Middlewares/CanBusManager/CanPort/CanPortList.cpp.obj
LOAD CMakeFiles/Hero.elf.dir/Middlewares/CanBusManager/CanTxBuf/CanTxBuf.cpp.obj
LOAD CMakeFiles/Hero.elf.dir/Middlewares/CourtSystem/CourtSystem.cpp.obj
LOAD CMakeFiles/Hero.elf.dir/Middlewares/MotorControlSystem/ChassisControlUnit/ChassisControlUnit.cpp.obj
LOAD CMakeFiles/Hero.elf.dir/Middlewares/MotorControlSystem/HolderControlUnit/HolderControlUnit.cpp.obj
LOAD CMakeFiles/Hero.elf.dir/Middlewares/MotorControlSystem/MotorControlSystem.cpp.obj
LOAD CMakeFiles/Hero.elf.dir/Middlewares/MotorControlSystem/ShootControlUnit/ShootControlUnit.cpp.obj
LOAD CMakeFiles/Hero.elf.dir/Middlewares/RemoteListener/RemoteListener.cpp.obj
LOAD CMakeFiles/Hero.elf.dir/Middlewares/Third_Party/FreeRTOS/Source/CMSIS_RTOS/cmsis_os.c.obj
LOAD CMakeFiles/Hero.elf.dir/Middlewares/Third_Party/FreeRTOS/Source/croutine.c.obj
LOAD CMakeFiles/Hero.elf.dir/Middlewares/Third_Party/FreeRTOS/Source/event_groups.c.obj
LOAD CMakeFiles/Hero.elf.dir/Middlewares/Third_Party/FreeRTOS/Source/list.c.obj
LOAD CMakeFiles/Hero.elf.dir/Middlewares/Third_Party/FreeRTOS/Source/portable/GCC/ARM_CM4F/port.c.obj
LOAD CMakeFiles/Hero.elf.dir/Middlewares/Third_Party/FreeRTOS/Source/portable/MemMang/heap_4.c.obj
LOAD CMakeFiles/Hero.elf.dir/Middlewares/Third_Party/FreeRTOS/Source/queue.c.obj
LOAD CMakeFiles/Hero.elf.dir/Middlewares/Third_Party/FreeRTOS/Source/stream_buffer.c.obj
LOAD CMakeFiles/Hero.elf.dir/Middlewares/Third_Party/FreeRTOS/Source/tasks.c.obj
LOAD CMakeFiles/Hero.elf.dir/Middlewares/Third_Party/FreeRTOS/Source/timers.c.obj
LOAD CMakeFiles/Hero.elf.dir/Middlewares/stm32plus/List/Plus_List.cpp.obj
LOAD CMakeFiles/Hero.elf.dir/Middlewares/stm32plus/List/node.cpp.obj
LOAD CMakeFiles/Hero.elf.dir/Middlewares/stm32plus/can/can_plus.cpp.obj
LOAD CMakeFiles/Hero.elf.dir/Middlewares/stm32plus/port/Port.cpp.obj
LOAD CMakeFiles/Hero.elf.dir/Middlewares/stm32plus/pwm/pwm.cpp.obj
LOAD CMakeFiles/Hero.elf.dir/Middlewares/stm32plus/stm32plus.cpp.obj
LOAD CMakeFiles/Hero.elf.dir/Middlewares/stm32plus/system/gpio.cpp.obj
LOAD CMakeFiles/Hero.elf.dir/Middlewares/stm32plus/system/pc.cpp.obj
LOAD CMakeFiles/Hero.elf.dir/Middlewares/stm32plus/uart/UartList.cpp.obj
LOAD CMakeFiles/Hero.elf.dir/Middlewares/stm32plus/uart/uart.cpp.obj
LOAD CMakeFiles/Hero.elf.dir/Middlewares/stm32plus/uart/usartInterrupt.cpp.obj
LOAD CMakeFiles/Hero.elf.dir/User/MyThread.cpp.obj
LOAD CMakeFiles/Hero.elf.dir/User/Src/user.cpp.obj
LOAD CMakeFiles/Hero.elf.dir/User/Src/user_freertos.c.obj
LOAD CMakeFiles/Hero.elf.dir/startup/startup_stm32f427xx.s.obj
LOAD /usr/bin/../lib/gcc/arm-none-eabi/7.3.1/../../../../arm-none-eabi/lib/thumb/v7e-m/fpv4-sp/hard/libstdc++_nano.a
LOAD /usr/bin/../lib/gcc/arm-none-eabi/7.3.1/../../../../arm-none-eabi/lib/thumb/v7e-m/fpv4-sp/hard/libm.a
START GROUP
LOAD /usr/bin/../lib/gcc/arm-none-eabi/7.3.1/thumb/v7e-m/fpv4-sp/hard/libgcc.a
LOAD /usr/bin/../lib/gcc/arm-none-eabi/7.3.1/../../../../arm-none-eabi/lib/thumb/v7e-m/fpv4-sp/hard/libg_nano.a
LOAD /usr/bin/../lib/gcc/arm-none-eabi/7.3.1/../../../../arm-none-eabi/lib/thumb/v7e-m/fpv4-sp/hard/libc_nano.a
END GROUP
START GROUP
LOAD /usr/bin/../lib/gcc/arm-none-eabi/7.3.1/thumb/v7e-m/fpv4-sp/hard/libgcc.a
LOAD /usr/bin/../lib/gcc/arm-none-eabi/7.3.1/../../../../arm-none-eabi/lib/thumb/v7e-m/fpv4-sp/hard/libc_nano.a
LOAD /usr/bin/../lib/gcc/arm-none-eabi/7.3.1/../../../../arm-none-eabi/lib/thumb/v7e-m/fpv4-sp/hard/libnosys.a
END GROUP
START GROUP
LOAD /usr/bin/../lib/gcc/arm-none-eabi/7.3.1/thumb/v7e-m/fpv4-sp/hard/libgcc.a
LOAD /usr/bin/../lib/gcc/arm-none-eabi/7.3.1/../../../../arm-none-eabi/lib/thumb/v7e-m/fpv4-sp/hard/libc_nano.a
LOAD /usr/bin/../lib/gcc/arm-none-eabi/7.3.1/../../../../arm-none-eabi/lib/thumb/v7e-m/fpv4-sp/hard/libnosys.a
END GROUP
LOAD /usr/bin/../lib/gcc/arm-none-eabi/7.3.1/thumb/v7e-m/fpv4-sp/hard/crtend.o
LOAD /usr/bin/../lib/gcc/arm-none-eabi/7.3.1/thumb/v7e-m/fpv4-sp/hard/crtn.o
                0x0000000020030000                _estack = 0x20030000
                0x0000000000000200                _Min_Heap_Size = 0x200
                0x0000000000000400                _Min_Stack_Size = 0x400

.isr_vector     0x0000000008000000      0x1ac
                0x0000000008000000                . = ALIGN (0x4)
 *(.isr_vector)
 .isr_vector    0x0000000008000000      0x1ac CMakeFiles/Hero.elf.dir/startup/startup_stm32f427xx.s.obj
                0x0000000008000000                g_pfnVectors
                0x00000000080001ac                . = ALIGN (0x4)

.text           0x00000000080001b0     0xfb3c
                0x00000000080001b0                . = ALIGN (0x4)
 *(.text)
 .text          0x00000000080001b0       0x40 /usr/bin/../lib/gcc/arm-none-eabi/7.3.1/thumb/v7e-m/fpv4-sp/hard/crtbegin.o
 .text          0x00000000080001f0      0x378 /usr/bin/../lib/gcc/arm-none-eabi/7.3.1/thumb/v7e-m/fpv4-sp/hard/libgcc.a(_arm_addsubdf3.o)
                0x00000000080001f0                __aeabi_drsub
                0x00000000080001f8                __aeabi_dsub
                0x00000000080001f8                __subdf3
                0x00000000080001fc                __adddf3
                0x00000000080001fc                __aeabi_dadd
                0x0000000008000474                __aeabi_ui2d
                0x0000000008000474                __floatunsidf
                0x0000000008000494                __floatsidf
                0x0000000008000494                __aeabi_i2d
                0x00000000080004b8                __extendsfdf2
                0x00000000080004b8                __aeabi_f2d
                0x00000000080004fc                __aeabi_ul2d
                0x00000000080004fc                __floatundidf
                0x000000000800050c                __floatdidf
                0x000000000800050c                __aeabi_l2d
 .text          0x0000000008000568      0x424 /usr/bin/../lib/gcc/arm-none-eabi/7.3.1/thumb/v7e-m/fpv4-sp/hard/libgcc.a(_arm_muldivdf3.o)
                0x0000000008000568                __aeabi_dmul
                0x0000000008000568                __muldf3
                0x00000000080007bc                __aeabi_ddiv
                0x00000000080007bc                __divdf3
 .text          0x000000000800098c      0x110 /usr/bin/../lib/gcc/arm-none-eabi/7.3.1/thumb/v7e-m/fpv4-sp/hard/libgcc.a(_arm_cmpdf2.o)
                0x000000000800098c                __gtdf2
                0x000000000800098c                __gedf2
                0x0000000008000994                __ltdf2
                0x0000000008000994                __ledf2
                0x000000000800099c                __cmpdf2
                0x000000000800099c                __eqdf2
                0x000000000800099c                __nedf2
                0x0000000008000a18                __aeabi_cdrcmple
                0x0000000008000a28                __aeabi_cdcmple
                0x0000000008000a28                __aeabi_cdcmpeq
                0x0000000008000a38                __aeabi_dcmpeq
                0x0000000008000a4c                __aeabi_dcmplt
                0x0000000008000a60                __aeabi_dcmple
                0x0000000008000a74                __aeabi_dcmpge
                0x0000000008000a88                __aeabi_dcmpgt
 .text          0x0000000008000a9c       0x2c /usr/bin/../lib/gcc/arm-none-eabi/7.3.1/thumb/v7e-m/fpv4-sp/hard/libgcc.a(_arm_unorddf2.o)
                0x0000000008000a9c                __aeabi_dcmpun
                0x0000000008000a9c                __unorddf2
 .text          0x0000000008000ac8       0x50 /usr/bin/../lib/gcc/arm-none-eabi/7.3.1/thumb/v7e-m/fpv4-sp/hard/libgcc.a(_arm_fixdfsi.o)
                0x0000000008000ac8                __fixdfsi
                0x0000000008000ac8                __aeabi_d2iz
 .text          0x0000000008000b18       0x40 /usr/bin/../lib/gcc/arm-none-eabi/7.3.1/thumb/v7e-m/fpv4-sp/hard/libgcc.a(_arm_fixunsdfsi.o)
                0x0000000008000b18                __fixunsdfsi
                0x0000000008000b18                __aeabi_d2uiz
 .text          0x0000000008000b58       0xa0 /usr/bin/../lib/gcc/arm-none-eabi/7.3.1/thumb/v7e-m/fpv4-sp/hard/libgcc.a(_arm_truncdfsf2.o)
                0x0000000008000b58                __aeabi_d2f
                0x0000000008000b58                __truncdfsf2
 .text          0x0000000008000bf8       0x30 /usr/bin/../lib/gcc/arm-none-eabi/7.3.1/thumb/v7e-m/fpv4-sp/hard/libgcc.a(_aeabi_uldivmod.o)
                0x0000000008000bf8                __aeabi_uldivmod
 .text          0x0000000008000c28      0x2cc /usr/bin/../lib/gcc/arm-none-eabi/7.3.1/thumb/v7e-m/fpv4-sp/hard/libgcc.a(_udivmoddi4.o)
                0x0000000008000c28                __udivmoddi4
 .text          0x0000000008000ef4      0x9ec /usr/bin/../lib/gcc/arm-none-eabi/7.3.1/thumb/v7e-m/fpv4-sp/hard/libgcc.a(unwind-arm.o)
                0x00000000080011a8                _Unwind_GetCFA
                0x00000000080011ac                __gnu_Unwind_RaiseException
                0x000000000800120c                __gnu_Unwind_ForcedUnwind
                0x0000000008001220                __gnu_Unwind_Resume
                0x0000000008001264                __gnu_Unwind_Resume_or_Rethrow
                0x0000000008001274                _Unwind_Complete
                0x0000000008001278                _Unwind_DeleteException
                0x0000000008001284                _Unwind_VRS_Get
                0x00000000080012c8                _Unwind_VRS_Set
                0x0000000008001310                __gnu_Unwind_Backtrace
                0x0000000008001654                __aeabi_unwind_cpp_pr0
                0x0000000008001658                __aeabi_unwind_cpp_pr1
                0x000000000800165c                __aeabi_unwind_cpp_pr2
                0x0000000008001660                _Unwind_VRS_Pop
 .text          0x00000000080018e0      0x1ac /usr/bin/../lib/gcc/arm-none-eabi/7.3.1/thumb/v7e-m/fpv4-sp/hard/libgcc.a(libunwind.o)
                0x00000000080018e0                __restore_core_regs
                0x00000000080018e0                restore_core_regs
                0x00000000080018f8                __gnu_Unwind_Restore_VFP
                0x0000000008001900                __gnu_Unwind_Save_VFP
                0x0000000008001908                __gnu_Unwind_Restore_VFP_D
                0x0000000008001910                __gnu_Unwind_Save_VFP_D
                0x0000000008001918                __gnu_Unwind_Restore_VFP_D_16_to_31
                0x0000000008001920                __gnu_Unwind_Save_VFP_D_16_to_31
                0x0000000008001928                __gnu_Unwind_Restore_WMMXD
                0x000000000800196c                __gnu_Unwind_Save_WMMXD
                0x00000000080019b0                __gnu_Unwind_Restore_WMMXC
                0x00000000080019c4                __gnu_Unwind_Save_WMMXC
                0x00000000080019d8                ___Unwind_RaiseException
                0x00000000080019d8                _Unwind_RaiseException
                0x00000000080019fc                ___Unwind_Resume
                0x00000000080019fc                _Unwind_Resume
                0x0000000008001a20                _Unwind_Resume_or_Rethrow
                0x0000000008001a20                ___Unwind_Resume_or_Rethrow
                0x0000000008001a44                ___Unwind_ForcedUnwind
                0x0000000008001a44                _Unwind_ForcedUnwind
                0x0000000008001a68                _Unwind_Backtrace
                0x0000000008001a68                ___Unwind_Backtrace
 .text          0x0000000008001a8c      0x374 /usr/bin/../lib/gcc/arm-none-eabi/7.3.1/thumb/v7e-m/fpv4-sp/hard/libgcc.a(pr-support.o)
                0x0000000008001ae4                __gnu_unwind_execute
                0x0000000008001da8                __gnu_unwind_frame
                0x0000000008001dd0                _Unwind_GetRegionStart
                0x0000000008001ddc                _Unwind_GetLanguageSpecificData
                0x0000000008001df0                _Unwind_GetDataRelBase
                0x0000000008001df8                _Unwind_GetTextRelBase
 .text          0x0000000008001e00        0x4 /usr/bin/../lib/gcc/arm-none-eabi/7.3.1/thumb/v7e-m/fpv4-sp/hard/libgcc.a(_dvmd_tls.o)
                0x0000000008001e00                __aeabi_ldiv0
                0x0000000008001e00                __aeabi_idiv0
 .text          0x0000000008001e04       0x14 /usr/bin/../lib/gcc/arm-none-eabi/7.3.1/../../../../arm-none-eabi/lib/thumb/v7e-m/fpv4-sp/hard/libg_nano.a(lib_a-strcmp.o)
                0x0000000008001e04                strcmp
 .text          0x0000000008001e18       0x10 /usr/bin/../lib/gcc/arm-none-eabi/7.3.1/../../../../arm-none-eabi/lib/thumb/v7e-m/fpv4-sp/hard/libg_nano.a(lib_a-strlen.o)
                0x0000000008001e18                strlen
 *fill*         0x0000000008001e28        0x8 
 .text          0x0000000008001e30       0xa0 /usr/bin/../lib/gcc/arm-none-eabi/7.3.1/../../../../arm-none-eabi/lib/thumb/v7e-m/fpv4-sp/hard/libg_nano.a(lib_a-memchr.o)
                0x0000000008001e30                memchr
 *(.text*)
 .text.MX_CAN1_Init
                0x0000000008001ed0       0x6c CMakeFiles/Hero.elf.dir/Core/Src/can.c.obj
                0x0000000008001ed0                MX_CAN1_Init
 .text.MX_CAN2_Init
                0x0000000008001f3c       0x6c CMakeFiles/Hero.elf.dir/Core/Src/can.c.obj
                0x0000000008001f3c                MX_CAN2_Init
 .text.HAL_CAN_MspInit
                0x0000000008001fa8      0x140 CMakeFiles/Hero.elf.dir/Core/Src/can.c.obj
                0x0000000008001fa8                HAL_CAN_MspInit
 .text.MX_DMA_Init
                0x00000000080020e8       0x40 CMakeFiles/Hero.elf.dir/Core/Src/dma.c.obj
                0x00000000080020e8                MX_DMA_Init
 .text.vApplicationGetIdleTaskMemory
                0x0000000008002128       0x34 CMakeFiles/Hero.elf.dir/Core/Src/freertos.cpp.obj
                0x0000000008002128                vApplicationGetIdleTaskMemory
 .text._Z16MX_FREERTOS_Initv
                0x000000000800215c       0x38 CMakeFiles/Hero.elf.dir/Core/Src/freertos.cpp.obj
                0x000000000800215c                MX_FREERTOS_Init()
 .text.MX_GPIO_Init
                0x0000000008002194      0x18c CMakeFiles/Hero.elf.dir/Core/Src/gpio.c.obj
                0x0000000008002194                MX_GPIO_Init
 .text.main     0x0000000008002320       0x42 CMakeFiles/Hero.elf.dir/Core/Src/main.cpp.obj
                0x0000000008002320                main
 *fill*         0x0000000008002362        0x2 
 .text._Z18SystemClock_Configv
                0x0000000008002364       0xe8 CMakeFiles/Hero.elf.dir/Core/Src/main.cpp.obj
                0x0000000008002364                SystemClock_Config()
 .text.HAL_TIM_PeriodElapsedCallback
                0x000000000800244c       0x24 CMakeFiles/Hero.elf.dir/Core/Src/main.cpp.obj
                0x000000000800244c                HAL_TIM_PeriodElapsedCallback
 .text.Error_Handler
                0x0000000008002470        0xe CMakeFiles/Hero.elf.dir/Core/Src/main.cpp.obj
                0x0000000008002470                Error_Handler
 *fill*         0x000000000800247e        0x2 
 .text.MX_SPI5_Init
                0x0000000008002480       0x6c CMakeFiles/Hero.elf.dir/Core/Src/spi.c.obj
                0x0000000008002480                MX_SPI5_Init
 .text.HAL_SPI_MspInit
                0x00000000080024ec       0x90 CMakeFiles/Hero.elf.dir/Core/Src/spi.c.obj
                0x00000000080024ec                HAL_SPI_MspInit
 .text.HAL_MspInit
                0x000000000800257c       0x58 CMakeFiles/Hero.elf.dir/Core/Src/stm32f4xx_hal_msp.c.obj
                0x000000000800257c                HAL_MspInit
 .text.HAL_InitTick
                0x00000000080025d4       0xb4 CMakeFiles/Hero.elf.dir/Core/Src/stm32f4xx_hal_timebase_tim.c.obj
                0x00000000080025d4                HAL_InitTick
 .text.NMI_Handler
                0x0000000008002688        0xe CMakeFiles/Hero.elf.dir/Core/Src/stm32f4xx_it.c.obj
                0x0000000008002688                NMI_Handler
 .text.HardFault_Handler
                0x0000000008002696        0x6 CMakeFiles/Hero.elf.dir/Core/Src/stm32f4xx_it.c.obj
                0x0000000008002696                HardFault_Handler
 .text.MemManage_Handler
                0x000000000800269c        0x6 CMakeFiles/Hero.elf.dir/Core/Src/stm32f4xx_it.c.obj
                0x000000000800269c                MemManage_Handler
 .text.BusFault_Handler
                0x00000000080026a2        0x6 CMakeFiles/Hero.elf.dir/Core/Src/stm32f4xx_it.c.obj
                0x00000000080026a2                BusFault_Handler
 .text.UsageFault_Handler
                0x00000000080026a8        0x6 CMakeFiles/Hero.elf.dir/Core/Src/stm32f4xx_it.c.obj
                0x00000000080026a8                UsageFault_Handler
 .text.DebugMon_Handler
                0x00000000080026ae        0xe CMakeFiles/Hero.elf.dir/Core/Src/stm32f4xx_it.c.obj
                0x00000000080026ae                DebugMon_Handler
 .text.TIM1_UP_TIM10_IRQHandler
                0x00000000080026bc       0x14 CMakeFiles/Hero.elf.dir/Core/Src/stm32f4xx_it.c.obj
                0x00000000080026bc                TIM1_UP_TIM10_IRQHandler
 .text.DMA2_Stream2_IRQHandler
                0x00000000080026d0       0x14 CMakeFiles/Hero.elf.dir/Core/Src/stm32f4xx_it.c.obj
                0x00000000080026d0                DMA2_Stream2_IRQHandler
 .text.UART7_IRQHandler
                0x00000000080026e4       0x14 CMakeFiles/Hero.elf.dir/Core/Src/stm32f4xx_it.c.obj
                0x00000000080026e4                UART7_IRQHandler
 .text._getpid  0x00000000080026f8       0x10 CMakeFiles/Hero.elf.dir/Core/Src/syscalls.c.obj
                0x00000000080026f8                _getpid
 .text._kill    0x0000000008002708       0x20 CMakeFiles/Hero.elf.dir/Core/Src/syscalls.c.obj
                0x0000000008002708                _kill
 .text._exit    0x0000000008002728       0x14 CMakeFiles/Hero.elf.dir/Core/Src/syscalls.c.obj
                0x0000000008002728                _exit
 .text._sbrk    0x000000000800273c       0x58 CMakeFiles/Hero.elf.dir/Core/Src/syscalls.c.obj
                0x000000000800273c                _sbrk
 .text.SystemInit
                0x0000000008002794       0x6c CMakeFiles/Hero.elf.dir/Core/Src/system_stm32f4xx.c.obj
                0x0000000008002794                SystemInit
 .text.MX_TIM5_Init
                0x0000000008002800       0xb4 CMakeFiles/Hero.elf.dir/Core/Src/tim.c.obj
                0x0000000008002800                MX_TIM5_Init
 .text.MX_TIM8_Init
                0x00000000080028b4      0x150 CMakeFiles/Hero.elf.dir/Core/Src/tim.c.obj
                0x00000000080028b4                MX_TIM8_Init
 .text.HAL_TIM_PWM_MspInit
                0x0000000008002a04       0x70 CMakeFiles/Hero.elf.dir/Core/Src/tim.c.obj
                0x0000000008002a04                HAL_TIM_PWM_MspInit
 .text.HAL_TIM_MspPostInit
                0x0000000008002a74       0xc4 CMakeFiles/Hero.elf.dir/Core/Src/tim.c.obj
                0x0000000008002a74                HAL_TIM_MspPostInit
 .text.MX_UART7_Init
                0x0000000008002b38       0x54 CMakeFiles/Hero.elf.dir/Core/Src/usart.c.obj
                0x0000000008002b38                MX_UART7_Init
 .text.MX_USART1_UART_Init
                0x0000000008002b8c       0x54 CMakeFiles/Hero.elf.dir/Core/Src/usart.c.obj
                0x0000000008002b8c                MX_USART1_UART_Init
 .text.MX_USART2_UART_Init
                0x0000000008002be0       0x54 CMakeFiles/Hero.elf.dir/Core/Src/usart.c.obj
                0x0000000008002be0                MX_USART2_UART_Init
 .text.HAL_UART_MspInit
                0x0000000008002c34      0x1e0 CMakeFiles/Hero.elf.dir/Core/Src/usart.c.obj
                0x0000000008002c34                HAL_UART_MspInit
 .text.inv_sqrt
                0x0000000008002e14       0x78 CMakeFiles/Hero.elf.dir/Drivers/MPU6500/bsp_imu.c.obj
                0x0000000008002e14                inv_sqrt
 .text.mpu_write_byte
                0x0000000008002e8c       0x70 CMakeFiles/Hero.elf.dir/Drivers/MPU6500/bsp_imu.c.obj
                0x0000000008002e8c                mpu_write_byte
 .text.mpu_read_byte
                0x0000000008002efc       0x68 CMakeFiles/Hero.elf.dir/Drivers/MPU6500/bsp_imu.c.obj
                0x0000000008002efc                mpu_read_byte
 .text.mpu_read_bytes
                0x0000000008002f64       0x7c CMakeFiles/Hero.elf.dir/Drivers/MPU6500/bsp_imu.c.obj
                0x0000000008002f64                mpu_read_bytes
 .text.ist_reg_write_by_mpu
                0x0000000008002fe0       0x54 CMakeFiles/Hero.elf.dir/Drivers/MPU6500/bsp_imu.c.obj
 .text.ist_reg_read_by_mpu
                0x0000000008003034       0x4a CMakeFiles/Hero.elf.dir/Drivers/MPU6500/bsp_imu.c.obj
 .text.mpu_master_i2c_auto_read_config
                0x000000000800307e       0xac CMakeFiles/Hero.elf.dir/Drivers/MPU6500/bsp_imu.c.obj
 .text.ist8310_init
                0x000000000800312a      0x112 CMakeFiles/Hero.elf.dir/Drivers/MPU6500/bsp_imu.c.obj
                0x000000000800312a                ist8310_init
 .text.ist8310_get_data
                0x000000000800323c       0x1a CMakeFiles/Hero.elf.dir/Drivers/MPU6500/bsp_imu.c.obj
                0x000000000800323c                ist8310_get_data
 *fill*         0x0000000008003256        0x2 
 .text.mpu_get_data
                0x0000000008003258      0x1a8 CMakeFiles/Hero.elf.dir/Drivers/MPU6500/bsp_imu.c.obj
                0x0000000008003258                mpu_get_data
 .text.mpu_set_gyro_fsr
                0x0000000008003400       0x22 CMakeFiles/Hero.elf.dir/Drivers/MPU6500/bsp_imu.c.obj
                0x0000000008003400                mpu_set_gyro_fsr
 .text.mpu_set_accel_fsr
                0x0000000008003422       0x22 CMakeFiles/Hero.elf.dir/Drivers/MPU6500/bsp_imu.c.obj
                0x0000000008003422                mpu_set_accel_fsr
 .text.mpu_device_init
                0x0000000008003444       0xc0 CMakeFiles/Hero.elf.dir/Drivers/MPU6500/bsp_imu.c.obj
                0x0000000008003444                mpu_device_init
 .text.mpu_offset_call
                0x0000000008003504      0x1b4 CMakeFiles/Hero.elf.dir/Drivers/MPU6500/bsp_imu.c.obj
                0x0000000008003504                mpu_offset_call
 .text.init_quaternion
                0x00000000080036b8      0x25c CMakeFiles/Hero.elf.dir/Drivers/MPU6500/bsp_imu.c.obj
                0x00000000080036b8                init_quaternion
 .text.imu_ahrs_update
                0x0000000008003914      0x8d0 CMakeFiles/Hero.elf.dir/Drivers/MPU6500/bsp_imu.c.obj
                0x0000000008003914                imu_ahrs_update
 *fill*         0x00000000080041e4        0x4 
 .text.imu_attitude_update
                0x00000000080041e8      0x1f4 CMakeFiles/Hero.elf.dir/Drivers/MPU6500/bsp_imu.c.obj
                0x00000000080041e8                imu_attitude_update
 .text._ZN5C6010C2EtP3PID
                0x00000000080043dc       0x30 CMakeFiles/Hero.elf.dir/Drivers/Motor/C6010/C6010.cpp.obj
                0x00000000080043dc                C6010::C6010(unsigned short, PID*)
                0x00000000080043dc                C6010::C6010(unsigned short, PID*)
 .text._ZN5C6020C2EtP3PID
                0x000000000800440c       0x54 CMakeFiles/Hero.elf.dir/Drivers/Motor/C6020/C6020.cpp.obj
                0x000000000800440c                C6020::C6020(unsigned short, PID*)
                0x000000000800440c                C6020::C6020(unsigned short, PID*)
 .text._ZN5C602010UpdateParmEv
                0x0000000008004460       0x84 CMakeFiles/Hero.elf.dir/Drivers/Motor/C6020/C6020.cpp.obj
                0x0000000008004460                C6020::UpdateParm()
 .text._ZN5C60209printParmEv
                0x00000000080044e4       0x30 CMakeFiles/Hero.elf.dir/Drivers/Motor/C6020/C6020.cpp.obj
                0x00000000080044e4                C6020::printParm()
 .text._ZN5C60208GetAngelEv
                0x0000000008004514       0x1e CMakeFiles/Hero.elf.dir/Drivers/Motor/C6020/C6020.cpp.obj
                0x0000000008004514                C6020::GetAngel()
 .text._ZN5C602010CalcOutputEs
                0x0000000008004532       0x58 CMakeFiles/Hero.elf.dir/Drivers/Motor/C6020/C6020.cpp.obj
                0x0000000008004532                C6020::CalcOutput(short)
 .text._ZN5C602011GetListenerEv
                0x000000000800458a       0x18 CMakeFiles/Hero.elf.dir/Drivers/Motor/C6020/C6020.cpp.obj
                0x000000000800458a                C6020::GetListener()
 .text._ZN5C60209SetMaxOutEf
                0x00000000080045a2       0x2e CMakeFiles/Hero.elf.dir/Drivers/Motor/C6020/C6020.cpp.obj
                0x00000000080045a2                C6020::SetMaxOut(float)
 .text._ZN5C60209GetMaxOutEv
                0x00000000080045d0       0x20 CMakeFiles/Hero.elf.dir/Drivers/Motor/C6020/C6020.cpp.obj
                0x00000000080045d0                C6020::GetMaxOut()
 .text._ZN6GM602010UpdateParmEv
                0x00000000080045f0       0x48 CMakeFiles/Hero.elf.dir/Drivers/Motor/GM6020/GM6020.cpp.obj
                0x00000000080045f0                GM6020::UpdateParm()
 .text._ZN6GM60209printParmEv
                0x0000000008004638       0x44 CMakeFiles/Hero.elf.dir/Drivers/Motor/GM6020/GM6020.cpp.obj
                0x0000000008004638                GM6020::printParm()
 .text._ZN6GM6020C2EtP3PIDS1_
                0x000000000800467c       0x44 CMakeFiles/Hero.elf.dir/Drivers/Motor/GM6020/GM6020.cpp.obj
                0x000000000800467c                GM6020::GM6020(unsigned short, PID*, PID*)
                0x000000000800467c                GM6020::GM6020(unsigned short, PID*, PID*)
 .text._ZN6GM602011AnglePIDOutEf
                0x00000000080046c0       0x3c CMakeFiles/Hero.elf.dir/Drivers/Motor/GM6020/GM6020.cpp.obj
                0x00000000080046c0                GM6020::AnglePIDOut(float)
 .text._ZN6GM602011SpeedPIDOutEff
                0x00000000080046fc       0x42 CMakeFiles/Hero.elf.dir/Drivers/Motor/GM6020/GM6020.cpp.obj
                0x00000000080046fc                GM6020::SpeedPIDOut(float, float)
 .text._ZN6GM60208SetAngleEf
                0x000000000800473e       0x1e CMakeFiles/Hero.elf.dir/Drivers/Motor/GM6020/GM6020.cpp.obj
                0x000000000800473e                GM6020::SetAngle(float)
 .text._ZN6Remote14openReceiveDMAEv
                0x000000000800475c       0x34 CMakeFiles/Hero.elf.dir/Drivers/Remote/Remote.cpp.obj
                0x000000000800475c                Remote::openReceiveDMA()
 .text._ZN6RemoteC2EP20__UART_HandleTypeDef
                0x0000000008004790       0x38 CMakeFiles/Hero.elf.dir/Drivers/Remote/Remote.cpp.obj
                0x0000000008004790                Remote::Remote(__UART_HandleTypeDef*)
                0x0000000008004790                Remote::Remote(__UART_HandleTypeDef*)
 .text.HAL_Init
                0x00000000080047c8       0x44 CMakeFiles/Hero.elf.dir/Drivers/STM32F4xx_HAL_Driver/Src/stm32f4xx_hal.c.obj
                0x00000000080047c8                HAL_Init
 .text.HAL_IncTick
                0x000000000800480c       0x28 CMakeFiles/Hero.elf.dir/Drivers/STM32F4xx_HAL_Driver/Src/stm32f4xx_hal.c.obj
                0x000000000800480c                HAL_IncTick
 .text.HAL_GetTick
                0x0000000008004834       0x18 CMakeFiles/Hero.elf.dir/Drivers/STM32F4xx_HAL_Driver/Src/stm32f4xx_hal.c.obj
                0x0000000008004834                HAL_GetTick
 .text.HAL_Delay
                0x000000000800484c       0x44 CMakeFiles/Hero.elf.dir/Drivers/STM32F4xx_HAL_Driver/Src/stm32f4xx_hal.c.obj
                0x000000000800484c                HAL_Delay
 .text.HAL_CAN_Init
                0x0000000008004890      0x1f6 CMakeFiles/Hero.elf.dir/Drivers/STM32F4xx_HAL_Driver/Src/stm32f4xx_hal_can.c.obj
                0x0000000008004890                HAL_CAN_Init
 *fill*         0x0000000008004a86        0x2 
 .text.HAL_CAN_ConfigFilter
                0x0000000008004a88      0x1c0 CMakeFiles/Hero.elf.dir/Drivers/STM32F4xx_HAL_Driver/Src/stm32f4xx_hal_can.c.obj
                0x0000000008004a88                HAL_CAN_ConfigFilter
 .text.HAL_CAN_Start
                0x0000000008004c48       0x88 CMakeFiles/Hero.elf.dir/Drivers/STM32F4xx_HAL_Driver/Src/stm32f4xx_hal_can.c.obj
                0x0000000008004c48                HAL_CAN_Start
 .text.HAL_CAN_AddTxMessage
                0x0000000008004cd0      0x1b6 CMakeFiles/Hero.elf.dir/Drivers/STM32F4xx_HAL_Driver/Src/stm32f4xx_hal_can.c.obj
                0x0000000008004cd0                HAL_CAN_AddTxMessage
 .text.HAL_CAN_GetTxMailboxesFreeLevel
                0x0000000008004e86       0x6a CMakeFiles/Hero.elf.dir/Drivers/STM32F4xx_HAL_Driver/Src/stm32f4xx_hal_can.c.obj
                0x0000000008004e86                HAL_CAN_GetTxMailboxesFreeLevel
 .text.HAL_CAN_GetRxMessage
                0x0000000008004ef0      0x226 CMakeFiles/Hero.elf.dir/Drivers/STM32F4xx_HAL_Driver/Src/stm32f4xx_hal_can.c.obj
                0x0000000008004ef0                HAL_CAN_GetRxMessage
 *fill*         0x0000000008005116        0x2 
 .text.__NVIC_SetPriorityGrouping
                0x0000000008005118       0x48 CMakeFiles/Hero.elf.dir/Drivers/STM32F4xx_HAL_Driver/Src/stm32f4xx_hal_cortex.c.obj
 .text.__NVIC_GetPriorityGrouping
                0x0000000008005160       0x1c CMakeFiles/Hero.elf.dir/Drivers/STM32F4xx_HAL_Driver/Src/stm32f4xx_hal_cortex.c.obj
 .text.__NVIC_EnableIRQ
                0x000000000800517c       0x3c CMakeFiles/Hero.elf.dir/Drivers/STM32F4xx_HAL_Driver/Src/stm32f4xx_hal_cortex.c.obj
 .text.__NVIC_SetPriority
                0x00000000080051b8       0x54 CMakeFiles/Hero.elf.dir/Drivers/STM32F4xx_HAL_Driver/Src/stm32f4xx_hal_cortex.c.obj
 .text.NVIC_EncodePriority
                0x000000000800520c       0x66 CMakeFiles/Hero.elf.dir/Drivers/STM32F4xx_HAL_Driver/Src/stm32f4xx_hal_cortex.c.obj
 .text.HAL_NVIC_SetPriorityGrouping
                0x0000000008005272       0x16 CMakeFiles/Hero.elf.dir/Drivers/STM32F4xx_HAL_Driver/Src/stm32f4xx_hal_cortex.c.obj
                0x0000000008005272                HAL_NVIC_SetPriorityGrouping
 .text.HAL_NVIC_SetPriority
                0x0000000008005288       0x38 CMakeFiles/Hero.elf.dir/Drivers/STM32F4xx_HAL_Driver/Src/stm32f4xx_hal_cortex.c.obj
                0x0000000008005288                HAL_NVIC_SetPriority
 .text.HAL_NVIC_EnableIRQ
                0x00000000080052c0       0x1c CMakeFiles/Hero.elf.dir/Drivers/STM32F4xx_HAL_Driver/Src/stm32f4xx_hal_cortex.c.obj
                0x00000000080052c0                HAL_NVIC_EnableIRQ
 .text.HAL_DMA_Init
                0x00000000080052dc      0x15c CMakeFiles/Hero.elf.dir/Drivers/STM32F4xx_HAL_Driver/Src/stm32f4xx_hal_dma.c.obj
                0x00000000080052dc                HAL_DMA_Init
 .text.HAL_DMA_Start_IT
                0x0000000008005438       0xc0 CMakeFiles/Hero.elf.dir/Drivers/STM32F4xx_HAL_Driver/Src/stm32f4xx_hal_dma.c.obj
                0x0000000008005438                HAL_DMA_Start_IT
 .text.HAL_DMA_Abort
                0x00000000080054f8       0xe0 CMakeFiles/Hero.elf.dir/Drivers/STM32F4xx_HAL_Driver/Src/stm32f4xx_hal_dma.c.obj
                0x00000000080054f8                HAL_DMA_Abort
 .text.HAL_DMA_Abort_IT
                0x00000000080055d8       0x44 CMakeFiles/Hero.elf.dir/Drivers/STM32F4xx_HAL_Driver/Src/stm32f4xx_hal_dma.c.obj
                0x00000000080055d8                HAL_DMA_Abort_IT
 .text.HAL_DMA_IRQHandler
                0x000000000800561c      0x314 CMakeFiles/Hero.elf.dir/Drivers/STM32F4xx_HAL_Driver/Src/stm32f4xx_hal_dma.c.obj
                0x000000000800561c                HAL_DMA_IRQHandler
 .text.DMA_SetConfig
                0x0000000008005930       0x5c CMakeFiles/Hero.elf.dir/Drivers/STM32F4xx_HAL_Driver/Src/stm32f4xx_hal_dma.c.obj
 .text.DMA_CalcBaseAndBitshift
                0x000000000800598c       0x6c CMakeFiles/Hero.elf.dir/Drivers/STM32F4xx_HAL_Driver/Src/stm32f4xx_hal_dma.c.obj
 .text.DMA_CheckFifoParam
                0x00000000080059f8       0xf4 CMakeFiles/Hero.elf.dir/Drivers/STM32F4xx_HAL_Driver/Src/stm32f4xx_hal_dma.c.obj
 .text.HAL_GPIO_Init
                0x0000000008005aec      0x354 CMakeFiles/Hero.elf.dir/Drivers/STM32F4xx_HAL_Driver/Src/stm32f4xx_hal_gpio.c.obj
                0x0000000008005aec                HAL_GPIO_Init
 .text.HAL_GPIO_ReadPin
                0x0000000008005e40       0x30 CMakeFiles/Hero.elf.dir/Drivers/STM32F4xx_HAL_Driver/Src/stm32f4xx_hal_gpio.c.obj
                0x0000000008005e40                HAL_GPIO_ReadPin
 .text.HAL_GPIO_WritePin
                0x0000000008005e70       0x32 CMakeFiles/Hero.elf.dir/Drivers/STM32F4xx_HAL_Driver/Src/stm32f4xx_hal_gpio.c.obj
                0x0000000008005e70                HAL_GPIO_WritePin
 *fill*         0x0000000008005ea2        0x2 
 .text.HAL_RCC_OscConfig
                0x0000000008005ea4      0x484 CMakeFiles/Hero.elf.dir/Drivers/STM32F4xx_HAL_Driver/Src/stm32f4xx_hal_rcc.c.obj
                0x0000000008005ea4                HAL_RCC_OscConfig
 .text.HAL_RCC_ClockConfig
                0x0000000008006328      0x1c4 CMakeFiles/Hero.elf.dir/Drivers/STM32F4xx_HAL_Driver/Src/stm32f4xx_hal_rcc.c.obj
                0x0000000008006328                HAL_RCC_ClockConfig
 .text.HAL_RCC_GetSysClockFreq
                0x00000000080064ec      0x164 CMakeFiles/Hero.elf.dir/Drivers/STM32F4xx_HAL_Driver/Src/stm32f4xx_hal_rcc.c.obj
                0x00000000080064ec                HAL_RCC_GetSysClockFreq
 .text.HAL_RCC_GetHCLKFreq
                0x0000000008006650       0x18 CMakeFiles/Hero.elf.dir/Drivers/STM32F4xx_HAL_Driver/Src/stm32f4xx_hal_rcc.c.obj
                0x0000000008006650                HAL_RCC_GetHCLKFreq
 .text.HAL_RCC_GetPCLK1Freq
                0x0000000008006668       0x28 CMakeFiles/Hero.elf.dir/Drivers/STM32F4xx_HAL_Driver/Src/stm32f4xx_hal_rcc.c.obj
                0x0000000008006668                HAL_RCC_GetPCLK1Freq
 .text.HAL_RCC_GetPCLK2Freq
                0x0000000008006690       0x28 CMakeFiles/Hero.elf.dir/Drivers/STM32F4xx_HAL_Driver/Src/stm32f4xx_hal_rcc.c.obj
                0x0000000008006690                HAL_RCC_GetPCLK2Freq
 .text.HAL_RCC_GetClockConfig
                0x00000000080066b8       0x64 CMakeFiles/Hero.elf.dir/Drivers/STM32F4xx_HAL_Driver/Src/stm32f4xx_hal_rcc.c.obj
                0x00000000080066b8                HAL_RCC_GetClockConfig
 .text.HAL_SPI_Init
                0x000000000800671c       0xc8 CMakeFiles/Hero.elf.dir/Drivers/STM32F4xx_HAL_Driver/Src/stm32f4xx_hal_spi.c.obj
                0x000000000800671c                HAL_SPI_Init
 .text.HAL_SPI_TransmitReceive
                0x00000000080067e4      0x344 CMakeFiles/Hero.elf.dir/Drivers/STM32F4xx_HAL_Driver/Src/stm32f4xx_hal_spi.c.obj
                0x00000000080067e4                HAL_SPI_TransmitReceive
 .text.SPI_WaitFlagStateUntilTimeout
                0x0000000008006b28       0xd4 CMakeFiles/Hero.elf.dir/Drivers/STM32F4xx_HAL_Driver/Src/stm32f4xx_hal_spi.c.obj
 .text.SPI_EndRxTxTransaction
                0x0000000008006bfc       0x84 CMakeFiles/Hero.elf.dir/Drivers/STM32F4xx_HAL_Driver/Src/stm32f4xx_hal_spi.c.obj
 .text.HAL_TIM_Base_Init
                0x0000000008006c80       0x56 CMakeFiles/Hero.elf.dir/Drivers/STM32F4xx_HAL_Driver/Src/stm32f4xx_hal_tim.c.obj
                0x0000000008006c80                HAL_TIM_Base_Init
 .text.HAL_TIM_Base_MspInit
                0x0000000008006cd6       0x14 CMakeFiles/Hero.elf.dir/Drivers/STM32F4xx_HAL_Driver/Src/stm32f4xx_hal_tim.c.obj
                0x0000000008006cd6                HAL_TIM_Base_MspInit
 .text.HAL_TIM_Base_Start_IT
                0x0000000008006cea       0x48 CMakeFiles/Hero.elf.dir/Drivers/STM32F4xx_HAL_Driver/Src/stm32f4xx_hal_tim.c.obj
                0x0000000008006cea                HAL_TIM_Base_Start_IT
 .text.HAL_TIM_PWM_Init
                0x0000000008006d32       0x56 CMakeFiles/Hero.elf.dir/Drivers/STM32F4xx_HAL_Driver/Src/stm32f4xx_hal_tim.c.obj
                0x0000000008006d32                HAL_TIM_PWM_Init
 .text.HAL_TIM_PWM_Start
                0x0000000008006d88       0x7c CMakeFiles/Hero.elf.dir/Drivers/STM32F4xx_HAL_Driver/Src/stm32f4xx_hal_tim.c.obj
                0x0000000008006d88                HAL_TIM_PWM_Start
 .text.HAL_TIM_IRQHandler
                0x0000000008006e04      0x210 CMakeFiles/Hero.elf.dir/Drivers/STM32F4xx_HAL_Driver/Src/stm32f4xx_hal_tim.c.obj
                0x0000000008006e04                HAL_TIM_IRQHandler
 .text.HAL_TIM_PWM_ConfigChannel
                0x0000000008007014      0x18c CMakeFiles/Hero.elf.dir/Drivers/STM32F4xx_HAL_Driver/Src/stm32f4xx_hal_tim.c.obj
                0x0000000008007014                HAL_TIM_PWM_ConfigChannel
 .text.HAL_TIM_OC_DelayElapsedCallback
                0x00000000080071a0       0x14 CMakeFiles/Hero.elf.dir/Drivers/STM32F4xx_HAL_Driver/Src/stm32f4xx_hal_tim.c.obj
                0x00000000080071a0                HAL_TIM_OC_DelayElapsedCallback
 .text.HAL_TIM_IC_CaptureCallback
                0x00000000080071b4       0x14 CMakeFiles/Hero.elf.dir/Drivers/STM32F4xx_HAL_Driver/Src/stm32f4xx_hal_tim.c.obj
                0x00000000080071b4                HAL_TIM_IC_CaptureCallback
 .text.HAL_TIM_PWM_PulseFinishedCallback
                0x00000000080071c8       0x14 CMakeFiles/Hero.elf.dir/Drivers/STM32F4xx_HAL_Driver/Src/stm32f4xx_hal_tim.c.obj
                0x00000000080071c8                HAL_TIM_PWM_PulseFinishedCallback
 .text.HAL_TIM_TriggerCallback
                0x00000000080071dc       0x14 CMakeFiles/Hero.elf.dir/Drivers/STM32F4xx_HAL_Driver/Src/stm32f4xx_hal_tim.c.obj
                0x00000000080071dc                HAL_TIM_TriggerCallback
 .text.TIM_Base_SetConfig
                0x00000000080071f0      0x140 CMakeFiles/Hero.elf.dir/Drivers/STM32F4xx_HAL_Driver/Src/stm32f4xx_hal_tim.c.obj
                0x00000000080071f0                TIM_Base_SetConfig
 .text.TIM_OC1_SetConfig
                0x0000000008007330       0xe0 CMakeFiles/Hero.elf.dir/Drivers/STM32F4xx_HAL_Driver/Src/stm32f4xx_hal_tim.c.obj
 .text.TIM_OC2_SetConfig
                0x0000000008007410       0xec CMakeFiles/Hero.elf.dir/Drivers/STM32F4xx_HAL_Driver/Src/stm32f4xx_hal_tim.c.obj
                0x0000000008007410                TIM_OC2_SetConfig
 .text.TIM_OC3_SetConfig
                0x00000000080074fc       0xe8 CMakeFiles/Hero.elf.dir/Drivers/STM32F4xx_HAL_Driver/Src/stm32f4xx_hal_tim.c.obj
 .text.TIM_OC4_SetConfig
                0x00000000080075e4       0xac CMakeFiles/Hero.elf.dir/Drivers/STM32F4xx_HAL_Driver/Src/stm32f4xx_hal_tim.c.obj
 .text.TIM_CCxChannelCmd
                0x0000000008007690       0x4a CMakeFiles/Hero.elf.dir/Drivers/STM32F4xx_HAL_Driver/Src/stm32f4xx_hal_tim.c.obj
                0x0000000008007690                TIM_CCxChannelCmd
 .text.HAL_TIMEx_MasterConfigSynchronization
                0x00000000080076da       0x8a CMakeFiles/Hero.elf.dir/Drivers/STM32F4xx_HAL_Driver/Src/stm32f4xx_hal_tim_ex.c.obj
                0x00000000080076da                HAL_TIMEx_MasterConfigSynchronization
 .text.HAL_TIMEx_ConfigBreakDeadTime
                0x0000000008007764       0xa4 CMakeFiles/Hero.elf.dir/Drivers/STM32F4xx_HAL_Driver/Src/stm32f4xx_hal_tim_ex.c.obj
                0x0000000008007764                HAL_TIMEx_ConfigBreakDeadTime
 .text.HAL_TIMEx_CommutCallback
                0x0000000008007808       0x14 CMakeFiles/Hero.elf.dir/Drivers/STM32F4xx_HAL_Driver/Src/stm32f4xx_hal_tim_ex.c.obj
                0x0000000008007808                HAL_TIMEx_CommutCallback
 .text.HAL_TIMEx_BreakCallback
                0x000000000800781c       0x14 CMakeFiles/Hero.elf.dir/Drivers/STM32F4xx_HAL_Driver/Src/stm32f4xx_hal_tim_ex.c.obj
                0x000000000800781c                HAL_TIMEx_BreakCallback
 .text.HAL_UART_Init
                0x0000000008007830       0x9a CMakeFiles/Hero.elf.dir/Drivers/STM32F4xx_HAL_Driver/Src/stm32f4xx_hal_uart.c.obj
                0x0000000008007830                HAL_UART_Init
 .text.HAL_UART_Transmit
                0x00000000080078ca      0x132 CMakeFiles/Hero.elf.dir/Drivers/STM32F4xx_HAL_Driver/Src/stm32f4xx_hal_uart.c.obj
                0x00000000080078ca                HAL_UART_Transmit
 .text.HAL_UART_Receive_IT
                0x00000000080079fc       0xaa CMakeFiles/Hero.elf.dir/Drivers/STM32F4xx_HAL_Driver/Src/stm32f4xx_hal_uart.c.obj
                0x00000000080079fc                HAL_UART_Receive_IT
 *fill*         0x0000000008007aa6        0x2 
 .text.HAL_UART_Receive_DMA
                0x0000000008007aa8      0x100 CMakeFiles/Hero.elf.dir/Drivers/STM32F4xx_HAL_Driver/Src/stm32f4xx_hal_uart.c.obj
                0x0000000008007aa8                HAL_UART_Receive_DMA
 .text.HAL_UART_DMAStop
                0x0000000008007ba8       0xb6 CMakeFiles/Hero.elf.dir/Drivers/STM32F4xx_HAL_Driver/Src/stm32f4xx_hal_uart.c.obj
                0x0000000008007ba8                HAL_UART_DMAStop
 *fill*         0x0000000008007c5e        0x2 
 .text.HAL_UART_IRQHandler
                0x0000000008007c60      0x1f8 CMakeFiles/Hero.elf.dir/Drivers/STM32F4xx_HAL_Driver/Src/stm32f4xx_hal_uart.c.obj
                0x0000000008007c60                HAL_UART_IRQHandler
 .text.HAL_UART_TxCpltCallback
                0x0000000008007e58       0x14 CMakeFiles/Hero.elf.dir/Drivers/STM32F4xx_HAL_Driver/Src/stm32f4xx_hal_uart.c.obj
                0x0000000008007e58                HAL_UART_TxCpltCallback
 .text.HAL_UART_RxCpltCallback
                0x0000000008007e6c       0x14 CMakeFiles/Hero.elf.dir/Drivers/STM32F4xx_HAL_Driver/Src/stm32f4xx_hal_uart.c.obj
                0x0000000008007e6c                HAL_UART_RxCpltCallback
 .text.HAL_UART_RxHalfCpltCallback
                0x0000000008007e80       0x14 CMakeFiles/Hero.elf.dir/Drivers/STM32F4xx_HAL_Driver/Src/stm32f4xx_hal_uart.c.obj
                0x0000000008007e80                HAL_UART_RxHalfCpltCallback
 .text.HAL_UART_ErrorCallback
                0x0000000008007e94       0x14 CMakeFiles/Hero.elf.dir/Drivers/STM32F4xx_HAL_Driver/Src/stm32f4xx_hal_uart.c.obj
                0x0000000008007e94                HAL_UART_ErrorCallback
 .text.UART_DMAReceiveCplt
                0x0000000008007ea8       0x68 CMakeFiles/Hero.elf.dir/Drivers/STM32F4xx_HAL_Driver/Src/stm32f4xx_hal_uart.c.obj
 .text.UART_DMARxHalfCplt
                0x0000000008007f10       0x1c CMakeFiles/Hero.elf.dir/Drivers/STM32F4xx_HAL_Driver/Src/stm32f4xx_hal_uart.c.obj
 .text.UART_DMAError
                0x0000000008007f2c       0x94 CMakeFiles/Hero.elf.dir/Drivers/STM32F4xx_HAL_Driver/Src/stm32f4xx_hal_uart.c.obj
 .text.UART_WaitOnFlagUntilTimeout
                0x0000000008007fc0       0x94 CMakeFiles/Hero.elf.dir/Drivers/STM32F4xx_HAL_Driver/Src/stm32f4xx_hal_uart.c.obj
 .text.UART_EndTxTransfer
                0x0000000008008054       0x2c CMakeFiles/Hero.elf.dir/Drivers/STM32F4xx_HAL_Driver/Src/stm32f4xx_hal_uart.c.obj
 .text.UART_EndRxTransfer
                0x0000000008008080       0x3c CMakeFiles/Hero.elf.dir/Drivers/STM32F4xx_HAL_Driver/Src/stm32f4xx_hal_uart.c.obj
 .text.UART_DMAAbortOnError
                0x00000000080080bc       0x28 CMakeFiles/Hero.elf.dir/Drivers/STM32F4xx_HAL_Driver/Src/stm32f4xx_hal_uart.c.obj
 .text.UART_Transmit_IT
                0x00000000080080e4       0xac CMakeFiles/Hero.elf.dir/Drivers/STM32F4xx_HAL_Driver/Src/stm32f4xx_hal_uart.c.obj
 .text.UART_EndTransmit_IT
                0x0000000008008190       0x30 CMakeFiles/Hero.elf.dir/Drivers/STM32F4xx_HAL_Driver/Src/stm32f4xx_hal_uart.c.obj
 .text.UART_Receive_IT
                0x00000000080081c0      0x102 CMakeFiles/Hero.elf.dir/Drivers/STM32F4xx_HAL_Driver/Src/stm32f4xx_hal_uart.c.obj
 *fill*         0x00000000080082c2        0x2 
 .text.UART_SetConfig
                0x00000000080082c4      0x414 CMakeFiles/Hero.elf.dir/Drivers/STM32F4xx_HAL_Driver/Src/stm32f4xx_hal_uart.c.obj
 .text._ZN6KalmanC2Ev
                0x00000000080086d8       0x64 CMakeFiles/Hero.elf.dir/Middlewares/Arithmetic/KalmanFilter/Kalman.cpp.obj
                0x00000000080086d8                Kalman::Kalman()
                0x00000000080086d8                Kalman::Kalman()
 .text._ZN6Kalman8getAngleEfff
                0x000000000800873c      0x1f8 CMakeFiles/Hero.elf.dir/Middlewares/Arithmetic/KalmanFilter/Kalman.cpp.obj
                0x000000000800873c                Kalman::getAngle(float, float, float)
 .text._ZN6Kalman9setQangleEf
                0x0000000008008934       0x1e CMakeFiles/Hero.elf.dir/Middlewares/Arithmetic/KalmanFilter/Kalman.cpp.obj
                0x0000000008008934                Kalman::setQangle(float)
 .text._ZN3PID9calculateEf
                0x0000000008008952      0x188 CMakeFiles/Hero.elf.dir/Middlewares/Arithmetic/PID/PID.cpp.obj
                0x0000000008008952                PID::calculate(float)
 .text._ZN3PIDC2Ettfsfff
                0x0000000008008ada       0xa2 CMakeFiles/Hero.elf.dir/Middlewares/Arithmetic/PID/PID.cpp.obj
                0x0000000008008ada                PID::PID(unsigned short, unsigned short, float, short, float, float, float)
                0x0000000008008ada                PID::PID(unsigned short, unsigned short, float, short, float, float, float)
 .text._ZN3PID9setTargetEf
                0x0000000008008b7c       0x1e CMakeFiles/Hero.elf.dir/Middlewares/Arithmetic/PID/PID.cpp.obj
                0x0000000008008b7c                PID::setTarget(float)
 .text._ZN3PID9setOutMaxEt
                0x0000000008008b9a       0x28 CMakeFiles/Hero.elf.dir/Middlewares/Arithmetic/PID/PID.cpp.obj
                0x0000000008008b9a                PID::setOutMax(unsigned short)
 .text._ZN3PID9getOutMaxEv
                0x0000000008008bc2       0x1e CMakeFiles/Hero.elf.dir/Middlewares/Arithmetic/PID/PID.cpp.obj
                0x0000000008008bc2                PID::getOutMax()
 .text._ZN16AttitudeListener6updataEv
                0x0000000008008be0       0x24 CMakeFiles/Hero.elf.dir/Middlewares/AttitudeListenner/AttitudeListener.cpp.obj
                0x0000000008008be0                AttitudeListener::updata()
 .text._ZN16AttitudeListener4InitEv
                0x0000000008008c04       0x50 CMakeFiles/Hero.elf.dir/Middlewares/AttitudeListenner/AttitudeListener.cpp.obj
                0x0000000008008c04                AttitudeListener::Init()
 .text._ZN16AttitudeListener6getImuEv
                0x0000000008008c54       0x1c CMakeFiles/Hero.elf.dir/Middlewares/AttitudeListenner/AttitudeListener.cpp.obj
                0x0000000008008c54                AttitudeListener::getImu()
 .text._ZN16AttitudeListener6IsBusyEv
                0x0000000008008c70       0x18 CMakeFiles/Hero.elf.dir/Middlewares/AttitudeListenner/AttitudeListener.cpp.obj
                0x0000000008008c70                AttitudeListener::IsBusy()
 .text._Z20AttitudeListenerTaskPKv
                0x0000000008008c88       0x68 CMakeFiles/Hero.elf.dir/Middlewares/AttitudeListenner/AttitudeListener.cpp.obj
                0x0000000008008c88                AttitudeListenerTask(void const*)
 .text._ZN11CanPortListC2Ev
                0x0000000008008cf0       0x24 CMakeFiles/Hero.elf.dir/Middlewares/CanBusManager/CanBusManger.cpp.obj
                0x0000000008008cf0                CanPortList::CanPortList()
                0x0000000008008cf0                CanPortList::CanPortList()
 .text._ZN12CanBusManger4InitEv
                0x0000000008008d14      0x160 CMakeFiles/Hero.elf.dir/Middlewares/CanBusManager/CanBusManger.cpp.obj
                0x0000000008008d14                CanBusManger::Init()
 .text._ZN12CanBusManger6UpdataEv
                0x0000000008008e74       0x74 CMakeFiles/Hero.elf.dir/Middlewares/CanBusManager/CanBusManger.cpp.obj
                0x0000000008008e74                CanBusManger::Updata()
 .text._ZN12CanBusManger12SendData_200Ev
                0x0000000008008ee8       0x48 CMakeFiles/Hero.elf.dir/Middlewares/CanBusManager/CanBusManger.cpp.obj
                0x0000000008008ee8                CanBusManger::SendData_200()
 .text._ZN12CanBusManger12SendData_1ffEv
                0x0000000008008f30       0x48 CMakeFiles/Hero.elf.dir/Middlewares/CanBusManager/CanBusManger.cpp.obj
                0x0000000008008f30                CanBusManger::SendData_1ff()
 .text._ZN12CanBusManger12SendData_2ffEv
                0x0000000008008f78       0x48 CMakeFiles/Hero.elf.dir/Middlewares/CanBusManager/CanBusManger.cpp.obj
                0x0000000008008f78                CanBusManger::SendData_2ff()
 .text._ZN12CanBusManger11GetPortListEv
                0x0000000008008fc0       0x18 CMakeFiles/Hero.elf.dir/Middlewares/CanBusManager/CanBusManger.cpp.obj
                0x0000000008008fc0                CanBusManger::GetPortList()
 .text._ZN12CanBusManger11TxBufUpdateEt
                0x0000000008008fd8      0x2bc CMakeFiles/Hero.elf.dir/Middlewares/CanBusManager/CanBusManger.cpp.obj
                0x0000000008008fd8                CanBusManger::TxBufUpdate(unsigned short)
 .text._ZN12CanBusManger10IsCan1PortEt
                0x0000000008009294       0x50 CMakeFiles/Hero.elf.dir/Middlewares/CanBusManager/CanBusManger.cpp.obj
                0x0000000008009294                CanBusManger::IsCan1Port(unsigned short)
 .text._ZN12CanBusManger10IsCan2PortEt
                0x00000000080092e4       0x50 CMakeFiles/Hero.elf.dir/Middlewares/CanBusManager/CanBusManger.cpp.obj
                0x00000000080092e4                CanBusManger::IsCan2Port(unsigned short)
 .text._ZN12CanBusManger11printDriverEv
                0x0000000008009334       0x84 CMakeFiles/Hero.elf.dir/Middlewares/CanBusManager/CanBusManger.cpp.obj
                0x0000000008009334                CanBusManger::printDriver()
 .text._Z16CanBusMangerCallPKv
                0x00000000080093b8       0x82 CMakeFiles/Hero.elf.dir/Middlewares/CanBusManager/CanBusManger.cpp.obj
                0x00000000080093b8                CanBusMangerCall(void const*)
 *fill*         0x000000000800943a        0x2 
 .text._ZN9Plus_ListIP7CanPortEC2Ev
                0x000000000800943c       0x30 CMakeFiles/Hero.elf.dir/Middlewares/CanBusManager/CanBusManger.cpp.obj
                0x000000000800943c                Plus_List<CanPort*>::Plus_List()
                0x000000000800943c                Plus_List<CanPort*>::Plus_List()
 .text._ZN9Plus_ListIP7CanPortE3addES1_
                0x000000000800946c       0x4a CMakeFiles/Hero.elf.dir/Middlewares/CanBusManager/CanBusManger.cpp.obj
                0x000000000800946c                Plus_List<CanPort*>::add(CanPort*)
 .text._ZN9Plus_ListIP7CanPortE3getEt
                0x00000000080094b6       0x48 CMakeFiles/Hero.elf.dir/Middlewares/CanBusManager/CanBusManger.cpp.obj
                0x00000000080094b6                Plus_List<CanPort*>::get(unsigned short)
 .text._ZN4nodeIP7CanPortEC2Ev
                0x00000000080094fe       0x1c CMakeFiles/Hero.elf.dir/Middlewares/CanBusManager/CanBusManger.cpp.obj
                0x00000000080094fe                node<CanPort*>::node()
                0x00000000080094fe                node<CanPort*>::node()
 .text._ZN4nodeIP7CanPortEC2ES1_
                0x000000000800951a       0x24 CMakeFiles/Hero.elf.dir/Middlewares/CanBusManager/CanBusManger.cpp.obj
                0x000000000800951a                node<CanPort*>::node(CanPort*)
                0x000000000800951a                node<CanPort*>::node(CanPort*)
 .text._ZN9Plus_ListIP7CanPortE5indexES1_
                0x000000000800953e       0x4a CMakeFiles/Hero.elf.dir/Middlewares/CanBusManager/CanBusManger.cpp.obj
                0x000000000800953e                Plus_List<CanPort*>::index(CanPort*)
 .text._ZN11CanListenerC2Et
                0x0000000008009588       0x2c CMakeFiles/Hero.elf.dir/Middlewares/CanBusManager/CanListener/CanListener.cpp.obj
                0x0000000008009588                CanListener::CanListener(unsigned short)
                0x0000000008009588                CanListener::CanListener(unsigned short)
 .text._ZN11CanListener7GetDataEv
                0x00000000080095b4       0x1c CMakeFiles/Hero.elf.dir/Middlewares/CanBusManager/CanListener/CanListener.cpp.obj
                0x00000000080095b4                CanListener::GetData()
 .text._ZN11CanListener9WriteDataEs
                0x00000000080095d0       0x24 CMakeFiles/Hero.elf.dir/Middlewares/CanBusManager/CanListener/CanListener.cpp.obj
                0x00000000080095d0                CanListener::WriteData(short)
 .text._ZN11CanListener8isOnlineEv
                0x00000000080095f4       0x1c CMakeFiles/Hero.elf.dir/Middlewares/CanBusManager/CanListener/CanListener.cpp.obj
                0x00000000080095f4                CanListener::isOnline()
 .text._ZN7CanPortC2Et
                0x0000000008009610       0x34 CMakeFiles/Hero.elf.dir/Middlewares/CanBusManager/CanPort/CanPort.cpp.obj
                0x0000000008009610                CanPort::CanPort(unsigned short)
                0x0000000008009610                CanPort::CanPort(unsigned short)
 .text._ZN7CanPort9GetRxDataEv
                0x0000000008009644       0x18 CMakeFiles/Hero.elf.dir/Middlewares/CanBusManager/CanPort/CanPort.cpp.obj
                0x0000000008009644                CanPort::GetRxData()
 .text._ZN7CanPort9GetTxDataEv
                0x000000000800965c       0x18 CMakeFiles/Hero.elf.dir/Middlewares/CanBusManager/CanPort/CanPort.cpp.obj
                0x000000000800965c                CanPort::GetTxData()
 .text._ZN7CanPort5GetIDEv
                0x0000000008009674       0x18 CMakeFiles/Hero.elf.dir/Middlewares/CanBusManager/CanPort/CanPort.cpp.obj
                0x0000000008009674                CanPort::GetID()
 .text._ZN7CanPort9WriteDataEs
                0x000000000800968c       0x2c CMakeFiles/Hero.elf.dir/Middlewares/CanBusManager/CanPort/CanPort.cpp.obj
                0x000000000800968c                CanPort::WriteData(short)
 .text._ZN7CanPort11ReceiveDataEPh
                0x00000000080096b8       0x42 CMakeFiles/Hero.elf.dir/Middlewares/CanBusManager/CanPort/CanPort.cpp.obj
                0x00000000080096b8                CanPort::ReceiveData(unsigned char*)
 .text._ZN7CanPort11ClearTxDataEv
                0x00000000080096fa       0x20 CMakeFiles/Hero.elf.dir/Middlewares/CanBusManager/CanPort/CanPort.cpp.obj
                0x00000000080096fa                CanPort::ClearTxData()
 .text._ZN7CanPort11ClearRxDataEv
                0x000000000800971a       0x32 CMakeFiles/Hero.elf.dir/Middlewares/CanBusManager/CanPort/CanPort.cpp.obj
                0x000000000800971a                CanPort::ClearRxData()
 .text._ZN7CanPort8isOnlineEv
                0x000000000800974c       0x18 CMakeFiles/Hero.elf.dir/Middlewares/CanBusManager/CanPort/CanPort.cpp.obj
                0x000000000800974c                CanPort::isOnline()
 .text._ZN11CanPortList8getForIdEt
                0x0000000008009764       0x7a CMakeFiles/Hero.elf.dir/Middlewares/CanBusManager/CanPort/CanPortList.cpp.obj
                0x0000000008009764                CanPortList::getForId(unsigned short)
 .text._ZN9Plus_ListIP7CanPortE6lengthEv
                0x00000000080097de       0x36 CMakeFiles/Hero.elf.dir/Middlewares/CanBusManager/CanPort/CanPortList.cpp.obj
                0x00000000080097de                Plus_List<CanPort*>::length()
 .text._ZN8CanTxBuf3SetEhh
                0x0000000008009814       0x24 CMakeFiles/Hero.elf.dir/Middlewares/CanBusManager/CanTxBuf/CanTxBuf.cpp.obj
                0x0000000008009814                CanTxBuf::Set(unsigned char, unsigned char)
 .text._ZN8CanTxBuf3GetEv
                0x0000000008009838       0x16 CMakeFiles/Hero.elf.dir/Middlewares/CanBusManager/CanTxBuf/CanTxBuf.cpp.obj
                0x0000000008009838                CanTxBuf::Get()
 *fill*         0x000000000800984e        0x2 
 .text._ZN11CourtSystem4InitEv
                0x0000000008009850       0x38 CMakeFiles/Hero.elf.dir/Middlewares/CourtSystem/CourtSystem.cpp.obj
                0x0000000008009850                CourtSystem::Init()
 .text._ZN11CourtSystem16GetPowerHeatDataEv
                0x0000000008009888       0x14 CMakeFiles/Hero.elf.dir/Middlewares/CourtSystem/CourtSystem.cpp.obj
                0x0000000008009888                CourtSystem::GetPowerHeatData()
 .text._ZN18ChassisControlUnit4InitEv
                0x000000000800989c      0x1bc CMakeFiles/Hero.elf.dir/Middlewares/MotorControlSystem/ChassisControlUnit/ChassisControlUnit.cpp.obj
                0x000000000800989c                ChassisControlUnit::Init()
 .text._ZN18ChassisControlUnit13UpdateCanParmEv
                0x0000000008009a58       0x40 CMakeFiles/Hero.elf.dir/Middlewares/MotorControlSystem/ChassisControlUnit/ChassisControlUnit.cpp.obj
                0x0000000008009a58                ChassisControlUnit::UpdateCanParm()
 .text._ZN18ChassisControlUnit26UpdateControlParmForRemoteEv
                0x0000000008009a98      0x11c CMakeFiles/Hero.elf.dir/Middlewares/MotorControlSystem/ChassisControlUnit/ChassisControlUnit.cpp.obj
                0x0000000008009a98                ChassisControlUnit::UpdateControlParmForRemote()
 *fill*         0x0000000008009bb4        0x4 
 .text._ZN18ChassisControlUnit22RunMotorForControlParmEv
                0x0000000008009bb8      0x5d4 CMakeFiles/Hero.elf.dir/Middlewares/MotorControlSystem/ChassisControlUnit/ChassisControlUnit.cpp.obj
                0x0000000008009bb8                ChassisControlUnit::RunMotorForControlParm()
 .text._ZN18ChassisControlUnit8IsOnlineEv
                0x000000000800a18c       0x9c CMakeFiles/Hero.elf.dir/Middlewares/MotorControlSystem/ChassisControlUnit/ChassisControlUnit.cpp.obj
                0x000000000800a18c                ChassisControlUnit::IsOnline()
 .text._ZN18ChassisControlUnit9IsRevolveEv
                0x000000000800a228       0x20 CMakeFiles/Hero.elf.dir/Middlewares/MotorControlSystem/ChassisControlUnit/ChassisControlUnit.cpp.obj
                0x000000000800a228                ChassisControlUnit::IsRevolve()
 .text._ZN18ChassisControlUnit22UpdateControlParmForPCEv
                0x000000000800a248      0x564 CMakeFiles/Hero.elf.dir/Middlewares/MotorControlSystem/ChassisControlUnit/ChassisControlUnit.cpp.obj
                0x000000000800a248                ChassisControlUnit::UpdateControlParmForPC()
 .text._ZN9Plus_ListIP5C6020EC2Ev
                0x000000000800a7ac       0x30 CMakeFiles/Hero.elf.dir/Middlewares/MotorControlSystem/ChassisControlUnit/ChassisControlUnit.cpp.obj
                0x000000000800a7ac                Plus_List<C6020*>::Plus_List()
                0x000000000800a7ac                Plus_List<C6020*>::Plus_List()
 .text._ZN9Plus_ListIP5C6020E3addES1_
                0x000000000800a7dc       0x4a CMakeFiles/Hero.elf.dir/Middlewares/MotorControlSystem/ChassisControlUnit/ChassisControlUnit.cpp.obj
                0x000000000800a7dc                Plus_List<C6020*>::add(C6020*)
 .text._ZN9Plus_ListIP5C6020E3getEt
                0x000000000800a826       0x48 CMakeFiles/Hero.elf.dir/Middlewares/MotorControlSystem/ChassisControlUnit/ChassisControlUnit.cpp.obj
                0x000000000800a826                Plus_List<C6020*>::get(unsigned short)
 .text._ZN4nodeIP5C6020EC2Ev
                0x000000000800a86e       0x1c CMakeFiles/Hero.elf.dir/Middlewares/MotorControlSystem/ChassisControlUnit/ChassisControlUnit.cpp.obj
                0x000000000800a86e                node<C6020*>::node()
                0x000000000800a86e                node<C6020*>::node()
 .text._ZN4nodeIP5C6020EC2ES1_
                0x000000000800a88a       0x24 CMakeFiles/Hero.elf.dir/Middlewares/MotorControlSystem/ChassisControlUnit/ChassisControlUnit.cpp.obj
                0x000000000800a88a                node<C6020*>::node(C6020*)
                0x000000000800a88a                node<C6020*>::node(C6020*)
 .text._ZN9Plus_ListIP5C6020E5indexES1_
                0x000000000800a8ae       0x4a CMakeFiles/Hero.elf.dir/Middlewares/MotorControlSystem/ChassisControlUnit/ChassisControlUnit.cpp.obj
                0x000000000800a8ae                Plus_List<C6020*>::index(C6020*)
 .text._ZN17HolderControlUnit4InitEv
                0x000000000800a8f8      0x1ac CMakeFiles/Hero.elf.dir/Middlewares/MotorControlSystem/HolderControlUnit/HolderControlUnit.cpp.obj
                0x000000000800a8f8                HolderControlUnit::Init()
 .text._ZN17HolderControlUnit6RunYawEf
                0x000000000800aaa4      0x1d0 CMakeFiles/Hero.elf.dir/Middlewares/MotorControlSystem/HolderControlUnit/HolderControlUnit.cpp.obj
                0x000000000800aaa4                HolderControlUnit::RunYaw(float)
 .text._ZN17HolderControlUnit8IsOnlineEv
                0x000000000800ac74       0x48 CMakeFiles/Hero.elf.dir/Middlewares/MotorControlSystem/HolderControlUnit/HolderControlUnit.cpp.obj
                0x000000000800ac74                HolderControlUnit::IsOnline()
 .text._ZN17HolderControlUnit13UpdateCanParmEv
                0x000000000800acbc      0x118 CMakeFiles/Hero.elf.dir/Middlewares/MotorControlSystem/HolderControlUnit/HolderControlUnit.cpp.obj
                0x000000000800acbc                HolderControlUnit::UpdateCanParm()
 .text._ZN17HolderControlUnit8RunPitchEf
                0x000000000800add4      0x120 CMakeFiles/Hero.elf.dir/Middlewares/MotorControlSystem/HolderControlUnit/HolderControlUnit.cpp.obj
                0x000000000800add4                HolderControlUnit::RunPitch(float)
 .text._ZN17HolderControlUnit22UpdateControlParmForPCEv
                0x000000000800aef4      0x274 CMakeFiles/Hero.elf.dir/Middlewares/MotorControlSystem/HolderControlUnit/HolderControlUnit.cpp.obj
                0x000000000800aef4                HolderControlUnit::UpdateControlParmForPC()
 .text._ZN17HolderControlUnit23RunHolderForControlParmEv
                0x000000000800b168       0x2c CMakeFiles/Hero.elf.dir/Middlewares/MotorControlSystem/HolderControlUnit/HolderControlUnit.cpp.obj
                0x000000000800b168                HolderControlUnit::RunHolderForControlParm()
 .text._ZN17HolderControlUnit26UpdateControlParmForRemoteEv
                0x000000000800b194       0x30 CMakeFiles/Hero.elf.dir/Middlewares/MotorControlSystem/HolderControlUnit/HolderControlUnit.cpp.obj
                0x000000000800b194                HolderControlUnit::UpdateControlParmForRemote()
 .text._ZN18MotorControlSystem4InitEv
                0x000000000800b1c4       0xa4 CMakeFiles/Hero.elf.dir/Middlewares/MotorControlSystem/MotorControlSystem.cpp.obj
                0x000000000800b1c4                MotorControlSystem::Init()
 .text._ZN18MotorControlSystem13UpdateCanParmEv
                0x000000000800b268       0x14 CMakeFiles/Hero.elf.dir/Middlewares/MotorControlSystem/MotorControlSystem.cpp.obj
                0x000000000800b268                MotorControlSystem::UpdateCanParm()
 .text._ZN18MotorControlSystem17UpdateControlParmEv
                0x000000000800b27c       0x46 CMakeFiles/Hero.elf.dir/Middlewares/MotorControlSystem/MotorControlSystem.cpp.obj
                0x000000000800b27c                MotorControlSystem::UpdateControlParm()
 .text._ZN18MotorControlSystem10RunChassisEv
                0x000000000800b2c2        0xc CMakeFiles/Hero.elf.dir/Middlewares/MotorControlSystem/MotorControlSystem.cpp.obj
                0x000000000800b2c2                MotorControlSystem::RunChassis()
 .text._ZN18MotorControlSystem13ChassisOnlineEv
                0x000000000800b2ce        0xe CMakeFiles/Hero.elf.dir/Middlewares/MotorControlSystem/MotorControlSystem.cpp.obj
                0x000000000800b2ce                MotorControlSystem::ChassisOnline()
 .text._ZN18MotorControlSystem12HolderOnlineEv
                0x000000000800b2dc        0xe CMakeFiles/Hero.elf.dir/Middlewares/MotorControlSystem/MotorControlSystem.cpp.obj
                0x000000000800b2dc                MotorControlSystem::HolderOnline()
 .text._ZN18MotorControlSystem9RunHolderEv
                0x000000000800b2ea        0xc CMakeFiles/Hero.elf.dir/Middlewares/MotorControlSystem/MotorControlSystem.cpp.obj
                0x000000000800b2ea                MotorControlSystem::RunHolder()
 .text._ZN18MotorControlSystem11ShootOnlineEv
                0x000000000800b2f6        0xe CMakeFiles/Hero.elf.dir/Middlewares/MotorControlSystem/MotorControlSystem.cpp.obj
                0x000000000800b2f6                MotorControlSystem::ShootOnline()
 .text._ZN18MotorControlSystem8RunShootEv
                0x000000000800b304        0xc CMakeFiles/Hero.elf.dir/Middlewares/MotorControlSystem/MotorControlSystem.cpp.obj
                0x000000000800b304                MotorControlSystem::RunShoot()
 .text._Z17ChassisControllerPKv
                0x000000000800b310       0x1e CMakeFiles/Hero.elf.dir/Middlewares/MotorControlSystem/MotorControlSystem.cpp.obj
                0x000000000800b310                ChassisController(void const*)
 .text._Z16HolderControllerPKv
                0x000000000800b32e       0x1e CMakeFiles/Hero.elf.dir/Middlewares/MotorControlSystem/MotorControlSystem.cpp.obj
                0x000000000800b32e                HolderController(void const*)
 .text._Z15ShootControllerPKv
                0x000000000800b34c       0x1e CMakeFiles/Hero.elf.dir/Middlewares/MotorControlSystem/MotorControlSystem.cpp.obj
                0x000000000800b34c                ShootController(void const*)
 *fill*         0x000000000800b36a        0x2 
 .text._ZN16ShootControlUnit4InitEv
                0x000000000800b36c      0x1b0 CMakeFiles/Hero.elf.dir/Middlewares/MotorControlSystem/ShootControlUnit/ShootControlUnit.cpp.obj
                0x000000000800b36c                ShootControlUnit::Init()
 .text._ZN16ShootControlUnit14OpenShootMotorEv
                0x000000000800b51c      0x108 CMakeFiles/Hero.elf.dir/Middlewares/MotorControlSystem/ShootControlUnit/ShootControlUnit.cpp.obj
                0x000000000800b51c                ShootControlUnit::OpenShootMotor()
 .text._ZN16ShootControlUnit13UpdateCanParmEv
                0x000000000800b624       0x34 CMakeFiles/Hero.elf.dir/Middlewares/MotorControlSystem/ShootControlUnit/ShootControlUnit.cpp.obj
                0x000000000800b624                ShootControlUnit::UpdateCanParm()
 .text._ZN16ShootControlUnit26UpdateControlParmForRemoteEv
                0x000000000800b658       0x54 CMakeFiles/Hero.elf.dir/Middlewares/MotorControlSystem/ShootControlUnit/ShootControlUnit.cpp.obj
                0x000000000800b658                ShootControlUnit::UpdateControlParmForRemote()
 .text._ZN16ShootControlUnit8IsOnlineEv
                0x000000000800b6ac       0x20 CMakeFiles/Hero.elf.dir/Middlewares/MotorControlSystem/ShootControlUnit/ShootControlUnit.cpp.obj
                0x000000000800b6ac                ShootControlUnit::IsOnline()
 .text._ZN16ShootControlUnit22RunShootForControlParmEv
                0x000000000800b6cc       0xdc CMakeFiles/Hero.elf.dir/Middlewares/MotorControlSystem/ShootControlUnit/ShootControlUnit.cpp.obj
                0x000000000800b6cc                ShootControlUnit::RunShootForControlParm()
 .text._ZN16ShootControlUnit22UpdateControlParmForPCEv
                0x000000000800b7a8       0x3c CMakeFiles/Hero.elf.dir/Middlewares/MotorControlSystem/ShootControlUnit/ShootControlUnit.cpp.obj
                0x000000000800b7a8                ShootControlUnit::UpdateControlParmForPC()
 .text._ZN16ShootControlUnit5OnBigEv
                0x000000000800b7e4       0x30 CMakeFiles/Hero.elf.dir/Middlewares/MotorControlSystem/ShootControlUnit/ShootControlUnit.cpp.obj
                0x000000000800b7e4                ShootControlUnit::OnBig()
 .text._ZN16ShootControlUnit6OffBigEv
                0x000000000800b814       0x20 CMakeFiles/Hero.elf.dir/Middlewares/MotorControlSystem/ShootControlUnit/ShootControlUnit.cpp.obj
                0x000000000800b814                ShootControlUnit::OffBig()
 .text._ZN14RemoteListener4InitEv
                0x000000000800b834       0x7c CMakeFiles/Hero.elf.dir/Middlewares/RemoteListener/RemoteListener.cpp.obj
                0x000000000800b834                RemoteListener::Init()
 .text._ZN14RemoteListener11ReceiveDataEv
                0x000000000800b8b0      0x1a4 CMakeFiles/Hero.elf.dir/Middlewares/RemoteListener/RemoteListener.cpp.obj
                0x000000000800b8b0                RemoteListener::ReceiveData()
 .text._ZN14RemoteListener8IsOnlineEv
                0x000000000800ba54       0x80 CMakeFiles/Hero.elf.dir/Middlewares/RemoteListener/RemoteListener.cpp.obj
                0x000000000800ba54                RemoteListener::IsOnline()
 .text._ZN14RemoteListener7HaveKeyE3KEY
                0x000000000800bad4       0x40 CMakeFiles/Hero.elf.dir/Middlewares/RemoteListener/RemoteListener.cpp.obj
                0x000000000800bad4                RemoteListener::HaveKey(KEY)
 .text._ZN14RemoteListener7GetDataEv
                0x000000000800bb14       0x2c CMakeFiles/Hero.elf.dir/Middlewares/RemoteListener/RemoteListener.cpp.obj
                0x000000000800bb14                RemoteListener::GetData()
 .text._Z18RemoteListenerCallPKv
                0x000000000800bb40       0x22 CMakeFiles/Hero.elf.dir/Middlewares/RemoteListener/RemoteListener.cpp.obj
                0x000000000800bb40                RemoteListenerCall(void const*)
 .text.makeFreeRtosPriority
                0x000000000800bb62       0x30 CMakeFiles/Hero.elf.dir/Middlewares/Third_Party/FreeRTOS/Source/CMSIS_RTOS/cmsis_os.c.obj
 .text.inHandlerMode
                0x000000000800bb92       0x24 CMakeFiles/Hero.elf.dir/Middlewares/Third_Party/FreeRTOS/Source/CMSIS_RTOS/cmsis_os.c.obj
 .text.osKernelStart
                0x000000000800bbb6        0xe CMakeFiles/Hero.elf.dir/Middlewares/Third_Party/FreeRTOS/Source/CMSIS_RTOS/cmsis_os.c.obj
                0x000000000800bbb6                osKernelStart
 .text.osThreadCreate
                0x000000000800bbc4       0x98 CMakeFiles/Hero.elf.dir/Middlewares/Third_Party/FreeRTOS/Source/CMSIS_RTOS/cmsis_os.c.obj
                0x000000000800bbc4                osThreadCreate
 .text.osDelay  0x000000000800bc5c       0x28 CMakeFiles/Hero.elf.dir/Middlewares/Third_Party/FreeRTOS/Source/CMSIS_RTOS/cmsis_os.c.obj
                0x000000000800bc5c                osDelay
 .text.osThreadSuspend
                0x000000000800bc84       0x18 CMakeFiles/Hero.elf.dir/Middlewares/Third_Party/FreeRTOS/Source/CMSIS_RTOS/cmsis_os.c.obj
                0x000000000800bc84                osThreadSuspend
 .text.osThreadResume
                0x000000000800bc9c       0x44 CMakeFiles/Hero.elf.dir/Middlewares/Third_Party/FreeRTOS/Source/CMSIS_RTOS/cmsis_os.c.obj
                0x000000000800bc9c                osThreadResume
 .text.vListInitialise
                0x000000000800bce0       0x40 CMakeFiles/Hero.elf.dir/Middlewares/Third_Party/FreeRTOS/Source/list.c.obj
                0x000000000800bce0                vListInitialise
 .text.vListInitialiseItem
                0x000000000800bd20       0x1a CMakeFiles/Hero.elf.dir/Middlewares/Third_Party/FreeRTOS/Source/list.c.obj
                0x000000000800bd20                vListInitialiseItem
 .text.vListInsertEnd
                0x000000000800bd3a       0x48 CMakeFiles/Hero.elf.dir/Middlewares/Third_Party/FreeRTOS/Source/list.c.obj
                0x000000000800bd3a                vListInsertEnd
 .text.vListInsert
                0x000000000800bd82       0x72 CMakeFiles/Hero.elf.dir/Middlewares/Third_Party/FreeRTOS/Source/list.c.obj
                0x000000000800bd82                vListInsert
 .text.uxListRemove
                0x000000000800bdf4       0x54 CMakeFiles/Hero.elf.dir/Middlewares/Third_Party/FreeRTOS/Source/list.c.obj
                0x000000000800bdf4                uxListRemove
 .text.pxPortInitialiseStack
                0x000000000800be48       0x68 CMakeFiles/Hero.elf.dir/Middlewares/Third_Party/FreeRTOS/Source/portable/GCC/ARM_CM4F/port.c.obj
                0x000000000800be48                pxPortInitialiseStack
 .text.prvTaskExitError
                0x000000000800beb0       0x54 CMakeFiles/Hero.elf.dir/Middlewares/Third_Party/FreeRTOS/Source/portable/GCC/ARM_CM4F/port.c.obj
 *fill*         0x000000000800bf04        0xc 
 .text.SVC_Handler
                0x000000000800bf10       0x28 CMakeFiles/Hero.elf.dir/Middlewares/Third_Party/FreeRTOS/Source/portable/GCC/ARM_CM4F/port.c.obj
                0x000000000800bf10                SVC_Handler
 .text.prvPortStartFirstTask
                0x000000000800bf38       0x28 CMakeFiles/Hero.elf.dir/Middlewares/Third_Party/FreeRTOS/Source/portable/GCC/ARM_CM4F/port.c.obj
 .text.xPortStartScheduler
                0x000000000800bf60      0x13c CMakeFiles/Hero.elf.dir/Middlewares/Third_Party/FreeRTOS/Source/portable/GCC/ARM_CM4F/port.c.obj
                0x000000000800bf60                xPortStartScheduler
 .text.vPortEnterCritical
                0x000000000800c09c       0x5c CMakeFiles/Hero.elf.dir/Middlewares/Third_Party/FreeRTOS/Source/portable/GCC/ARM_CM4F/port.c.obj
                0x000000000800c09c                vPortEnterCritical
 .text.vPortExitCritical
                0x000000000800c0f8       0x50 CMakeFiles/Hero.elf.dir/Middlewares/Third_Party/FreeRTOS/Source/portable/GCC/ARM_CM4F/port.c.obj
                0x000000000800c0f8                vPortExitCritical
 *fill*         0x000000000800c148        0x8 
 .text.PendSV_Handler
                0x000000000800c150       0x68 CMakeFiles/Hero.elf.dir/Middlewares/Third_Party/FreeRTOS/Source/portable/GCC/ARM_CM4F/port.c.obj
                0x000000000800c150                PendSV_Handler
 .text.SysTick_Handler
                0x000000000800c1b8       0x40 CMakeFiles/Hero.elf.dir/Middlewares/Third_Party/FreeRTOS/Source/portable/GCC/ARM_CM4F/port.c.obj
                0x000000000800c1b8                SysTick_Handler
 .text.vPortSetupTimerInterrupt
                0x000000000800c1f8       0x48 CMakeFiles/Hero.elf.dir/Middlewares/Third_Party/FreeRTOS/Source/portable/GCC/ARM_CM4F/port.c.obj
                0x000000000800c1f8                vPortSetupTimerInterrupt
 .text.vPortEnableVFP
                0x000000000800c240       0x14 CMakeFiles/Hero.elf.dir/Middlewares/Third_Party/FreeRTOS/Source/portable/GCC/ARM_CM4F/port.c.obj
 .text.vPortValidateInterruptPriority
                0x000000000800c254       0x7c CMakeFiles/Hero.elf.dir/Middlewares/Third_Party/FreeRTOS/Source/portable/GCC/ARM_CM4F/port.c.obj
                0x000000000800c254                vPortValidateInterruptPriority
 .text.pvPortMalloc
                0x000000000800c2d0      0x184 CMakeFiles/Hero.elf.dir/Middlewares/Third_Party/FreeRTOS/Source/portable/MemMang/heap_4.c.obj
                0x000000000800c2d0                pvPortMalloc
 .text.vPortFree
                0x000000000800c454       0xb0 CMakeFiles/Hero.elf.dir/Middlewares/Third_Party/FreeRTOS/Source/portable/MemMang/heap_4.c.obj
                0x000000000800c454                vPortFree
 .text.prvHeapInit
                0x000000000800c504       0xc4 CMakeFiles/Hero.elf.dir/Middlewares/Third_Party/FreeRTOS/Source/portable/MemMang/heap_4.c.obj
 .text.prvInsertBlockIntoFreeList
                0x000000000800c5c8       0xb4 CMakeFiles/Hero.elf.dir/Middlewares/Third_Party/FreeRTOS/Source/portable/MemMang/heap_4.c.obj
 .text.xTaskCreateStatic
                0x000000000800c67c       0xb2 CMakeFiles/Hero.elf.dir/Middlewares/Third_Party/FreeRTOS/Source/tasks.c.obj
                0x000000000800c67c                xTaskCreateStatic
 .text.xTaskCreate
                0x000000000800c72e       0x8a CMakeFiles/Hero.elf.dir/Middlewares/Third_Party/FreeRTOS/Source/tasks.c.obj
                0x000000000800c72e                xTaskCreate
 .text.prvInitialiseNewTask
                0x000000000800c7b8       0xfc CMakeFiles/Hero.elf.dir/Middlewares/Third_Party/FreeRTOS/Source/tasks.c.obj
 .text.prvAddNewTaskToReadyList
                0x000000000800c8b4       0xd4 CMakeFiles/Hero.elf.dir/Middlewares/Third_Party/FreeRTOS/Source/tasks.c.obj
 .text.vTaskDelay
                0x000000000800c988       0x68 CMakeFiles/Hero.elf.dir/Middlewares/Third_Party/FreeRTOS/Source/tasks.c.obj
                0x000000000800c988                vTaskDelay
 .text.vTaskSuspend
                0x000000000800c9f0      0x124 CMakeFiles/Hero.elf.dir/Middlewares/Third_Party/FreeRTOS/Source/tasks.c.obj
                0x000000000800c9f0                vTaskSuspend
 .text.prvTaskIsTaskSuspended
                0x000000000800cb14       0x74 CMakeFiles/Hero.elf.dir/Middlewares/Third_Party/FreeRTOS/Source/tasks.c.obj
 .text.vTaskResume
                0x000000000800cb88       0xb8 CMakeFiles/Hero.elf.dir/Middlewares/Third_Party/FreeRTOS/Source/tasks.c.obj
                0x000000000800cb88                vTaskResume
 .text.xTaskResumeFromISR
                0x000000000800cc40       0xe0 CMakeFiles/Hero.elf.dir/Middlewares/Third_Party/FreeRTOS/Source/tasks.c.obj
                0x000000000800cc40                xTaskResumeFromISR
 .text.vTaskStartScheduler
                0x000000000800cd20       0xbc CMakeFiles/Hero.elf.dir/Middlewares/Third_Party/FreeRTOS/Source/tasks.c.obj
                0x000000000800cd20                vTaskStartScheduler
 .text.vTaskSuspendAll
                0x000000000800cddc       0x1c CMakeFiles/Hero.elf.dir/Middlewares/Third_Party/FreeRTOS/Source/tasks.c.obj
                0x000000000800cddc                vTaskSuspendAll
 .text.xTaskResumeAll
                0x000000000800cdf8      0x138 CMakeFiles/Hero.elf.dir/Middlewares/Third_Party/FreeRTOS/Source/tasks.c.obj
                0x000000000800cdf8                xTaskResumeAll
 .text.xTaskIncrementTick
                0x000000000800cf30      0x178 CMakeFiles/Hero.elf.dir/Middlewares/Third_Party/FreeRTOS/Source/tasks.c.obj
                0x000000000800cf30                xTaskIncrementTick
 .text.vTaskSwitchContext
                0x000000000800d0a8       0xb4 CMakeFiles/Hero.elf.dir/Middlewares/Third_Party/FreeRTOS/Source/tasks.c.obj
                0x000000000800d0a8                vTaskSwitchContext
 .text.prvIdleTask
                0x000000000800d15c       0x30 CMakeFiles/Hero.elf.dir/Middlewares/Third_Party/FreeRTOS/Source/tasks.c.obj
 .text.prvInitialiseTaskLists
                0x000000000800d18c       0x80 CMakeFiles/Hero.elf.dir/Middlewares/Third_Party/FreeRTOS/Source/tasks.c.obj
 .text.prvCheckTasksWaitingTermination
                0x000000000800d20c       0x58 CMakeFiles/Hero.elf.dir/Middlewares/Third_Party/FreeRTOS/Source/tasks.c.obj
 .text.prvDeleteTCB
                0x000000000800d264       0x5c CMakeFiles/Hero.elf.dir/Middlewares/Third_Party/FreeRTOS/Source/tasks.c.obj
 .text.prvResetNextTaskUnblockTime
                0x000000000800d2c0       0x4c CMakeFiles/Hero.elf.dir/Middlewares/Third_Party/FreeRTOS/Source/tasks.c.obj
 .text.prvAddCurrentTaskToDelayedList
                0x000000000800d30c       0xcc CMakeFiles/Hero.elf.dir/Middlewares/Third_Party/FreeRTOS/Source/tasks.c.obj
 .text._Z12UserCAN_InitP19__CAN_HandleTypeDef
                0x000000000800d3d8       0x8c CMakeFiles/Hero.elf.dir/Middlewares/stm32plus/can/can_plus.cpp.obj
                0x000000000800d3d8                UserCAN_Init(__CAN_HandleTypeDef*)
 .text._ZN3CanC2EP19__CAN_HandleTypeDef
                0x000000000800d464       0x24 CMakeFiles/Hero.elf.dir/Middlewares/stm32plus/can/can_plus.cpp.obj
                0x000000000800d464                Can::Can(__CAN_HandleTypeDef*)
                0x000000000800d464                Can::Can(__CAN_HandleTypeDef*)
 .text._ZN3Can11ReceiveDataEPh
                0x000000000800d488       0x98 CMakeFiles/Hero.elf.dir/Middlewares/stm32plus/can/can_plus.cpp.obj
                0x000000000800d488                Can::ReceiveData(unsigned char*)
 .text._ZN3Can8SendDataEtPh
                0x000000000800d520       0x8c CMakeFiles/Hero.elf.dir/Middlewares/stm32plus/can/can_plus.cpp.obj
                0x000000000800d520                Can::SendData(unsigned short, unsigned char*)
 .text._ZN3Can13GetFreeTxMailEv
                0x000000000800d5ac       0x86 CMakeFiles/Hero.elf.dir/Middlewares/stm32plus/can/can_plus.cpp.obj
                0x000000000800d5ac                Can::GetFreeTxMail()
 .text._ZN4PortC2EP12GPIO_TypeDeft
                0x000000000800d632       0x28 CMakeFiles/Hero.elf.dir/Middlewares/stm32plus/port/Port.cpp.obj
                0x000000000800d632                Port::Port(GPIO_TypeDef*, unsigned short)
                0x000000000800d632                Port::Port(GPIO_TypeDef*, unsigned short)
 .text._ZN4Port3setEv
                0x000000000800d65a       0x28 CMakeFiles/Hero.elf.dir/Middlewares/stm32plus/port/Port.cpp.obj
                0x000000000800d65a                Port::set()
 .text._ZN4Port3getEv
                0x000000000800d682       0x36 CMakeFiles/Hero.elf.dir/Middlewares/stm32plus/port/Port.cpp.obj
                0x000000000800d682                Port::get()
 .text._ZN3PWMC2EP17TIM_HandleTypeDefm
                0x000000000800d6b8       0x26 CMakeFiles/Hero.elf.dir/Middlewares/stm32plus/pwm/pwm.cpp.obj
                0x000000000800d6b8                PWM::PWM(TIM_HandleTypeDef*, unsigned long)
                0x000000000800d6b8                PWM::PWM(TIM_HandleTypeDef*, unsigned long)
 .text._ZN3PWM3outEt
                0x000000000800d6de       0x5e CMakeFiles/Hero.elf.dir/Middlewares/stm32plus/pwm/pwm.cpp.obj
                0x000000000800d6de                PWM::out(unsigned short)
 .text._ZN3PWM5startEv
                0x000000000800d73c       0x20 CMakeFiles/Hero.elf.dir/Middlewares/stm32plus/pwm/pwm.cpp.obj
                0x000000000800d73c                PWM::start()
 .text._ZN6System4gpio3outEP12GPIO_TypeDeft13GPIO_PinState
                0x000000000800d75c       0x30 CMakeFiles/Hero.elf.dir/Middlewares/stm32plus/system/gpio.cpp.obj
                0x000000000800d75c                System::gpio::out(GPIO_TypeDef*, unsigned short, GPIO_PinState)
 .text._ZN6System4gpio3getEP12GPIO_TypeDeft
                0x000000000800d78c       0x20 CMakeFiles/Hero.elf.dir/Middlewares/stm32plus/system/gpio.cpp.obj
                0x000000000800d78c                System::gpio::get(GPIO_TypeDef*, unsigned short)
 .text._ZN6System2pc10setHandlerEP20__UART_HandleTypeDef
                0x000000000800d7ac       0x20 CMakeFiles/Hero.elf.dir/Middlewares/stm32plus/system/pc.cpp.obj
                0x000000000800d7ac                System::pc::setHandler(__UART_HandleTypeDef*)
 .text._ZN6System2pc6printfEPcz
                0x000000000800d7cc       0x70 CMakeFiles/Hero.elf.dir/Middlewares/stm32plus/system/pc.cpp.obj
                0x000000000800d7cc                System::pc::printf(char*, ...)
 .text._ZN6System2pc7printlnEPcz
                0x000000000800d83c       0x94 CMakeFiles/Hero.elf.dir/Middlewares/stm32plus/system/pc.cpp.obj
                0x000000000800d83c                System::pc::println(char*, ...)
 .text._ZN8UartListC2Ev
                0x000000000800d8d0       0x32 CMakeFiles/Hero.elf.dir/Middlewares/stm32plus/uart/UartList.cpp.obj
                0x000000000800d8d0                UartList::UartList()
                0x000000000800d8d0                UartList::UartList()
 .text._ZN8UartList3addEP4Uart
                0x000000000800d902       0x20 CMakeFiles/Hero.elf.dir/Middlewares/stm32plus/uart/UartList.cpp.obj
                0x000000000800d902                UartList::add(Uart*)
 *fill*         0x000000000800d922        0x2 
 .text._ZN9Plus_ListIP4UartEC2Ev
                0x000000000800d924       0x30 CMakeFiles/Hero.elf.dir/Middlewares/stm32plus/uart/UartList.cpp.obj
                0x000000000800d924                Plus_List<Uart*>::Plus_List()
                0x000000000800d924                Plus_List<Uart*>::Plus_List()
 .text._ZN9Plus_ListIP4UartE3addES1_
                0x000000000800d954       0x4a CMakeFiles/Hero.elf.dir/Middlewares/stm32plus/uart/UartList.cpp.obj
                0x000000000800d954                Plus_List<Uart*>::add(Uart*)
 .text._ZN9Plus_ListIP4UartE5indexES1_
                0x000000000800d99e       0x4a CMakeFiles/Hero.elf.dir/Middlewares/stm32plus/uart/UartList.cpp.obj
                0x000000000800d99e                Plus_List<Uart*>::index(Uart*)
 .text._ZN4nodeIP4UartEC2Ev
                0x000000000800d9e8       0x1c CMakeFiles/Hero.elf.dir/Middlewares/stm32plus/uart/UartList.cpp.obj
                0x000000000800d9e8                node<Uart*>::node()
                0x000000000800d9e8                node<Uart*>::node()
 .text._ZN4nodeIP4UartEC2ES1_
                0x000000000800da04       0x24 CMakeFiles/Hero.elf.dir/Middlewares/stm32plus/uart/UartList.cpp.obj
                0x000000000800da04                node<Uart*>::node(Uart*)
                0x000000000800da04                node<Uart*>::node(Uart*)
 .text._ZN4UartC2EP20__UART_HandleTypeDef
                0x000000000800da28       0x34 CMakeFiles/Hero.elf.dir/Middlewares/stm32plus/uart/uart.cpp.obj
                0x000000000800da28                Uart::Uart(__UART_HandleTypeDef*)
                0x000000000800da28                Uart::Uart(__UART_HandleTypeDef*)
 .text._ZN4Uart10getHandlerEv
                0x000000000800da5c       0x18 CMakeFiles/Hero.elf.dir/Middlewares/stm32plus/uart/uart.cpp.obj
                0x000000000800da5c                Uart::getHandler()
 .text._ZN4Uart8onRXDataEh
                0x000000000800da74       0x18 CMakeFiles/Hero.elf.dir/Middlewares/stm32plus/uart/uart.cpp.obj
                0x000000000800da74                Uart::onRXData(unsigned char)
 .text._ZN4Uart13openReceiveITEv
                0x000000000800da8c       0x14 CMakeFiles/Hero.elf.dir/Middlewares/stm32plus/uart/uart.cpp.obj
                0x000000000800da8c                Uart::openReceiveIT()
 .text._ZN4Uart14openReceiveDMAEv
                0x000000000800daa0       0x14 CMakeFiles/Hero.elf.dir/Middlewares/stm32plus/uart/uart.cpp.obj
                0x000000000800daa0                Uart::openReceiveDMA()
 .text._Z41__static_initialization_and_destruction_0ii
                0x000000000800dab4       0x44 CMakeFiles/Hero.elf.dir/Middlewares/stm32plus/uart/uart.cpp.obj
 .text._GLOBAL__sub_I_uartHandles
                0x000000000800daf8       0x10 CMakeFiles/Hero.elf.dir/Middlewares/stm32plus/uart/uart.cpp.obj
 .text._ZN8MyThreadC2EPcm10osPriorityPFvPKvEPv
                0x000000000800db08       0x78 CMakeFiles/Hero.elf.dir/User/MyThread.cpp.obj
                0x000000000800db08                MyThread::MyThread(char*, unsigned long, osPriority, void (*)(void const*), void*)
                0x000000000800db08                MyThread::MyThread(char*, unsigned long, osPriority, void (*)(void const*), void*)
 .text._ZN8MyThread3RunEv
                0x000000000800db80       0x1a CMakeFiles/Hero.elf.dir/User/MyThread.cpp.obj
                0x000000000800db80                MyThread::Run()
 *fill*         0x000000000800db9a        0x2 
 .text._Z9user_mainv
                0x000000000800db9c       0x3c CMakeFiles/Hero.elf.dir/User/Src/user.cpp.obj
                0x000000000800db9c                user_main()
 .text._Z16StartDefaultTaskPKv
                0x000000000800dbd8       0x30 CMakeFiles/Hero.elf.dir/User/Src/user.cpp.obj
                0x000000000800dbd8                StartDefaultTask(void const*)
 .text.Reset_Handler
                0x000000000800dc08       0x50 CMakeFiles/Hero.elf.dir/startup/startup_stm32f427xx.s.obj
                0x000000000800dc08                Reset_Handler
 .text.Default_Handler
                0x000000000800dc58        0x2 CMakeFiles/Hero.elf.dir/startup/startup_stm32f427xx.s.obj
                0x000000000800dc58                RTC_Alarm_IRQHandler
                0x000000000800dc58                HASH_RNG_IRQHandler
                0x000000000800dc58                EXTI2_IRQHandler
                0x000000000800dc58                TIM8_CC_IRQHandler
                0x000000000800dc58                UART8_IRQHandler
                0x000000000800dc58                SPI4_IRQHandler
                0x000000000800dc58                TIM1_CC_IRQHandler
                0x000000000800dc58                DMA2_Stream5_IRQHandler
                0x000000000800dc58                DMA1_Stream5_IRQHandler
                0x000000000800dc58                PVD_IRQHandler
                0x000000000800dc58                SDIO_IRQHandler
                0x000000000800dc58                TAMP_STAMP_IRQHandler
                0x000000000800dc58                CAN2_RX1_IRQHandler
                0x000000000800dc58                EXTI3_IRQHandler
                0x000000000800dc58                TIM8_TRG_COM_TIM14_IRQHandler
                0x000000000800dc58                TIM8_UP_TIM13_IRQHandler
                0x000000000800dc58                I2C3_ER_IRQHandler
                0x000000000800dc58                EXTI0_IRQHandler
                0x000000000800dc58                I2C2_EV_IRQHandler
                0x000000000800dc58                DMA1_Stream2_IRQHandler
                0x000000000800dc58                CAN1_RX0_IRQHandler
                0x000000000800dc58                FPU_IRQHandler
                0x000000000800dc58                OTG_HS_WKUP_IRQHandler
                0x000000000800dc58                CAN2_SCE_IRQHandler
                0x000000000800dc58                SPI1_IRQHandler
                0x000000000800dc58                TIM6_DAC_IRQHandler
                0x000000000800dc58                TIM1_BRK_TIM9_IRQHandler
                0x000000000800dc58                DCMI_IRQHandler
                0x000000000800dc58                CAN2_RX0_IRQHandler
                0x000000000800dc58                DMA2_Stream3_IRQHandler
                0x000000000800dc58                USART6_IRQHandler
                0x000000000800dc58                USART3_IRQHandler
                0x000000000800dc58                CAN1_RX1_IRQHandler
                0x000000000800dc58                UART5_IRQHandler
                0x000000000800dc58                DMA2_Stream0_IRQHandler
                0x000000000800dc58                TIM4_IRQHandler
                0x000000000800dc58                I2C1_EV_IRQHandler
                0x000000000800dc58                DMA1_Stream6_IRQHandler
                0x000000000800dc58                DMA1_Stream1_IRQHandler
                0x000000000800dc58                UART4_IRQHandler
                0x000000000800dc58                TIM3_IRQHandler
                0x000000000800dc58                RCC_IRQHandler
                0x000000000800dc58                TIM8_BRK_TIM12_IRQHandler
                0x000000000800dc58                Default_Handler
                0x000000000800dc58                EXTI15_10_IRQHandler
                0x000000000800dc58                ADC_IRQHandler
                0x000000000800dc58                DMA1_Stream7_IRQHandler
                0x000000000800dc58                SPI5_IRQHandler
                0x000000000800dc58                TIM7_IRQHandler