Archive member included to satisfy reference by file (symbol)

/usr/bin/../lib/gcc/arm-none-eabi/7.3.1/../../../../arm-none-eabi/lib/thumb/v7e-m/fpv4-sp/hard/libstdc++_nano.a(del_op.o)
                              CMakeFiles/Engineering.elf.dir/Drivers/Motor/C6020/C6020.cpp.obj (operator delete(void*))
/usr/bin/../lib/gcc/arm-none-eabi/7.3.1/../../../../arm-none-eabi/lib/thumb/v7e-m/fpv4-sp/hard/libstdc++_nano.a(eh_personality.o)
                              CMakeFiles/Engineering.elf.dir/Drivers/Motor/C6020/C6020.cpp.obj (__gxx_personality_v0)
/usr/bin/../lib/gcc/arm-none-eabi/7.3.1/../../../../arm-none-eabi/lib/thumb/v7e-m/fpv4-sp/hard/libstdc++_nano.a(eh_arm.o)
                              CMakeFiles/Engineering.elf.dir/Drivers/Motor/C6020/C6020.cpp.obj (__cxa_end_cleanup)
/usr/bin/../lib/gcc/arm-none-eabi/7.3.1/../../../../arm-none-eabi/lib/thumb/v7e-m/fpv4-sp/hard/libstdc++_nano.a(new_op.o)
                              CMakeFiles/Engineering.elf.dir/Drivers/Motor/C6020/C6020.cpp.obj (operator new(unsigned int))
/usr/bin/../lib/gcc/arm-none-eabi/7.3.1/../../../../arm-none-eabi/lib/thumb/v7e-m/fpv4-sp/hard/libstdc++_nano.a(class_type_info.o)
                              CMakeFiles/Engineering.elf.dir/Drivers/Motor/C6020/C6020.cpp.obj (vtable for __cxxabiv1::__class_type_info)
/usr/bin/../lib/gcc/arm-none-eabi/7.3.1/../../../../arm-none-eabi/lib/thumb/v7e-m/fpv4-sp/hard/libstdc++_nano.a(eh_terminate.o)
                              /usr/bin/../lib/gcc/arm-none-eabi/7.3.1/../../../../arm-none-eabi/lib/thumb/v7e-m/fpv4-sp/hard/libstdc++_nano.a(eh_personality.o) (std::terminate())
/usr/bin/../lib/gcc/arm-none-eabi/7.3.1/../../../../arm-none-eabi/lib/thumb/v7e-m/fpv4-sp/hard/libstdc++_nano.a(eh_unex_handler.o)
                              /usr/bin/../lib/gcc/arm-none-eabi/7.3.1/../../../../arm-none-eabi/lib/thumb/v7e-m/fpv4-sp/hard/libstdc++_nano.a(eh_terminate.o) (__cxxabiv1::__unexpected_handler)
/usr/bin/../lib/gcc/arm-none-eabi/7.3.1/../../../../arm-none-eabi/lib/thumb/v7e-m/fpv4-sp/hard/libstdc++_nano.a(eh_term_handler.o)
                              /usr/bin/../lib/gcc/arm-none-eabi/7.3.1/../../../../arm-none-eabi/lib/thumb/v7e-m/fpv4-sp/hard/libstdc++_nano.a(eh_terminate.o) (__cxxabiv1::__terminate_handler)
/usr/bin/../lib/gcc/arm-none-eabi/7.3.1/../../../../arm-none-eabi/lib/thumb/v7e-m/fpv4-sp/hard/libstdc++_nano.a(eh_globals.o)
                              /usr/bin/../lib/gcc/arm-none-eabi/7.3.1/../../../../arm-none-eabi/lib/thumb/v7e-m/fpv4-sp/hard/libstdc++_nano.a(eh_arm.o) (__cxa_get_globals)
/usr/bin/../lib/gcc/arm-none-eabi/7.3.1/../../../../arm-none-eabi/lib/thumb/v7e-m/fpv4-sp/hard/libstdc++_nano.a(new_handler.o)
                              /usr/bin/../lib/gcc/arm-none-eabi/7.3.1/../../../../arm-none-eabi/lib/thumb/v7e-m/fpv4-sp/hard/libstdc++_nano.a(new_op.o) (std::get_new_handler())
/usr/bin/../lib/gcc/arm-none-eabi/7.3.1/../../../../arm-none-eabi/lib/thumb/v7e-m/fpv4-sp/hard/libstdc++_nano.a(si_class_type_info.o)
                              CMakeFiles/Engineering.elf.dir/Drivers/Motor/C6010/C6010.cpp.obj (vtable for __cxxabiv1::__si_class_type_info)
/usr/bin/../lib/gcc/arm-none-eabi/7.3.1/../../../../arm-none-eabi/lib/thumb/v7e-m/fpv4-sp/hard/libstdc++_nano.a(del_ops.o)
                              /usr/bin/../lib/gcc/arm-none-eabi/7.3.1/../../../../arm-none-eabi/lib/thumb/v7e-m/fpv4-sp/hard/libstdc++_nano.a(class_type_info.o) (operator delete(void*, unsigned int))
/usr/bin/../lib/gcc/arm-none-eabi/7.3.1/../../../../arm-none-eabi/lib/thumb/v7e-m/fpv4-sp/hard/libstdc++_nano.a(eh_exception.o)
                              /usr/bin/../lib/gcc/arm-none-eabi/7.3.1/../../../../arm-none-eabi/lib/thumb/v7e-m/fpv4-sp/hard/libstdc++_nano.a(eh_arm.o) (typeinfo for __cxxabiv1::__forced_unwind)
/usr/bin/../lib/gcc/arm-none-eabi/7.3.1/../../../../arm-none-eabi/lib/thumb/v7e-m/fpv4-sp/hard/libstdc++_nano.a(tinfo.o)
                              /usr/bin/../lib/gcc/arm-none-eabi/7.3.1/../../../../arm-none-eabi/lib/thumb/v7e-m/fpv4-sp/hard/libstdc++_nano.a(class_type_info.o) (std::type_info::~type_info())
/usr/bin/../lib/gcc/arm-none-eabi/7.3.1/../../../../arm-none-eabi/lib/thumb/v7e-m/fpv4-sp/hard/libstdc++_nano.a(eh_call.o)
                              /usr/bin/../lib/gcc/arm-none-eabi/7.3.1/../../../../arm-none-eabi/lib/thumb/v7e-m/fpv4-sp/hard/libstdc++_nano.a(eh_personality.o) (__cxa_call_terminate)
/usr/bin/../lib/gcc/arm-none-eabi/7.3.1/../../../../arm-none-eabi/lib/thumb/v7e-m/fpv4-sp/hard/libstdc++_nano.a(eh_catch.o)
                              /usr/bin/../lib/gcc/arm-none-eabi/7.3.1/../../../../arm-none-eabi/lib/thumb/v7e-m/fpv4-sp/hard/libstdc++_nano.a(eh_call.o) (__cxa_begin_catch)
/usr/bin/../lib/gcc/arm-none-eabi/7.3.1/../../../../arm-none-eabi/lib/thumb/v7e-m/fpv4-sp/hard/libstdc++_nano.a(pure.o)
                              /usr/bin/../lib/gcc/arm-none-eabi/7.3.1/../../../../arm-none-eabi/lib/thumb/v7e-m/fpv4-sp/hard/libstdc++_nano.a(eh_exception.o) (__cxa_pure_virtual)
[...]
Memory Configuration

Name             Origin             Length             Attributes
RAM              0x0000000020000000 0x0000000000030000 xrw
CCMRAM           0x0000000010000000 0x0000000000010000 rw
FLASH            0x0000000008000000 0x0000000000200000 xr
*default*        0x0000000000000000 0xffffffffffffffff

Linker script and memory map

LOAD /usr/bin/../lib/gcc/arm-none-eabi/7.3.1/thumb/v7e-m/fpv4-sp/hard/crti.o
LOAD /usr/bin/../lib/gcc/arm-none-eabi/7.3.1/thumb/v7e-m/fpv4-sp/hard/crtbegin.o
LOAD /usr/bin/../lib/gcc/arm-none-eabi/7.3.1/../../../../arm-none-eabi/lib/thumb/v7e-m/fpv4-sp/hard/crt0.o
LOAD CMakeFiles/Engineering.elf.dir/Core/Src/can.c.obj
LOAD CMakeFiles/Engineering.elf.dir/Core/Src/dma.c.obj
LOAD CMakeFiles/Engineering.elf.dir/Core/Src/freertos.cpp.obj
LOAD CMakeFiles/Engineering.elf.dir/Core/Src/gpio.c.obj
LOAD CMakeFiles/Engineering.elf.dir/Core/Src/main.cpp.obj
LOAD CMakeFiles/Engineering.elf.dir/Core/Src/spi.c.obj
LOAD CMakeFiles/Engineering.elf.dir/Core/Src/stm32f4xx_hal_msp.c.obj
LOAD CMakeFiles/Engineering.elf.dir/Core/Src/stm32f4xx_hal_timebase_tim.c.obj
LOAD CMakeFiles/Engineering.elf.dir/Core/Src/stm32f4xx_it.c.obj
LOAD CMakeFiles/Engineering.elf.dir/Core/Src/syscalls.c.obj
LOAD CMakeFiles/Engineering.elf.dir/Core/Src/system_stm32f4xx.c.obj
LOAD CMakeFiles/Engineering.elf.dir/Core/Src/tim.c.obj
LOAD CMakeFiles/Engineering.elf.dir/Core/Src/usart.c.obj
LOAD CMakeFiles/Engineering.elf.dir/Drivers/MPU6500/bsp_imu.c.obj
LOAD CMakeFiles/Engineering.elf.dir/Drivers/Motor/C6010/C6010.cpp.obj
LOAD CMakeFiles/Engineering.elf.dir/Drivers/Motor/C6020/C6020.cpp.obj
LOAD CMakeFiles/Engineering.elf.dir/Drivers/Motor/GM6020/GM6020.cpp.obj
LOAD CMakeFiles/Engineering.elf.dir/Drivers/Remote/Remote.cpp.obj
LOAD CMakeFiles/Engineering.elf.dir/Drivers/STM32F4xx_HAL_Driver/Src/stm32f4xx_hal.c.obj
LOAD CMakeFiles/Engineering.elf.dir/Drivers/STM32F4xx_HAL_Driver/Src/stm32f4xx_hal_can.c.obj
LOAD CMakeFiles/Engineering.elf.dir/Drivers/STM32F4xx_HAL_Driver/Src/stm32f4xx_hal_cortex.c.obj
LOAD CMakeFiles/Engineering.elf.dir/Drivers/STM32F4xx_HAL_Driver/Src/stm32f4xx_hal_dma.c.obj
LOAD CMakeFiles/Engineering.elf.dir/Drivers/STM32F4xx_HAL_Driver/Src/stm32f4xx_hal_dma_ex.c.obj
LOAD CMakeFiles/Engineering.elf.dir/Drivers/STM32F4xx_HAL_Driver/Src/stm32f4xx_hal_exti.c.obj
LOAD CMakeFiles/Engineering.elf.dir/Drivers/STM32F4xx_HAL_Driver/Src/stm32f4xx_hal_flash.c.obj
LOAD CMakeFiles/Engineering.elf.dir/Drivers/STM32F4xx_HAL_Driver/Src/stm32f4xx_hal_flash_ex.c.obj
LOAD CMakeFiles/Engineering.elf.dir/Drivers/STM32F4xx_HAL_Driver/Src/stm32f4xx_hal_flash_ramfunc.c.obj
LOAD CMakeFiles/Engineering.elf.dir/Drivers/STM32F4xx_HAL_Driver/Src/stm32f4xx_hal_gpio.c.obj
LOAD CMakeFiles/Engineering.elf.dir/Drivers/STM32F4xx_HAL_Driver/Src/stm32f4xx_hal_pwr.c.obj
LOAD CMakeFiles/Engineering.elf.dir/Drivers/STM32F4xx_HAL_Driver/Src/stm32f4xx_hal_pwr_ex.c.obj
LOAD CMakeFiles/Engineering.elf.dir/Drivers/STM32F4xx_HAL_Driver/Src/stm32f4xx_hal_rcc.c.obj
LOAD CMakeFiles/Engineering.elf.dir/Drivers/STM32F4xx_HAL_Driver/Src/stm32f4xx_hal_rcc_ex.c.obj
LOAD CMakeFiles/Engineering.elf.dir/Drivers/STM32F4xx_HAL_Driver/Src/stm32f4xx_hal_spi.c.obj
LOAD CMakeFiles/Engineering.elf.dir/Drivers/STM32F4xx_HAL_Driver/Src/stm32f4xx_hal_tim.c.obj
LOAD CMakeFiles/Engineering.elf.dir/Drivers/STM32F4xx_HAL_Driver/Src/stm32f4xx_hal_tim_ex.c.obj
LOAD CMakeFiles/Engineering.elf.dir/Drivers/STM32F4xx_HAL_Driver/Src/stm32f4xx_hal_uart.c.obj
LOAD CMakeFiles/Engineering.elf.dir/Middlewares/Arithmetic/KalmanFilter/Kalman.cpp.obj
LOAD CMakeFiles/Engineering.elf.dir/Middlewares/Arithmetic/PID/PID.cpp.obj
LOAD CMakeFiles/Engineering.elf.dir/Middlewares/AttitudeListenner/AttitudeListener.cpp.obj
LOAD CMakeFiles/Engineering.elf.dir/Middlewares/CanBusManager/CanBusManger.cpp.obj
LOAD CMakeFiles/Engineering.elf.dir/Middlewares/CanBusManager/CanListener/CanListener.cpp.obj
LOAD CMakeFiles/Engineering.elf.dir/Middlewares/CanBusManager/CanPort/CanPort.cpp.obj
LOAD CMakeFiles/Engineering.elf.dir/Middlewares/CanBusManager/CanPort/CanPortList.cpp.obj
LOAD CMakeFiles/Engineering.elf.dir/Middlewares/CanBusManager/CanTxBuf/CanTxBuf.cpp.obj
LOAD CMakeFiles/Engineering.elf.dir/Middlewares/CourtSystem/CourtSystem.cpp.obj
LOAD CMakeFiles/Engineering.elf.dir/Middlewares/MotorControlSystem/ChassisControlUnit/ChassisControlUnit.cpp.obj
LOAD CMakeFiles/Engineering.elf.dir/Middlewares/MotorControlSystem/MotorControlSystem.cpp.obj
LOAD CMakeFiles/Engineering.elf.dir/Middlewares/MotorControlSystem/TakeShotUnit/TakeShotUnit.cpp.obj
LOAD CMakeFiles/Engineering.elf.dir/Middlewares/MotorControlSystem/UpIslandControlUnit/UpIslandControlUnit.cpp.obj
LOAD CMakeFiles/Engineering.elf.dir/Middlewares/RemoteListener/RemoteListener.cpp.obj
LOAD CMakeFiles/Engineering.elf.dir/Middlewares/Third_Party/FreeRTOS/Source/CMSIS_RTOS/cmsis_os.c.obj
LOAD CMakeFiles/Engineering.elf.dir/Middlewares/Third_Party/FreeRTOS/Source/croutine.c.obj
LOAD CMakeFiles/Engineering.elf.dir/Middlewares/Third_Party/FreeRTOS/Source/event_groups.c.obj
LOAD CMakeFiles/Engineering.elf.dir/Middlewares/Third_Party/FreeRTOS/Source/list.c.obj
LOAD CMakeFiles/Engineering.elf.dir/Middlewares/Third_Party/FreeRTOS/Source/portable/GCC/ARM_CM4F/port.c.obj
LOAD CMakeFiles/Engineering.elf.dir/Middlewares/Third_Party/FreeRTOS/Source/portable/MemMang/heap_4.c.obj
LOAD CMakeFiles/Engineering.elf.dir/Middlewares/Third_Party/FreeRTOS/Source/queue.c.obj
LOAD CMakeFiles/Engineering.elf.dir/Middlewares/Third_Party/FreeRTOS/Source/stream_buffer.c.obj
LOAD CMakeFiles/Engineering.elf.dir/Middlewares/Third_Party/FreeRTOS/Source/tasks.c.obj
LOAD CMakeFiles/Engineering.elf.dir/Middlewares/Third_Party/FreeRTOS/Source/timers.c.obj
LOAD CMakeFiles/Engineering.elf.dir/Middlewares/stm32plus/List/Plus_List.cpp.obj
LOAD CMakeFiles/Engineering.elf.dir/Middlewares/stm32plus/List/node.cpp.obj
LOAD CMakeFiles/Engineering.elf.dir/Middlewares/stm32plus/can/can_plus.cpp.obj
LOAD CMakeFiles/Engineering.elf.dir/Middlewares/stm32plus/port/Port.cpp.obj
LOAD CMakeFiles/Engineering.elf.dir/Middlewares/stm32plus/pwm/pwm.cpp.obj
LOAD CMakeFiles/Engineering.elf.dir/Middlewares/stm32plus/stm32plus.cpp.obj
LOAD CMakeFiles/Engineering.elf.dir/Middlewares/stm32plus/system/gpio.cpp.obj
LOAD CMakeFiles/Engineering.elf.dir/Middlewares/stm32plus/system/pc.cpp.obj
LOAD CMakeFiles/Engineering.elf.dir/Middlewares/stm32plus/uart/UartList.cpp.obj
LOAD CMakeFiles/Engineering.elf.dir/Middlewares/stm32plus/uart/uart.cpp.obj
LOAD CMakeFiles/Engineering.elf.dir/Middlewares/stm32plus/uart/usartInterrupt.cpp.obj
LOAD CMakeFiles/Engineering.elf.dir/User/MyThread.cpp.obj
LOAD CMakeFiles/Engineering.elf.dir/User/Src/user.cpp.obj
LOAD CMakeFiles/Engineering.elf.dir/startup/startup_stm32f427xx.s.obj
LOAD /usr/bin/../lib/gcc/arm-none-eabi/7.3.1/../../../../arm-none-eabi/lib/thumb/v7e-m/fpv4-sp/hard/libstdc++_nano.a
LOAD /usr/bin/../lib/gcc/arm-none-eabi/7.3.1/../../../../arm-none-eabi/lib/thumb/v7e-m/fpv4-sp/hard/libm.a
START GROUP
LOAD /usr/bin/../lib/gcc/arm-none-eabi/7.3.1/thumb/v7e-m/fpv4-sp/hard/libgcc.a
LOAD /usr/bin/../lib/gcc/arm-none-eabi/7.3.1/../../../../arm-none-eabi/lib/thumb/v7e-m/fpv4-sp/hard/libg_nano.a
LOAD /usr/bin/../lib/gcc/arm-none-eabi/7.3.1/../../../../arm-none-eabi/lib/thumb/v7e-m/fpv4-sp/hard/libc_nano.a
END GROUP
START GROUP
LOAD /usr/bin/../lib/gcc/arm-none-eabi/7.3.1/thumb/v7e-m/fpv4-sp/hard/libgcc.a
LOAD /usr/bin/../lib/gcc/arm-none-eabi/7.3.1/../../../../arm-none-eabi/lib/thumb/v7e-m/fpv4-sp/hard/libc_nano.a
LOAD /usr/bin/../lib/gcc/arm-none-eabi/7.3.1/../../../../arm-none-eabi/lib/thumb/v7e-m/fpv4-sp/hard/libnosys.a
END GROUP
START GROUP
LOAD /usr/bin/../lib/gcc/arm-none-eabi/7.3.1/thumb/v7e-m/fpv4-sp/hard/libgcc.a
LOAD /usr/bin/../lib/gcc/arm-none-eabi/7.3.1/../../../../arm-none-eabi/lib/thumb/v7e-m/fpv4-sp/hard/libc_nano.a
LOAD /usr/bin/../lib/gcc/arm-none-eabi/7.3.1/../../../../arm-none-eabi/lib/thumb/v7e-m/fpv4-sp/hard/libnosys.a
END GROUP
LOAD /usr/bin/../lib/gcc/arm-none-eabi/7.3.1/thumb/v7e-m/fpv4-sp/hard/crtend.o
LOAD /usr/bin/../lib/gcc/arm-none-eabi/7.3.1/thumb/v7e-m/fpv4-sp/hard/crtn.o
                0x0000000020030000                _estack = 0x20030000
                0x0000000000000200                _Min_Heap_Size = 0x200
                0x0000000000000400                _Min_Stack_Size = 0x400

.isr_vector     0x0000000008000000      0x1ac
                0x0000000008000000                . = ALIGN (0x4)
 *(.isr_vector)
 .isr_vector    0x0000000008000000      0x1ac CMakeFiles/Engineering.elf.dir/startup/startup_stm32f427xx.s.obj
                0x0000000008000000                g_pfnVectors
                0x00000000080001ac                . = ALIGN (0x4)

.text           0x00000000080001b0     0xf194
                0x00000000080001b0                . = ALIGN (0x4)
 *(.text)
 .text          0x00000000080001b0       0x40 /usr/bin/../lib/gcc/arm-none-eabi/7.3.1/thumb/v7e-m/fpv4-sp/hard/crtbegin.o
 .text          0x00000000080001f0      0x378 /usr/bin/../lib/gcc/arm-none-eabi/7.3.1/thumb/v7e-m/fpv4-sp/hard/libgcc.a(_arm_addsubdf3.o)
                0x00000000080001f0                __aeabi_drsub
                0x00000000080001f8                __aeabi_dsub
                0x00000000080001f8                __subdf3
                0x00000000080001fc                __adddf3
                0x00000000080001fc                __aeabi_dadd
                0x0000000008000474                __aeabi_ui2d
                0x0000000008000474                __floatunsidf
                0x0000000008000494                __floatsidf
                0x0000000008000494                __aeabi_i2d
                0x00000000080004b8                __extendsfdf2
                0x00000000080004b8                __aeabi_f2d
                0x00000000080004fc                __aeabi_ul2d
                0x00000000080004fc                __floatundidf
                0x000000000800050c                __floatdidf
                0x000000000800050c                __aeabi_l2d
 .text          0x0000000008000568      0x424 /usr/bin/../lib/gcc/arm-none-eabi/7.3.1/thumb/v7e-m/fpv4-sp/hard/libgcc.a(_arm_muldivdf3.o)
                0x0000000008000568                __aeabi_dmul
                0x0000000008000568                __muldf3
                0x00000000080007bc                __aeabi_ddiv
                0x00000000080007bc                __divdf3
 .text          0x000000000800098c      0x110 /usr/bin/../lib/gcc/arm-none-eabi/7.3.1/thumb/v7e-m/fpv4-sp/hard/libgcc.a(_arm_cmpdf2.o)
                0x000000000800098c                __gtdf2
                0x000000000800098c                __gedf2
                0x0000000008000994                __ltdf2
                0x0000000008000994                __ledf2
                0x000000000800099c                __cmpdf2
                0x000000000800099c                __eqdf2
                0x000000000800099c                __nedf2
                0x0000000008000a18                __aeabi_cdrcmple
                0x0000000008000a28                __aeabi_cdcmple
                0x0000000008000a28                __aeabi_cdcmpeq
                0x0000000008000a38                __aeabi_dcmpeq
                0x0000000008000a4c                __aeabi_dcmplt
                0x0000000008000a60                __aeabi_dcmple
                0x0000000008000a74                __aeabi_dcmpge
                0x0000000008000a88                __aeabi_dcmpgt
 .text          0x0000000008000a9c       0x2c /usr/bin/../lib/gcc/arm-none-eabi/7.3.1/thumb/v7e-m/fpv4-sp/hard/libgcc.a(_arm_unorddf2.o)
                0x0000000008000a9c                __aeabi_dcmpun
                0x0000000008000a9c                __unorddf2
 .text          0x0000000008000ac8       0x50 /usr/bin/../lib/gcc/arm-none-eabi/7.3.1/thumb/v7e-m/fpv4-sp/hard/libgcc.a(_arm_fixdfsi.o)
                0x0000000008000ac8                __fixdfsi
                0x0000000008000ac8                __aeabi_d2iz
 .text          0x0000000008000b18       0xa0 /usr/bin/../lib/gcc/arm-none-eabi/7.3.1/thumb/v7e-m/fpv4-sp/hard/libgcc.a(_arm_truncdfsf2.o)
                0x0000000008000b18                __aeabi_d2f
                0x0000000008000b18                __truncdfsf2
 .text          0x0000000008000bb8       0x30 /usr/bin/../lib/gcc/arm-none-eabi/7.3.1/thumb/v7e-m/fpv4-sp/hard/libgcc.a(_aeabi_uldivmod.o)
                0x0000000008000bb8                __aeabi_uldivmod
 .text          0x0000000008000be8      0x2cc /usr/bin/../lib/gcc/arm-none-eabi/7.3.1/thumb/v7e-m/fpv4-sp/hard/libgcc.a(_udivmoddi4.o)
                0x0000000008000be8                __udivmoddi4
 .text          0x0000000008000eb4      0x9ec /usr/bin/../lib/gcc/arm-none-eabi/7.3.1/thumb/v7e-m/fpv4-sp/hard/libgcc.a(unwind-arm.o)
                0x0000000008001168                _Unwind_GetCFA
                0x000000000800116c                __gnu_Unwind_RaiseException
                0x00000000080011cc                __gnu_Unwind_ForcedUnwind
                0x00000000080011e0                __gnu_Unwind_Resume
                0x0000000008001224                __gnu_Unwind_Resume_or_Rethrow
                0x0000000008001234                _Unwind_Complete
                0x0000000008001238                _Unwind_DeleteException
                0x0000000008001244                _Unwind_VRS_Get
                0x0000000008001288                _Unwind_VRS_Set
                0x00000000080012d0                __gnu_Unwind_Backtrace
                0x0000000008001614                __aeabi_unwind_cpp_pr0
                0x0000000008001618                __aeabi_unwind_cpp_pr1
                0x000000000800161c                __aeabi_unwind_cpp_pr2
                0x0000000008001620                _Unwind_VRS_Pop
 .text          0x00000000080018a0      0x1ac /usr/bin/../lib/gcc/arm-none-eabi/7.3.1/thumb/v7e-m/fpv4-sp/hard/libgcc.a(libunwind.o)
                0x00000000080018a0                __restore_core_regs
                0x00000000080018a0                restore_core_regs
                0x00000000080018b8                __gnu_Unwind_Restore_VFP
                0x00000000080018c0                __gnu_Unwind_Save_VFP
                0x00000000080018c8                __gnu_Unwind_Restore_VFP_D
                0x00000000080018d0                __gnu_Unwind_Save_VFP_D
                0x00000000080018d8                __gnu_Unwind_Restore_VFP_D_16_to_31
                0x00000000080018e0                __gnu_Unwind_Save_VFP_D_16_to_31
                0x00000000080018e8                __gnu_Unwind_Restore_WMMXD
                0x000000000800192c                __gnu_Unwind_Save_WMMXD
                0x0000000008001970                __gnu_Unwind_Restore_WMMXC
                0x0000000008001984                __gnu_Unwind_Save_WMMXC
                0x0000000008001998                ___Unwind_RaiseException
                0x0000000008001998                _Unwind_RaiseException
                0x00000000080019bc                ___Unwind_Resume
                0x00000000080019bc                _Unwind_Resume
                0x00000000080019e0                _Unwind_Resume_or_Rethrow
                0x00000000080019e0                ___Unwind_Resume_or_Rethrow
                0x0000000008001a04                ___Unwind_ForcedUnwind
                0x0000000008001a04                _Unwind_ForcedUnwind
                0x0000000008001a28                _Unwind_Backtrace
                0x0000000008001a28                ___Unwind_Backtrace
 .text          0x0000000008001a4c      0x374 /usr/bin/../lib/gcc/arm-none-eabi/7.3.1/thumb/v7e-m/fpv4-sp/hard/libgcc.a(pr-support.o)
                0x0000000008001aa4                __gnu_unwind_execute
                0x0000000008001d68                __gnu_unwind_frame
                0x0000000008001d90                _Unwind_GetRegionStart
                0x0000000008001d9c                _Unwind_GetLanguageSpecificData
                0x0000000008001db0                _Unwind_GetDataRelBase
                0x0000000008001db8                _Unwind_GetTextRelBase
 .text          0x0000000008001dc0        0x4 /usr/bin/../lib/gcc/arm-none-eabi/7.3.1/thumb/v7e-m/fpv4-sp/hard/libgcc.a(_dvmd_tls.o)
                0x0000000008001dc0                __aeabi_ldiv0
                0x0000000008001dc0                __aeabi_idiv0
 .text          0x0000000008001dc4       0x14 /usr/bin/../lib/gcc/arm-none-eabi/7.3.1/../../../../arm-none-eabi/lib/thumb/v7e-m/fpv4-sp/hard/libg_nano.a(lib_a-strcmp.o)
                0x0000000008001dc4                strcmp
 .text          0x0000000008001dd8       0x10 /usr/bin/../lib/gcc/arm-none-eabi/7.3.1/../../../../arm-none-eabi/lib/thumb/v7e-m/fpv4-sp/hard/libg_nano.a(lib_a-strlen.o)
                0x0000000008001dd8                strlen
 *fill*         0x0000000008001de8        0x8 
 .text          0x0000000008001df0       0xa0 /usr/bin/../lib/gcc/arm-none-eabi/7.3.1/../../../../arm-none-eabi/lib/thumb/v7e-m/fpv4-sp/hard/libg_nano.a(lib_a-memchr.o)
                0x0000000008001df0                memchr
 *(.text*)
 .text.MX_CAN1_Init
                0x0000000008001e90       0x6c CMakeFiles/Engineering.elf.dir/Core/Src/can.c.obj
                0x0000000008001e90                MX_CAN1_Init
 .text.MX_CAN2_Init
                0x0000000008001efc       0x6c CMakeFiles/Engineering.elf.dir/Core/Src/can.c.obj
                0x0000000008001efc                MX_CAN2_Init
 .text.HAL_CAN_MspInit
                0x0000000008001f68      0x140 CMakeFiles/Engineering.elf.dir/Core/Src/can.c.obj
                0x0000000008001f68                HAL_CAN_MspInit
 .text.MX_DMA_Init
                0x00000000080020a8       0x40 CMakeFiles/Engineering.elf.dir/Core/Src/dma.c.obj
                0x00000000080020a8                MX_DMA_Init
 .text.vApplicationGetIdleTaskMemory
                0x00000000080020e8       0x34 CMakeFiles/Engineering.elf.dir/Core/Src/freertos.cpp.obj
                0x00000000080020e8                vApplicationGetIdleTaskMemory
 .text._Z16MX_FREERTOS_Initv
                0x000000000800211c       0x38 CMakeFiles/Engineering.elf.dir/Core/Src/freertos.cpp.obj
                0x000000000800211c                MX_FREERTOS_Init()
 .text.MX_GPIO_Init
                0x0000000008002154      0x1cc CMakeFiles/Engineering.elf.dir/Core/Src/gpio.c.obj
                0x0000000008002154                MX_GPIO_Init
 .text.main     0x0000000008002320       0x3e CMakeFiles/Engineering.elf.dir/Core/Src/main.cpp.obj
                0x0000000008002320                main
 *fill*         0x000000000800235e        0x2 
 .text._Z18SystemClock_Configv
                0x0000000008002360       0xe8 CMakeFiles/Engineering.elf.dir/Core/Src/main.cpp.obj
                0x0000000008002360                SystemClock_Config()
 .text.HAL_TIM_PeriodElapsedCallback
                0x0000000008002448       0x24 CMakeFiles/Engineering.elf.dir/Core/Src/main.cpp.obj
                0x0000000008002448                HAL_TIM_PeriodElapsedCallback
 .text.Error_Handler
                0x000000000800246c        0xe CMakeFiles/Engineering.elf.dir/Core/Src/main.cpp.obj
                0x000000000800246c                Error_Handler
 *fill*         0x000000000800247a        0x2 
 .text.MX_SPI5_Init
                0x000000000800247c       0x6c CMakeFiles/Engineering.elf.dir/Core/Src/spi.c.obj
                0x000000000800247c                MX_SPI5_Init
 .text.HAL_SPI_MspInit
                0x00000000080024e8       0x90 CMakeFiles/Engineering.elf.dir/Core/Src/spi.c.obj
                0x00000000080024e8                HAL_SPI_MspInit
 .text.HAL_MspInit
                0x0000000008002578       0x58 CMakeFiles/Engineering.elf.dir/Core/Src/stm32f4xx_hal_msp.c.obj
                0x0000000008002578                HAL_MspInit
 .text.HAL_InitTick
                0x00000000080025d0       0xb4 CMakeFiles/Engineering.elf.dir/Core/Src/stm32f4xx_hal_timebase_tim.c.obj
                0x00000000080025d0                HAL_InitTick
 .text.NMI_Handler
                0x0000000008002684        0xe CMakeFiles/Engineering.elf.dir/Core/Src/stm32f4xx_it.c.obj
                0x0000000008002684                NMI_Handler
 .text.HardFault_Handler
                0x0000000008002692        0x6 CMakeFiles/Engineering.elf.dir/Core/Src/stm32f4xx_it.c.obj
                0x0000000008002692                HardFault_Handler
 .text.MemManage_Handler
                0x0000000008002698        0x6 CMakeFiles/Engineering.elf.dir/Core/Src/stm32f4xx_it.c.obj
                0x0000000008002698                MemManage_Handler
 .text.BusFault_Handler
                0x000000000800269e        0x6 CMakeFiles/Engineering.elf.dir/Core/Src/stm32f4xx_it.c.obj
                0x000000000800269e                BusFault_Handler
 .text.UsageFault_Handler
                0x00000000080026a4        0x6 CMakeFiles/Engineering.elf.dir/Core/Src/stm32f4xx_it.c.obj
                0x00000000080026a4                UsageFault_Handler
 .text.DebugMon_Handler
                0x00000000080026aa        0xe CMakeFiles/Engineering.elf.dir/Core/Src/stm32f4xx_it.c.obj
                0x00000000080026aa                DebugMon_Handler
 .text.TIM1_UP_TIM10_IRQHandler
                0x00000000080026b8       0x14 CMakeFiles/Engineering.elf.dir/Core/Src/stm32f4xx_it.c.obj
                0x00000000080026b8                TIM1_UP_TIM10_IRQHandler
 .text.DMA2_Stream2_IRQHandler
                0x00000000080026cc       0x14 CMakeFiles/Engineering.elf.dir/Core/Src/stm32f4xx_it.c.obj
                0x00000000080026cc                DMA2_Stream2_IRQHandler
 .text.UART7_IRQHandler
                0x00000000080026e0       0x14 CMakeFiles/Engineering.elf.dir/Core/Src/stm32f4xx_it.c.obj
                0x00000000080026e0                UART7_IRQHandler
 .text._getpid  0x00000000080026f4       0x10 CMakeFiles/Engineering.elf.dir/Core/Src/syscalls.c.obj
                0x00000000080026f4                _getpid
 .text._kill    0x0000000008002704       0x20 CMakeFiles/Engineering.elf.dir/Core/Src/syscalls.c.obj
                0x0000000008002704                _kill
 .text._exit    0x0000000008002724       0x14 CMakeFiles/Engineering.elf.dir/Core/Src/syscalls.c.obj
                0x0000000008002724                _exit
 .text._sbrk    0x0000000008002738       0x58 CMakeFiles/Engineering.elf.dir/Core/Src/syscalls.c.obj
                0x0000000008002738                _sbrk
 .text.SystemInit
                0x0000000008002790       0x6c CMakeFiles/Engineering.elf.dir/Core/Src/system_stm32f4xx.c.obj
                0x0000000008002790                SystemInit
 .text.MX_TIM8_Init
                0x00000000080027fc      0x108 CMakeFiles/Engineering.elf.dir/Core/Src/tim.c.obj
                0x00000000080027fc                MX_TIM8_Init
 .text.HAL_TIM_PWM_MspInit
                0x0000000008002904       0x44 CMakeFiles/Engineering.elf.dir/Core/Src/tim.c.obj
                0x0000000008002904                HAL_TIM_PWM_MspInit
 .text.HAL_TIM_MspPostInit
                0x0000000008002948       0x74 CMakeFiles/Engineering.elf.dir/Core/Src/tim.c.obj
                0x0000000008002948                HAL_TIM_MspPostInit
 .text.MX_UART7_Init
                0x00000000080029bc       0x54 CMakeFiles/Engineering.elf.dir/Core/Src/usart.c.obj
                0x00000000080029bc                MX_UART7_Init
 .text.MX_USART1_UART_Init
                0x0000000008002a10       0x54 CMakeFiles/Engineering.elf.dir/Core/Src/usart.c.obj
                0x0000000008002a10                MX_USART1_UART_Init
 .text.MX_USART2_UART_Init
                0x0000000008002a64       0x54 CMakeFiles/Engineering.elf.dir/Core/Src/usart.c.obj
                0x0000000008002a64                MX_USART2_UART_Init
 .text.HAL_UART_MspInit
                0x0000000008002ab8      0x224 CMakeFiles/Engineering.elf.dir/Core/Src/usart.c.obj
                0x0000000008002ab8                HAL_UART_MspInit
 .text.inv_sqrt
                0x0000000008002cdc       0x78 CMakeFiles/Engineering.elf.dir/Drivers/MPU6500/bsp_imu.c.obj
                0x0000000008002cdc                inv_sqrt
 .text.mpu_write_byte
                0x0000000008002d54       0x70 CMakeFiles/Engineering.elf.dir/Drivers/MPU6500/bsp_imu.c.obj
                0x0000000008002d54                mpu_write_byte
 .text.mpu_read_byte
                0x0000000008002dc4       0x68 CMakeFiles/Engineering.elf.dir/Drivers/MPU6500/bsp_imu.c.obj
                0x0000000008002dc4                mpu_read_byte
 .text.mpu_read_bytes
                0x0000000008002e2c       0x7c CMakeFiles/Engineering.elf.dir/Drivers/MPU6500/bsp_imu.c.obj
                0x0000000008002e2c                mpu_read_bytes
 .text.ist_reg_write_by_mpu
                0x0000000008002ea8       0x54 CMakeFiles/Engineering.elf.dir/Drivers/MPU6500/bsp_imu.c.obj
 .text.ist_reg_read_by_mpu
                0x0000000008002efc       0x4a CMakeFiles/Engineering.elf.dir/Drivers/MPU6500/bsp_imu.c.obj
 .text.mpu_master_i2c_auto_read_config
                0x0000000008002f46       0xac CMakeFiles/Engineering.elf.dir/Drivers/MPU6500/bsp_imu.c.obj
 .text.ist8310_init
                0x0000000008002ff2      0x112 CMakeFiles/Engineering.elf.dir/Drivers/MPU6500/bsp_imu.c.obj
                0x0000000008002ff2                ist8310_init
 .text.ist8310_get_data
                0x0000000008003104       0x1a CMakeFiles/Engineering.elf.dir/Drivers/MPU6500/bsp_imu.c.obj
                0x0000000008003104                ist8310_get_data
 *fill*         0x000000000800311e        0x2 
 .text.mpu_get_data
                0x0000000008003120      0x1a8 CMakeFiles/Engineering.elf.dir/Drivers/MPU6500/bsp_imu.c.obj
                0x0000000008003120                mpu_get_data
 .text.mpu_set_gyro_fsr
                0x00000000080032c8       0x22 CMakeFiles/Engineering.elf.dir/Drivers/MPU6500/bsp_imu.c.obj
                0x00000000080032c8                mpu_set_gyro_fsr
 .text.mpu_set_accel_fsr
                0x00000000080032ea       0x22 CMakeFiles/Engineering.elf.dir/Drivers/MPU6500/bsp_imu.c.obj
                0x00000000080032ea                mpu_set_accel_fsr
 .text.mpu_device_init
                0x000000000800330c       0xc0 CMakeFiles/Engineering.elf.dir/Drivers/MPU6500/bsp_imu.c.obj
                0x000000000800330c                mpu_device_init
 .text.mpu_offset_call
                0x00000000080033cc      0x1b4 CMakeFiles/Engineering.elf.dir/Drivers/MPU6500/bsp_imu.c.obj
                0x00000000080033cc                mpu_offset_call
 .text.init_quaternion
                0x0000000008003580      0x25c CMakeFiles/Engineering.elf.dir/Drivers/MPU6500/bsp_imu.c.obj
                0x0000000008003580                init_quaternion
 .text.imu_ahrs_update
                0x00000000080037dc      0x8d0 CMakeFiles/Engineering.elf.dir/Drivers/MPU6500/bsp_imu.c.obj
                0x00000000080037dc                imu_ahrs_update
 *fill*         0x00000000080040ac        0x4 
 .text.imu_attitude_update
                0x00000000080040b0      0x1f4 CMakeFiles/Engineering.elf.dir/Drivers/MPU6500/bsp_imu.c.obj
                0x00000000080040b0                imu_attitude_update
 .text._ZN5C6010C2EtP3PID
                0x00000000080042a4       0x30 CMakeFiles/Engineering.elf.dir/Drivers/Motor/C6010/C6010.cpp.obj
                0x00000000080042a4                C6010::C6010(unsigned short, PID*)
                0x00000000080042a4                C6010::C6010(unsigned short, PID*)
 .text._ZN5C6020C2EtP3PID
                0x00000000080042d4       0x54 CMakeFiles/Engineering.elf.dir/Drivers/Motor/C6020/C6020.cpp.obj
                0x00000000080042d4                C6020::C6020(unsigned short, PID*)
                0x00000000080042d4                C6020::C6020(unsigned short, PID*)
 .text._ZN5C602010UpdateParmEv
                0x0000000008004328       0x84 CMakeFiles/Engineering.elf.dir/Drivers/Motor/C6020/C6020.cpp.obj
                0x0000000008004328                C6020::UpdateParm()
 .text._ZN5C60209printParmEv
                0x00000000080043ac       0x30 CMakeFiles/Engineering.elf.dir/Drivers/Motor/C6020/C6020.cpp.obj
                0x00000000080043ac                C6020::printParm()
 .text._ZN5C60208GetSpeedEv
                0x00000000080043dc       0x1a CMakeFiles/Engineering.elf.dir/Drivers/Motor/C6020/C6020.cpp.obj
                0x00000000080043dc                C6020::GetSpeed()
 .text._ZN5C60209GetTorqueEv
                0x00000000080043f6       0x1a CMakeFiles/Engineering.elf.dir/Drivers/Motor/C6020/C6020.cpp.obj
                0x00000000080043f6                C6020::GetTorque()
 .text._ZN5C602010CalcOutputEs
                0x0000000008004410       0x58 CMakeFiles/Engineering.elf.dir/Drivers/Motor/C6020/C6020.cpp.obj
                0x0000000008004410                C6020::CalcOutput(short)
 .text._ZN5C602011GetListenerEv
                0x0000000008004468       0x18 CMakeFiles/Engineering.elf.dir/Drivers/Motor/C6020/C6020.cpp.obj
                0x0000000008004468                C6020::GetListener()
 .text._ZN5C60209SetMaxOutEf
                0x0000000008004480       0x2e CMakeFiles/Engineering.elf.dir/Drivers/Motor/C6020/C6020.cpp.obj
                0x0000000008004480                C6020::SetMaxOut(float)
 .text._ZN6Remote14openReceiveDMAEv
                0x00000000080044ae       0x34 CMakeFiles/Engineering.elf.dir/Drivers/Remote/Remote.cpp.obj
                0x00000000080044ae                Remote::openReceiveDMA()
 *fill*         0x00000000080044e2        0x2 
 .text._ZN6RemoteC2EP20__UART_HandleTypeDef
                0x00000000080044e4       0x38 CMakeFiles/Engineering.elf.dir/Drivers/Remote/Remote.cpp.obj
                0x00000000080044e4                Remote::Remote(__UART_HandleTypeDef*)
                0x00000000080044e4                Remote::Remote(__UART_HandleTypeDef*)
 .text.HAL_Init
                0x000000000800451c       0x44 CMakeFiles/Engineering.elf.dir/Drivers/STM32F4xx_HAL_Driver/Src/stm32f4xx_hal.c.obj
                0x000000000800451c                HAL_Init
 .text.HAL_IncTick
                0x0000000008004560       0x28 CMakeFiles/Engineering.elf.dir/Drivers/STM32F4xx_HAL_Driver/Src/stm32f4xx_hal.c.obj
                0x0000000008004560                HAL_IncTick
 .text.HAL_GetTick
                0x0000000008004588       0x18 CMakeFiles/Engineering.elf.dir/Drivers/STM32F4xx_HAL_Driver/Src/stm32f4xx_hal.c.obj
                0x0000000008004588                HAL_GetTick
 .text.HAL_Delay
                0x00000000080045a0       0x44 CMakeFiles/Engineering.elf.dir/Drivers/STM32F4xx_HAL_Driver/Src/stm32f4xx_hal.c.obj
                0x00000000080045a0                HAL_Delay
 .text.HAL_CAN_Init
                0x00000000080045e4      0x1f6 CMakeFiles/Engineering.elf.dir/Drivers/STM32F4xx_HAL_Driver/Src/stm32f4xx_hal_can.c.obj
                0x00000000080045e4                HAL_CAN_Init
 *fill*         0x00000000080047da        0x2 
 .text.HAL_CAN_ConfigFilter
                0x00000000080047dc      0x1c0 CMakeFiles/Engineering.elf.dir/Drivers/STM32F4xx_HAL_Driver/Src/stm32f4xx_hal_can.c.obj
                0x00000000080047dc                HAL_CAN_ConfigFilter
 .text.HAL_CAN_Start
                0x000000000800499c       0x88 CMakeFiles/Engineering.elf.dir/Drivers/STM32F4xx_HAL_Driver/Src/stm32f4xx_hal_can.c.obj
                0x000000000800499c                HAL_CAN_Start
 .text.HAL_CAN_AddTxMessage
                0x0000000008004a24      0x1b6 CMakeFiles/Engineering.elf.dir/Drivers/STM32F4xx_HAL_Driver/Src/stm32f4xx_hal_can.c.obj
                0x0000000008004a24                HAL_CAN_AddTxMessage
 .text.HAL_CAN_GetTxMailboxesFreeLevel
                0x0000000008004bda       0x6a CMakeFiles/Engineering.elf.dir/Drivers/STM32F4xx_HAL_Driver/Src/stm32f4xx_hal_can.c.obj
                0x0000000008004bda                HAL_CAN_GetTxMailboxesFreeLevel
 .text.HAL_CAN_GetRxMessage
                0x0000000008004c44      0x226 CMakeFiles/Engineering.elf.dir/Drivers/STM32F4xx_HAL_Driver/Src/stm32f4xx_hal_can.c.obj
                0x0000000008004c44                HAL_CAN_GetRxMessage
 *fill*         0x0000000008004e6a        0x2 
 .text.__NVIC_SetPriorityGrouping
                0x0000000008004e6c       0x48 CMakeFiles/Engineering.elf.dir/Drivers/STM32F4xx_HAL_Driver/Src/stm32f4xx_hal_cortex.c.obj
 .text.__NVIC_GetPriorityGrouping
                0x0000000008004eb4       0x1c CMakeFiles/Engineering.elf.dir/Drivers/STM32F4xx_HAL_Driver/Src/stm32f4xx_hal_cortex.c.obj
 .text.__NVIC_EnableIRQ
                0x0000000008004ed0       0x3c CMakeFiles/Engineering.elf.dir/Drivers/STM32F4xx_HAL_Driver/Src/stm32f4xx_hal_cortex.c.obj
 .text.__NVIC_SetPriority
                0x0000000008004f0c       0x54 CMakeFiles/Engineering.elf.dir/Drivers/STM32F4xx_HAL_Driver/Src/stm32f4xx_hal_cortex.c.obj
 .text.NVIC_EncodePriority
                0x0000000008004f60       0x66 CMakeFiles/Engineering.elf.dir/Drivers/STM32F4xx_HAL_Driver/Src/stm32f4xx_hal_cortex.c.obj
 .text.HAL_NVIC_SetPriorityGrouping
                0x0000000008004fc6       0x16 CMakeFiles/Engineering.elf.dir/Drivers/STM32F4xx_HAL_Driver/Src/stm32f4xx_hal_cortex.c.obj
                0x0000000008004fc6                HAL_NVIC_SetPriorityGrouping
 .text.HAL_NVIC_SetPriority
                0x0000000008004fdc       0x38 CMakeFiles/Engineering.elf.dir/Drivers/STM32F4xx_HAL_Driver/Src/stm32f4xx_hal_cortex.c.obj
                0x0000000008004fdc                HAL_NVIC_SetPriority
 .text.HAL_NVIC_EnableIRQ
                0x0000000008005014       0x1c CMakeFiles/Engineering.elf.dir/Drivers/STM32F4xx_HAL_Driver/Src/stm32f4xx_hal_cortex.c.obj
                0x0000000008005014                HAL_NVIC_EnableIRQ
 .text.HAL_DMA_Init
                0x0000000008005030      0x15c CMakeFiles/Engineering.elf.dir/Drivers/STM32F4xx_HAL_Driver/Src/stm32f4xx_hal_dma.c.obj
                0x0000000008005030                HAL_DMA_Init
 .text.HAL_DMA_Start_IT
                0x000000000800518c       0xc0 CMakeFiles/Engineering.elf.dir/Drivers/STM32F4xx_HAL_Driver/Src/stm32f4xx_hal_dma.c.obj
                0x000000000800518c                HAL_DMA_Start_IT
 .text.HAL_DMA_Abort
                0x000000000800524c       0xe0 CMakeFiles/Engineering.elf.dir/Drivers/STM32F4xx_HAL_Driver/Src/stm32f4xx_hal_dma.c.obj
                0x000000000800524c                HAL_DMA_Abort
 .text.HAL_DMA_Abort_IT
                0x000000000800532c       0x44 CMakeFiles/Engineering.elf.dir/Drivers/STM32F4xx_HAL_Driver/Src/stm32f4xx_hal_dma.c.obj
                0x000000000800532c                HAL_DMA_Abort_IT
 .text.HAL_DMA_IRQHandler
                0x0000000008005370      0x314 CMakeFiles/Engineering.elf.dir/Drivers/STM32F4xx_HAL_Driver/Src/stm32f4xx_hal_dma.c.obj
                0x0000000008005370                HAL_DMA_IRQHandler
 .text.DMA_SetConfig
                0x0000000008005684       0x5c CMakeFiles/Engineering.elf.dir/Drivers/STM32F4xx_HAL_Driver/Src/stm32f4xx_hal_dma.c.obj
 .text.DMA_CalcBaseAndBitshift
                0x00000000080056e0       0x6c CMakeFiles/Engineering.elf.dir/Drivers/STM32F4xx_HAL_Driver/Src/stm32f4xx_hal_dma.c.obj
 .text.DMA_CheckFifoParam
                0x000000000800574c       0xf4 CMakeFiles/Engineering.elf.dir/Drivers/STM32F4xx_HAL_Driver/Src/stm32f4xx_hal_dma.c.obj
 .text.HAL_GPIO_Init
                0x0000000008005840      0x354 CMakeFiles/Engineering.elf.dir/Drivers/STM32F4xx_HAL_Driver/Src/stm32f4xx_hal_gpio.c.obj
                0x0000000008005840                HAL_GPIO_Init
 .text.HAL_GPIO_ReadPin
                0x0000000008005b94       0x30 CMakeFiles/Engineering.elf.dir/Drivers/STM32F4xx_HAL_Driver/Src/stm32f4xx_hal_gpio.c.obj
                0x0000000008005b94                HAL_GPIO_ReadPin
 .text.HAL_GPIO_WritePin
                0x0000000008005bc4       0x32 CMakeFiles/Engineering.elf.dir/Drivers/STM32F4xx_HAL_Driver/Src/stm32f4xx_hal_gpio.c.obj
                0x0000000008005bc4                HAL_GPIO_WritePin
 *fill*         0x0000000008005bf6        0x2 
 .text.HAL_RCC_OscConfig
                0x0000000008005bf8      0x484 CMakeFiles/Engineering.elf.dir/Drivers/STM32F4xx_HAL_Driver/Src/stm32f4xx_hal_rcc.c.obj
                0x0000000008005bf8                HAL_RCC_OscConfig
 .text.HAL_RCC_ClockConfig
                0x000000000800607c      0x1c4 CMakeFiles/Engineering.elf.dir/Drivers/STM32F4xx_HAL_Driver/Src/stm32f4xx_hal_rcc.c.obj
                0x000000000800607c                HAL_RCC_ClockConfig
 .text.HAL_RCC_GetSysClockFreq
                0x0000000008006240      0x164 CMakeFiles/Engineering.elf.dir/Drivers/STM32F4xx_HAL_Driver/Src/stm32f4xx_hal_rcc.c.obj
                0x0000000008006240                HAL_RCC_GetSysClockFreq
 .text.HAL_RCC_GetHCLKFreq
                0x00000000080063a4       0x18 CMakeFiles/Engineering.elf.dir/Drivers/STM32F4xx_HAL_Driver/Src/stm32f4xx_hal_rcc.c.obj
                0x00000000080063a4                HAL_RCC_GetHCLKFreq
 .text.HAL_RCC_GetPCLK1Freq
                0x00000000080063bc       0x28 CMakeFiles/Engineering.elf.dir/Drivers/STM32F4xx_HAL_Driver/Src/stm32f4xx_hal_rcc.c.obj
                0x00000000080063bc                HAL_RCC_GetPCLK1Freq
 .text.HAL_RCC_GetPCLK2Freq
                0x00000000080063e4       0x28 CMakeFiles/Engineering.elf.dir/Drivers/STM32F4xx_HAL_Driver/Src/stm32f4xx_hal_rcc.c.obj
                0x00000000080063e4                HAL_RCC_GetPCLK2Freq
 .text.HAL_RCC_GetClockConfig
                0x000000000800640c       0x64 CMakeFiles/Engineering.elf.dir/Drivers/STM32F4xx_HAL_Driver/Src/stm32f4xx_hal_rcc.c.obj
                0x000000000800640c                HAL_RCC_GetClockConfig
 .text.HAL_SPI_Init
                0x0000000008006470       0xc8 CMakeFiles/Engineering.elf.dir/Drivers/STM32F4xx_HAL_Driver/Src/stm32f4xx_hal_spi.c.obj
                0x0000000008006470                HAL_SPI_Init
 .text.HAL_SPI_TransmitReceive
                0x0000000008006538      0x344 CMakeFiles/Engineering.elf.dir/Drivers/STM32F4xx_HAL_Driver/Src/stm32f4xx_hal_spi.c.obj
                0x0000000008006538                HAL_SPI_TransmitReceive
 .text.SPI_WaitFlagStateUntilTimeout
                0x000000000800687c       0xd4 CMakeFiles/Engineering.elf.dir/Drivers/STM32F4xx_HAL_Driver/Src/stm32f4xx_hal_spi.c.obj
 .text.SPI_EndRxTxTransaction
                0x0000000008006950       0x84 CMakeFiles/Engineering.elf.dir/Drivers/STM32F4xx_HAL_Driver/Src/stm32f4xx_hal_spi.c.obj
 .text.HAL_TIM_Base_Init
                0x00000000080069d4       0x56 CMakeFiles/Engineering.elf.dir/Drivers/STM32F4xx_HAL_Driver/Src/stm32f4xx_hal_tim.c.obj
                0x00000000080069d4                HAL_TIM_Base_Init
 .text.HAL_TIM_Base_MspInit
                0x0000000008006a2a       0x14 CMakeFiles/Engineering.elf.dir/Drivers/STM32F4xx_HAL_Driver/Src/stm32f4xx_hal_tim.c.obj
                0x0000000008006a2a                HAL_TIM_Base_MspInit
 .text.HAL_TIM_Base_Start_IT
                0x0000000008006a3e       0x48 CMakeFiles/Engineering.elf.dir/Drivers/STM32F4xx_HAL_Driver/Src/stm32f4xx_hal_tim.c.obj
                0x0000000008006a3e                HAL_TIM_Base_Start_IT
 .text.HAL_TIM_PWM_Init
                0x0000000008006a86       0x56 CMakeFiles/Engineering.elf.dir/Drivers/STM32F4xx_HAL_Driver/Src/stm32f4xx_hal_tim.c.obj
                0x0000000008006a86                HAL_TIM_PWM_Init
 .text.HAL_TIM_PWM_Start
                0x0000000008006adc       0x7c CMakeFiles/Engineering.elf.dir/Drivers/STM32F4xx_HAL_Driver/Src/stm32f4xx_hal_tim.c.obj
                0x0000000008006adc                HAL_TIM_PWM_Start
 .text.HAL_TIM_IRQHandler
                0x0000000008006b58      0x210 CMakeFiles/Engineering.elf.dir/Drivers/STM32F4xx_HAL_Driver/Src/stm32f4xx_hal_tim.c.obj
                0x0000000008006b58                HAL_TIM_IRQHandler
 .text.HAL_TIM_PWM_ConfigChannel
                0x0000000008006d68      0x18c CMakeFiles/Engineering.elf.dir/Drivers/STM32F4xx_HAL_Driver/Src/stm32f4xx_hal_tim.c.obj
                0x0000000008006d68                HAL_TIM_PWM_ConfigChannel
 .text.HAL_TIM_OC_DelayElapsedCallback
                0x0000000008006ef4       0x14 CMakeFiles/Engineering.elf.dir/Drivers/STM32F4xx_HAL_Driver/Src/stm32f4xx_hal_tim.c.obj
                0x0000000008006ef4                HAL_TIM_OC_DelayElapsedCallback
 .text.HAL_TIM_IC_CaptureCallback
                0x0000000008006f08       0x14 CMakeFiles/Engineering.elf.dir/Drivers/STM32F4xx_HAL_Driver/Src/stm32f4xx_hal_tim.c.obj
                0x0000000008006f08                HAL_TIM_IC_CaptureCallback
 .text.HAL_TIM_PWM_PulseFinishedCallback
                0x0000000008006f1c       0x14 CMakeFiles/Engineering.elf.dir/Drivers/STM32F4xx_HAL_Driver/Src/stm32f4xx_hal_tim.c.obj
                0x0000000008006f1c                HAL_TIM_PWM_PulseFinishedCallback
 .text.HAL_TIM_TriggerCallback
                0x0000000008006f30       0x14 CMakeFiles/Engineering.elf.dir/Drivers/STM32F4xx_HAL_Driver/Src/stm32f4xx_hal_tim.c.obj
                0x0000000008006f30                HAL_TIM_TriggerCallback
 .text.TIM_Base_SetConfig
                0x0000000008006f44      0x140 CMakeFiles/Engineering.elf.dir/Drivers/STM32F4xx_HAL_Driver/Src/stm32f4xx_hal_tim.c.obj
                0x0000000008006f44                TIM_Base_SetConfig
 .text.TIM_OC1_SetConfig
                0x0000000008007084       0xe0 CMakeFiles/Engineering.elf.dir/Drivers/STM32F4xx_HAL_Driver/Src/stm32f4xx_hal_tim.c.obj
 .text.TIM_OC2_SetConfig
                0x0000000008007164       0xec CMakeFiles/Engineering.elf.dir/Drivers/STM32F4xx_HAL_Driver/Src/stm32f4xx_hal_tim.c.obj
                0x0000000008007164                TIM_OC2_SetConfig
 .text.TIM_OC3_SetConfig
                0x0000000008007250       0xe8 CMakeFiles/Engineering.elf.dir/Drivers/STM32F4xx_HAL_Driver/Src/stm32f4xx_hal_tim.c.obj
 .text.TIM_OC4_SetConfig
                0x0000000008007338       0xac CMakeFiles/Engineering.elf.dir/Drivers/STM32F4xx_HAL_Driver/Src/stm32f4xx_hal_tim.c.obj
 .text.TIM_CCxChannelCmd
                0x00000000080073e4       0x4a CMakeFiles/Engineering.elf.dir/Drivers/STM32F4xx_HAL_Driver/Src/stm32f4xx_hal_tim.c.obj
                0x00000000080073e4                TIM_CCxChannelCmd
 .text.HAL_TIMEx_MasterConfigSynchronization
                0x000000000800742e       0x8a CMakeFiles/Engineering.elf.dir/Drivers/STM32F4xx_HAL_Driver/Src/stm32f4xx_hal_tim_ex.c.obj
                0x000000000800742e                HAL_TIMEx_MasterConfigSynchronization
 .text.HAL_TIMEx_ConfigBreakDeadTime
                0x00000000080074b8       0xa4 CMakeFiles/Engineering.elf.dir/Drivers/STM32F4xx_HAL_Driver/Src/stm32f4xx_hal_tim_ex.c.obj
                0x00000000080074b8                HAL_TIMEx_ConfigBreakDeadTime
 .text.HAL_TIMEx_CommutCallback
                0x000000000800755c       0x14 CMakeFiles/Engineering.elf.dir/Drivers/STM32F4xx_HAL_Driver/Src/stm32f4xx_hal_tim_ex.c.obj
                0x000000000800755c                HAL_TIMEx_CommutCallback
 .text.HAL_TIMEx_BreakCallback
                0x0000000008007570       0x14 CMakeFiles/Engineering.elf.dir/Drivers/STM32F4xx_HAL_Driver/Src/stm32f4xx_hal_tim_ex.c.obj
                0x0000000008007570                HAL_TIMEx_BreakCallback
 .text.HAL_UART_Init
                0x0000000008007584       0x9a CMakeFiles/Engineering.elf.dir/Drivers/STM32F4xx_HAL_Driver/Src/stm32f4xx_hal_uart.c.obj
                0x0000000008007584                HAL_UART_Init
 .text.HAL_UART_Transmit
                0x000000000800761e      0x132 CMakeFiles/Engineering.elf.dir/Drivers/STM32F4xx_HAL_Driver/Src/stm32f4xx_hal_uart.c.obj
                0x000000000800761e                HAL_UART_Transmit
 .text.HAL_UART_Receive_IT
                0x0000000008007750       0xaa CMakeFiles/Engineering.elf.dir/Drivers/STM32F4xx_HAL_Driver/Src/stm32f4xx_hal_uart.c.obj
                0x0000000008007750                HAL_UART_Receive_IT
 *fill*         0x00000000080077fa        0x2 
 .text.HAL_UART_Receive_DMA
                0x00000000080077fc      0x100 CMakeFiles/Engineering.elf.dir/Drivers/STM32F4xx_HAL_Driver/Src/stm32f4xx_hal_uart.c.obj
                0x00000000080077fc                HAL_UART_Receive_DMA
 .text.HAL_UART_DMAStop
                0x00000000080078fc       0xb6 CMakeFiles/Engineering.elf.dir/Drivers/STM32F4xx_HAL_Driver/Src/stm32f4xx_hal_uart.c.obj
                0x00000000080078fc                HAL_UART_DMAStop
 *fill*         0x00000000080079b2        0x2 
 .text.HAL_UART_IRQHandler
                0x00000000080079b4      0x1f8 CMakeFiles/Engineering.elf.dir/Drivers/STM32F4xx_HAL_Driver/Src/stm32f4xx_hal_uart.c.obj
                0x00000000080079b4                HAL_UART_IRQHandler
 .text.HAL_UART_TxCpltCallback
                0x0000000008007bac       0x14 CMakeFiles/Engineering.elf.dir/Drivers/STM32F4xx_HAL_Driver/Src/stm32f4xx_hal_uart.c.obj
                0x0000000008007bac                HAL_UART_TxCpltCallback
 .text.HAL_UART_RxCpltCallback
                0x0000000008007bc0       0x14 CMakeFiles/Engineering.elf.dir/Drivers/STM32F4xx_HAL_Driver/Src/stm32f4xx_hal_uart.c.obj
                0x0000000008007bc0                HAL_UART_RxCpltCallback
 .text.HAL_UART_RxHalfCpltCallback
                0x0000000008007bd4       0x14 CMakeFiles/Engineering.elf.dir/Drivers/STM32F4xx_HAL_Driver/Src/stm32f4xx_hal_uart.c.obj
                0x0000000008007bd4                HAL_UART_RxHalfCpltCallback
 .text.HAL_UART_ErrorCallback
                0x0000000008007be8       0x14 CMakeFiles/Engineering.elf.dir/Drivers/STM32F4xx_HAL_Driver/Src/stm32f4xx_hal_uart.c.obj
                0x0000000008007be8                HAL_UART_ErrorCallback
 .text.UART_DMAReceiveCplt
                0x0000000008007bfc       0x68 CMakeFiles/Engineering.elf.dir/Drivers/STM32F4xx_HAL_Driver/Src/stm32f4xx_hal_uart.c.obj
 .text.UART_DMARxHalfCplt
                0x0000000008007c64       0x1c CMakeFiles/Engineering.elf.dir/Drivers/STM32F4xx_HAL_Driver/Src/stm32f4xx_hal_uart.c.obj
 .text.UART_DMAError
                0x0000000008007c80       0x94 CMakeFiles/Engineering.elf.dir/Drivers/STM32F4xx_HAL_Driver/Src/stm32f4xx_hal_uart.c.obj
 .text.UART_WaitOnFlagUntilTimeout
                0x0000000008007d14       0x94 CMakeFiles/Engineering.elf.dir/Drivers/STM32F4xx_HAL_Driver/Src/stm32f4xx_hal_uart.c.obj
 .text.UART_EndTxTransfer
                0x0000000008007da8       0x2c CMakeFiles/Engineering.elf.dir/Drivers/STM32F4xx_HAL_Driver/Src/stm32f4xx_hal_uart.c.obj
 .text.UART_EndRxTransfer
                0x0000000008007dd4       0x3c CMakeFiles/Engineering.elf.dir/Drivers/STM32F4xx_HAL_Driver/Src/stm32f4xx_hal_uart.c.obj
 .text.UART_DMAAbortOnError
                0x0000000008007e10       0x28 CMakeFiles/Engineering.elf.dir/Drivers/STM32F4xx_HAL_Driver/Src/stm32f4xx_hal_uart.c.obj
 .text.UART_Transmit_IT
                0x0000000008007e38       0xac CMakeFiles/Engineering.elf.dir/Drivers/STM32F4xx_HAL_Driver/Src/stm32f4xx_hal_uart.c.obj
 .text.UART_EndTransmit_IT
                0x0000000008007ee4       0x30 CMakeFiles/Engineering.elf.dir/Drivers/STM32F4xx_HAL_Driver/Src/stm32f4xx_hal_uart.c.obj
 .text.UART_Receive_IT
                0x0000000008007f14      0x102 CMakeFiles/Engineering.elf.dir/Drivers/STM32F4xx_HAL_Driver/Src/stm32f4xx_hal_uart.c.obj
 *fill*         0x0000000008008016        0x2 
 .text.UART_SetConfig
                0x0000000008008018      0x414 CMakeFiles/Engineering.elf.dir/Drivers/STM32F4xx_HAL_Driver/Src/stm32f4xx_hal_uart.c.obj
 .text._ZN3PID9calculateEf
                0x000000000800842c      0x188 CMakeFiles/Engineering.elf.dir/Middlewares/Arithmetic/PID/PID.cpp.obj
                0x000000000800842c                PID::calculate(float)
 .text._ZN3PIDC2Ettfsfff
                0x00000000080085b4       0xa2 CMakeFiles/Engineering.elf.dir/Middlewares/Arithmetic/PID/PID.cpp.obj
                0x00000000080085b4                PID::PID(unsigned short, unsigned short, float, short, float, float, float)
                0x00000000080085b4                PID::PID(unsigned short, unsigned short, float, short, float, float, float)
 .text._ZN3PID9setTargetEf
                0x0000000008008656       0x1e CMakeFiles/Engineering.elf.dir/Middlewares/Arithmetic/PID/PID.cpp.obj
                0x0000000008008656                PID::setTarget(float)
 .text._ZN3PID9setOutMaxEt
                0x0000000008008674       0x28 CMakeFiles/Engineering.elf.dir/Middlewares/Arithmetic/PID/PID.cpp.obj
                0x0000000008008674                PID::setOutMax(unsigned short)
 .text._ZN16AttitudeListener6updataEv
                0x000000000800869c       0x24 CMakeFiles/Engineering.elf.dir/Middlewares/AttitudeListenner/AttitudeListener.cpp.obj
                0x000000000800869c                AttitudeListener::updata()
 .text._ZN16AttitudeListener4InitEv
                0x00000000080086c0       0x50 CMakeFiles/Engineering.elf.dir/Middlewares/AttitudeListenner/AttitudeListener.cpp.obj
                0x00000000080086c0                AttitudeListener::Init()
 .text._Z20AttitudeListenerTaskPKv
                0x0000000008008710       0x14 CMakeFiles/Engineering.elf.dir/Middlewares/AttitudeListenner/AttitudeListener.cpp.obj
                0x0000000008008710                AttitudeListenerTask(void const*)
 .text._ZN11CanPortListC2Ev
                0x0000000008008724       0x24 CMakeFiles/Engineering.elf.dir/Middlewares/CanBusManager/CanBusManger.cpp.obj
                0x0000000008008724                CanPortList::CanPortList()
                0x0000000008008724                CanPortList::CanPortList()
 .text._ZN12CanBusManger4InitEv
                0x0000000008008748      0x160 CMakeFiles/Engineering.elf.dir/Middlewares/CanBusManager/CanBusManger.cpp.obj
                0x0000000008008748                CanBusManger::Init()
 .text._ZN12CanBusManger6UpdataEv
                0x00000000080088a8       0xa4 CMakeFiles/Engineering.elf.dir/Middlewares/CanBusManager/CanBusManger.cpp.obj
                0x00000000080088a8                CanBusManger::Updata()
 .text._ZN12CanBusManger12SendData_200Ev
                0x000000000800894c       0x48 CMakeFiles/Engineering.elf.dir/Middlewares/CanBusManager/CanBusManger.cpp.obj
                0x000000000800894c                CanBusManger::SendData_200()
 .text._ZN12CanBusManger12SendData_1ffEv
                0x0000000008008994       0x48 CMakeFiles/Engineering.elf.dir/Middlewares/CanBusManager/CanBusManger.cpp.obj
                0x0000000008008994                CanBusManger::SendData_1ff()
 .text._ZN12CanBusManger12SendData_2ffEv
                0x00000000080089dc       0x48 CMakeFiles/Engineering.elf.dir/Middlewares/CanBusManager/CanBusManger.cpp.obj
                0x00000000080089dc                CanBusManger::SendData_2ff()
 .text._ZN12CanBusManger11GetPortListEv
                0x0000000008008a24       0x18 CMakeFiles/Engineering.elf.dir/Middlewares/CanBusManager/CanBusManger.cpp.obj
                0x0000000008008a24                CanBusManger::GetPortList()
 .text._ZN12CanBusManger11TxBufUpdateEt
                0x0000000008008a3c      0x340 CMakeFiles/Engineering.elf.dir/Middlewares/CanBusManager/CanBusManger.cpp.obj
                0x0000000008008a3c                CanBusManger::TxBufUpdate(unsigned short)
 .text._ZN12CanBusManger10IsCan1PortEt
                0x0000000008008d7c       0x50 CMakeFiles/Engineering.elf.dir/Middlewares/CanBusManager/CanBusManger.cpp.obj
                0x0000000008008d7c                CanBusManger::IsCan1Port(unsigned short)
 .text._ZN12CanBusManger10IsCan2PortEt
                0x0000000008008dcc       0x50 CMakeFiles/Engineering.elf.dir/Middlewares/CanBusManager/CanBusManger.cpp.obj
                0x0000000008008dcc                CanBusManger::IsCan2Port(unsigned short)
 .text._ZN12CanBusManger11printDriverEv
                0x0000000008008e1c       0x84 CMakeFiles/Engineering.elf.dir/Middlewares/CanBusManager/CanBusManger.cpp.obj
                0x0000000008008e1c                CanBusManger::printDriver()
 .text._Z16CanBusMangerCallPKv
                0x0000000008008ea0       0x82 CMakeFiles/Engineering.elf.dir/Middlewares/CanBusManager/CanBusManger.cpp.obj
                0x0000000008008ea0                CanBusMangerCall(void const*)
 *fill*         0x0000000008008f22        0x2 
 .text._ZN9Plus_ListIP7CanPortEC2Ev
                0x0000000008008f24       0x30 CMakeFiles/Engineering.elf.dir/Middlewares/CanBusManager/CanBusManger.cpp.obj
                0x0000000008008f24                Plus_List<CanPort*>::Plus_List()
                0x0000000008008f24                Plus_List<CanPort*>::Plus_List()
 .text._ZN9Plus_ListIP7CanPortE3addES1_
                0x0000000008008f54       0x4a CMakeFiles/Engineering.elf.dir/Middlewares/CanBusManager/CanBusManger.cpp.obj
                0x0000000008008f54                Plus_List<CanPort*>::add(CanPort*)
 .text._ZN9Plus_ListIP7CanPortE3getEt
                0x0000000008008f9e       0x48 CMakeFiles/Engineering.elf.dir/Middlewares/CanBusManager/CanBusManger.cpp.obj
                0x0000000008008f9e                Plus_List<CanPort*>::get(unsigned short)
 .text._ZN4nodeIP7CanPortEC2Ev
                0x0000000008008fe6       0x1c CMakeFiles/Engineering.elf.dir/Middlewares/CanBusManager/CanBusManger.cpp.obj
                0x0000000008008fe6                node<CanPort*>::node()
                0x0000000008008fe6                node<CanPort*>::node()
 .text._ZN4nodeIP7CanPortEC2ES1_
                0x0000000008009002       0x24 CMakeFiles/Engineering.elf.dir/Middlewares/CanBusManager/CanBusManger.cpp.obj
                0x0000000008009002                node<CanPort*>::node(CanPort*)
                0x0000000008009002                node<CanPort*>::node(CanPort*)
 .text._ZN9Plus_ListIP7CanPortE5indexES1_
                0x0000000008009026       0x4a CMakeFiles/Engineering.elf.dir/Middlewares/CanBusManager/CanBusManger.cpp.obj
                0x0000000008009026                Plus_List<CanPort*>::index(CanPort*)
 .text._ZN11CanListenerC2Et
                0x0000000008009070       0x2c CMakeFiles/Engineering.elf.dir/Middlewares/CanBusManager/CanListener/CanListener.cpp.obj
                0x0000000008009070                CanListener::CanListener(unsigned short)
                0x0000000008009070                CanListener::CanListener(unsigned short)
 .text._ZN11CanListener7GetDataEv
                0x000000000800909c       0x1c CMakeFiles/Engineering.elf.dir/Middlewares/CanBusManager/CanListener/CanListener.cpp.obj
                0x000000000800909c                CanListener::GetData()
 .text._ZN11CanListener9WriteDataEs
                0x00000000080090b8       0x24 CMakeFiles/Engineering.elf.dir/Middlewares/CanBusManager/CanListener/CanListener.cpp.obj
                0x00000000080090b8                CanListener::WriteData(short)
 .text._ZN11CanListener8isOnlineEv
                0x00000000080090dc       0x1c CMakeFiles/Engineering.elf.dir/Middlewares/CanBusManager/CanListener/CanListener.cpp.obj
                0x00000000080090dc                CanListener::isOnline()
 .text._ZN7CanPortC2Et
                0x00000000080090f8       0x34 CMakeFiles/Engineering.elf.dir/Middlewares/CanBusManager/CanPort/CanPort.cpp.obj
                0x00000000080090f8                CanPort::CanPort(unsigned short)
                0x00000000080090f8                CanPort::CanPort(unsigned short)
 .text._ZN7CanPort9GetRxDataEv
                0x000000000800912c       0x18 CMakeFiles/Engineering.elf.dir/Middlewares/CanBusManager/CanPort/CanPort.cpp.obj
                0x000000000800912c                CanPort::GetRxData()
 .text._ZN7CanPort9GetTxDataEv
                0x0000000008009144       0x18 CMakeFiles/Engineering.elf.dir/Middlewares/CanBusManager/CanPort/CanPort.cpp.obj
                0x0000000008009144                CanPort::GetTxData()
 .text._ZN7CanPort5GetIDEv
                0x000000000800915c       0x18 CMakeFiles/Engineering.elf.dir/Middlewares/CanBusManager/CanPort/CanPort.cpp.obj
                0x000000000800915c                CanPort::GetID()
 .text._ZN7CanPort9WriteDataEs
                0x0000000008009174       0x2c CMakeFiles/Engineering.elf.dir/Middlewares/CanBusManager/CanPort/CanPort.cpp.obj
                0x0000000008009174                CanPort::WriteData(short)
 .text._ZN7CanPort11ReceiveDataEPh
                0x00000000080091a0       0x42 CMakeFiles/Engineering.elf.dir/Middlewares/CanBusManager/CanPort/CanPort.cpp.obj
                0x00000000080091a0                CanPort::ReceiveData(unsigned char*)
 .text._ZN7CanPort11ClearTxDataEv
                0x00000000080091e2       0x20 CMakeFiles/Engineering.elf.dir/Middlewares/CanBusManager/CanPort/CanPort.cpp.obj
                0x00000000080091e2                CanPort::ClearTxData()
 .text._ZN7CanPort11ClearRxDataEv
                0x0000000008009202       0x32 CMakeFiles/Engineering.elf.dir/Middlewares/CanBusManager/CanPort/CanPort.cpp.obj
                0x0000000008009202                CanPort::ClearRxData()
 .text._ZN7CanPort8isOnlineEv
                0x0000000008009234       0x18 CMakeFiles/Engineering.elf.dir/Middlewares/CanBusManager/CanPort/CanPort.cpp.obj
                0x0000000008009234                CanPort::isOnline()
 .text._ZN11CanPortList8getForIdEt
                0x000000000800924c       0x7a CMakeFiles/Engineering.elf.dir/Middlewares/CanBusManager/CanPort/CanPortList.cpp.obj
                0x000000000800924c                CanPortList::getForId(unsigned short)
 .text._ZN9Plus_ListIP7CanPortE6lengthEv
                0x00000000080092c6       0x36 CMakeFiles/Engineering.elf.dir/Middlewares/CanBusManager/CanPort/CanPortList.cpp.obj
                0x00000000080092c6                Plus_List<CanPort*>::length()
 .text._ZN8CanTxBuf3SetEhh
                0x00000000080092fc       0x24 CMakeFiles/Engineering.elf.dir/Middlewares/CanBusManager/CanTxBuf/CanTxBuf.cpp.obj
                0x00000000080092fc                CanTxBuf::Set(unsigned char, unsigned char)
 .text._ZN8CanTxBuf3GetEv
                0x0000000008009320       0x16 CMakeFiles/Engineering.elf.dir/Middlewares/CanBusManager/CanTxBuf/CanTxBuf.cpp.obj
                0x0000000008009320                CanTxBuf::Get()
 *fill*         0x0000000008009336        0x2 
 .text._ZN11CourtSystem4InitEv
                0x0000000008009338       0x38 CMakeFiles/Engineering.elf.dir/Middlewares/CourtSystem/CourtSystem.cpp.obj
                0x0000000008009338                CourtSystem::Init()
 .text._ZN18ChassisControlUnit4InitEv
                0x0000000008009370      0x1bc CMakeFiles/Engineering.elf.dir/Middlewares/MotorControlSystem/ChassisControlUnit/ChassisControlUnit.cpp.obj
                0x0000000008009370                ChassisControlUnit::Init()
 .text._ZN18ChassisControlUnit13UpdateCanParmEv
                0x000000000800952c       0x40 CMakeFiles/Engineering.elf.dir/Middlewares/MotorControlSystem/ChassisControlUnit/ChassisControlUnit.cpp.obj
                0x000000000800952c                ChassisControlUnit::UpdateCanParm()
 *fill*         0x000000000800956c        0x4 
 .text._ZN18ChassisControlUnit26UpdateControlParmForRemoteEv
                0x0000000008009570       0xc4 CMakeFiles/Engineering.elf.dir/Middlewares/MotorControlSystem/ChassisControlUnit/ChassisControlUnit.cpp.obj
                0x0000000008009570                ChassisControlUnit::UpdateControlParmForRemote()
 *fill*         0x0000000008009634        0x4 
 .text._ZN18ChassisControlUnit22RunMotorForControlParmEv
                0x0000000008009638      0x264 CMakeFiles/Engineering.elf.dir/Middlewares/MotorControlSystem/ChassisControlUnit/ChassisControlUnit.cpp.obj
                0x0000000008009638                ChassisControlUnit::RunMotorForControlParm()
 .text._ZN18ChassisControlUnit8IsOnlineEv
                0x000000000800989c       0x9c CMakeFiles/Engineering.elf.dir/Middlewares/MotorControlSystem/ChassisControlUnit/ChassisControlUnit.cpp.obj
                0x000000000800989c                ChassisControlUnit::IsOnline()
 .text._ZN18ChassisControlUnit22UpdateControlParmForPCEv
                0x0000000008009938      0x4ac CMakeFiles/Engineering.elf.dir/Middlewares/MotorControlSystem/ChassisControlUnit/ChassisControlUnit.cpp.obj
                0x0000000008009938                ChassisControlUnit::UpdateControlParmForPC()
 .text._ZN9Plus_ListIP5C6020EC2Ev
                0x0000000008009de4       0x30 CMakeFiles/Engineering.elf.dir/Middlewares/MotorControlSystem/ChassisControlUnit/ChassisControlUnit.cpp.obj
                0x0000000008009de4                Plus_List<C6020*>::Plus_List()
                0x0000000008009de4                Plus_List<C6020*>::Plus_List()
 .text._ZN9Plus_ListIP5C6020E3addES1_
                0x0000000008009e14       0x4a CMakeFiles/Engineering.elf.dir/Middlewares/MotorControlSystem/ChassisControlUnit/ChassisControlUnit.cpp.obj
                0x0000000008009e14                Plus_List<C6020*>::add(C6020*)
 .text._ZN9Plus_ListIP5C6020E3getEt
                0x0000000008009e5e       0x48 CMakeFiles/Engineering.elf.dir/Middlewares/MotorControlSystem/ChassisControlUnit/ChassisControlUnit.cpp.obj
                0x0000000008009e5e                Plus_List<C6020*>::get(unsigned short)
 .text._ZN4nodeIP5C6020EC2Ev
                0x0000000008009ea6       0x1c CMakeFiles/Engineering.elf.dir/Middlewares/MotorControlSystem/ChassisControlUnit/ChassisControlUnit.cpp.obj
                0x0000000008009ea6                node<C6020*>::node()
                0x0000000008009ea6                node<C6020*>::node()
 .text._ZN4nodeIP5C6020EC2ES1_
                0x0000000008009ec2       0x24 CMakeFiles/Engineering.elf.dir/Middlewares/MotorControlSystem/ChassisControlUnit/ChassisControlUnit.cpp.obj
                0x0000000008009ec2                node<C6020*>::node(C6020*)
                0x0000000008009ec2                node<C6020*>::node(C6020*)
 .text._ZN9Plus_ListIP5C6020E5indexES1_
                0x0000000008009ee6       0x4a CMakeFiles/Engineering.elf.dir/Middlewares/MotorControlSystem/ChassisControlUnit/ChassisControlUnit.cpp.obj
                0x0000000008009ee6                Plus_List<C6020*>::index(C6020*)
 .text._ZN18MotorControlSystem4InitEv
                0x0000000008009f30       0x44 CMakeFiles/Engineering.elf.dir/Middlewares/MotorControlSystem/MotorControlSystem.cpp.obj
                0x0000000008009f30                MotorControlSystem::Init()
 .text._ZN18MotorControlSystem13UpdateCanParmEv
                0x0000000008009f74       0x14 CMakeFiles/Engineering.elf.dir/Middlewares/MotorControlSystem/MotorControlSystem.cpp.obj
                0x0000000008009f74                MotorControlSystem::UpdateCanParm()
 .text._ZN18MotorControlSystem17UpdateControlParmEv
                0x0000000008009f88       0x46 CMakeFiles/Engineering.elf.dir/Middlewares/MotorControlSystem/MotorControlSystem.cpp.obj
                0x0000000008009f88                MotorControlSystem::UpdateControlParm()
 .text._ZN18MotorControlSystem10RunChassisEv
                0x0000000008009fce        0xc CMakeFiles/Engineering.elf.dir/Middlewares/MotorControlSystem/MotorControlSystem.cpp.obj
                0x0000000008009fce                MotorControlSystem::RunChassis()
 .text._ZN18MotorControlSystem13ChassisOnlineEv
                0x0000000008009fda        0xe CMakeFiles/Engineering.elf.dir/Middlewares/MotorControlSystem/MotorControlSystem.cpp.obj
                0x0000000008009fda                MotorControlSystem::ChassisOnline()
 .text._Z17ChassisControllerPKv
                0x0000000008009fe8       0x1e CMakeFiles/Engineering.elf.dir/Middlewares/MotorControlSystem/MotorControlSystem.cpp.obj
                0x0000000008009fe8                ChassisController(void const*)
 *fill*         0x000000000800a006        0x2 
 .text._ZN12TakeShotUnit4InitEv
                0x000000000800a008      0x2cc CMakeFiles/Engineering.elf.dir/Middlewares/MotorControlSystem/TakeShotUnit/TakeShotUnit.cpp.obj
                0x000000000800a008                TakeShotUnit::Init()
 .text._ZN12TakeShotUnit21UpdateMotorParmForCanEv
                0x000000000800a2d4       0x48 CMakeFiles/Engineering.elf.dir/Middlewares/MotorControlSystem/TakeShotUnit/TakeShotUnit.cpp.obj
                0x000000000800a2d4                TakeShotUnit::UpdateMotorParmForCan()
 .text._ZN12TakeShotUnit26UpdateControlPramForRemoteEv
                0x000000000800a31c        0xe CMakeFiles/Engineering.elf.dir/Middlewares/MotorControlSystem/TakeShotUnit/TakeShotUnit.cpp.obj
                0x000000000800a31c                TakeShotUnit::UpdateControlPramForRemote()
 *fill*         0x000000000800a32a        0x2 
 .text._ZN12TakeShotUnit22UpdateControlPramForPCEv
                0x000000000800a32c      0x2e8 CMakeFiles/Engineering.elf.dir/Middlewares/MotorControlSystem/TakeShotUnit/TakeShotUnit.cpp.obj
                0x000000000800a32c                TakeShotUnit::UpdateControlPramForPC()
 .text._ZN12TakeShotUnit5ArmUpEv
                0x000000000800a614       0x1c CMakeFiles/Engineering.elf.dir/Middlewares/MotorControlSystem/TakeShotUnit/TakeShotUnit.cpp.obj
                0x000000000800a614                TakeShotUnit::ArmUp()
 .text._ZN12TakeShotUnit7ArmDownEv
                0x000000000800a630       0x1c CMakeFiles/Engineering.elf.dir/Middlewares/MotorControlSystem/TakeShotUnit/TakeShotUnit.cpp.obj
                0x000000000800a630                TakeShotUnit::ArmDown()
 .text._ZN12TakeShotUnit7ArmOpenEv
                0x000000000800a64c       0x18 CMakeFiles/Engineering.elf.dir/Middlewares/MotorControlSystem/TakeShotUnit/TakeShotUnit.cpp.obj
                0x000000000800a64c                TakeShotUnit::ArmOpen()
 .text._ZN12TakeShotUnit8ArmCloseEv
                0x000000000800a664       0x18 CMakeFiles/Engineering.elf.dir/Middlewares/MotorControlSystem/TakeShotUnit/TakeShotUnit.cpp.obj
                0x000000000800a664                TakeShotUnit::ArmClose()
 .text._ZN12TakeShotUnit8ArmGetUpEv
                0x000000000800a67c       0x1c CMakeFiles/Engineering.elf.dir/Middlewares/MotorControlSystem/TakeShotUnit/TakeShotUnit.cpp.obj
                0x000000000800a67c                TakeShotUnit::ArmGetUp()
 .text._ZN12TakeShotUnit10ArmGetDownEv
                0x000000000800a698       0x1c CMakeFiles/Engineering.elf.dir/Middlewares/MotorControlSystem/TakeShotUnit/TakeShotUnit.cpp.obj
                0x000000000800a698                TakeShotUnit::ArmGetDown()
 .text._ZN12TakeShotUnit10IsTakeModeEv
                0x000000000800a6b4       0x18 CMakeFiles/Engineering.elf.dir/Middlewares/MotorControlSystem/TakeShotUnit/TakeShotUnit.cpp.obj
                0x000000000800a6b4                TakeShotUnit::IsTakeMode()
 *fill*         0x000000000800a6cc        0x4 
 .text._ZN12TakeShotUnit12AutoTakeShotEv
                0x000000000800a6d0      0x110 CMakeFiles/Engineering.elf.dir/Middlewares/MotorControlSystem/TakeShotUnit/TakeShotUnit.cpp.obj
                0x000000000800a6d0                TakeShotUnit::AutoTakeShot()
 .text._Z18TakeShotControllerPKv
                0x000000000800a7e0      0x29c CMakeFiles/Engineering.elf.dir/Middlewares/MotorControlSystem/TakeShotUnit/TakeShotUnit.cpp.obj
                0x000000000800a7e0                TakeShotController(void const*)
 .text._ZN19UpIslandControlUnit4InitEv
                0x000000000800aa7c      0x138 CMakeFiles/Engineering.elf.dir/Middlewares/MotorControlSystem/UpIslandControlUnit/UpIslandControlUnit.cpp.obj
                0x000000000800aa7c                UpIslandControlUnit::Init()
 .text._ZN19UpIslandControlUnit9OpenMotorEv
                0x000000000800abb4       0x1c CMakeFiles/Engineering.elf.dir/Middlewares/MotorControlSystem/UpIslandControlUnit/UpIslandControlUnit.cpp.obj
                0x000000000800abb4                UpIslandControlUnit::OpenMotor()
 .text._ZN19UpIslandControlUnit10CloseMotorEv
                0x000000000800abd0       0x18 CMakeFiles/Engineering.elf.dir/Middlewares/MotorControlSystem/UpIslandControlUnit/UpIslandControlUnit.cpp.obj
                0x000000000800abd0                UpIslandControlUnit::CloseMotor()
 .text._ZN19UpIslandControlUnit21UpdateMotorPramForCanEv
                0x000000000800abe8       0x30 CMakeFiles/Engineering.elf.dir/Middlewares/MotorControlSystem/UpIslandControlUnit/UpIslandControlUnit.cpp.obj
                0x000000000800abe8                UpIslandControlUnit::UpdateMotorPramForCan()
 .text._ZN19UpIslandControlUnit26UpdateControlPramForRemoteEv
                0x000000000800ac18       0x36 CMakeFiles/Engineering.elf.dir/Middlewares/MotorControlSystem/UpIslandControlUnit/UpIslandControlUnit.cpp.obj
                0x000000000800ac18                UpIslandControlUnit::UpdateControlPramForRemote()
 *fill*         0x000000000800ac4e        0x2 
 .text._ZN19UpIslandControlUnit22UpdateControlPramForPCEv
                0x000000000800ac50       0x44 CMakeFiles/Engineering.elf.dir/Middlewares/MotorControlSystem/UpIslandControlUnit/UpIslandControlUnit.cpp.obj
                0x000000000800ac50                UpIslandControlUnit::UpdateControlPramForPC()
 .text._Z18UpIslandControllerPKv
                0x000000000800ac94       0xd8 CMakeFiles/Engineering.elf.dir/Middlewares/MotorControlSystem/UpIslandControlUnit/UpIslandControlUnit.cpp.obj
                0x000000000800ac94                UpIslandController(void const*)
 .text._ZN14RemoteListener4InitEv
                0x000000000800ad6c       0x7c CMakeFiles/Engineering.elf.dir/Middlewares/RemoteListener/RemoteListener.cpp.obj
                0x000000000800ad6c                RemoteListener::Init()
 .text._ZN14RemoteListener11ReceiveDataEv
                0x000000000800ade8      0x1a4 CMakeFiles/Engineering.elf.dir/Middlewares/RemoteListener/RemoteListener.cpp.obj
                0x000000000800ade8                RemoteListener::ReceiveData()
 .text._ZN14RemoteListener8IsOnlineEv
                0x000000000800af8c       0xd0 CMakeFiles/Engineering.elf.dir/Middlewares/RemoteListener/RemoteListener.cpp.obj
                0x000000000800af8c                RemoteListener::IsOnline()
 .text._ZN14RemoteListener7HaveKeyE3KEY
                0x000000000800b05c       0x40 CMakeFiles/Engineering.elf.dir/Middlewares/RemoteListener/RemoteListener.cpp.obj
                0x000000000800b05c                RemoteListener::HaveKey(KEY)
 .text._ZN14RemoteListener7GetDataEv
                0x000000000800b09c       0x2c CMakeFiles/Engineering.elf.dir/Middlewares/RemoteListener/RemoteListener.cpp.obj
                0x000000000800b09c                RemoteListener::GetData()
 .text._ZN14RemoteListener11GetLastDataEv
                0x000000000800b0c8       0x2c CMakeFiles/Engineering.elf.dir/Middlewares/RemoteListener/RemoteListener.cpp.obj
                0x000000000800b0c8                RemoteListener::GetLastData()
 .text._ZN14RemoteListener11LastHaveKeyE3KEY
                0x000000000800b0f4       0x40 CMakeFiles/Engineering.elf.dir/Middlewares/RemoteListener/RemoteListener.cpp.obj
                0x000000000800b0f4                RemoteListener::LastHaveKey(KEY)
 .text._Z18RemoteListenerCallPKv
                0x000000000800b134       0x22 CMakeFiles/Engineering.elf.dir/Middlewares/RemoteListener/RemoteListener.cpp.obj
                0x000000000800b134                RemoteListenerCall(void const*)
 .text.makeFreeRtosPriority
                0x000000000800b156       0x30 CMakeFiles/Engineering.elf.dir/Middlewares/Third_Party/FreeRTOS/Source/CMSIS_RTOS/cmsis_os.c.obj
 .text.inHandlerMode
                0x000000000800b186       0x24 CMakeFiles/Engineering.elf.dir/Middlewares/Third_Party/FreeRTOS/Source/CMSIS_RTOS/cmsis_os.c.obj
 .text.osKernelStart
                0x000000000800b1aa        0xe CMakeFiles/Engineering.elf.dir/Middlewares/Third_Party/FreeRTOS/Source/CMSIS_RTOS/cmsis_os.c.obj
                0x000000000800b1aa                osKernelStart
 .text.osThreadCreate
                0x000000000800b1b8       0x98 CMakeFiles/Engineering.elf.dir/Middlewares/Third_Party/FreeRTOS/Source/CMSIS_RTOS/cmsis_os.c.obj
                0x000000000800b1b8                osThreadCreate
 .text.osDelay  0x000000000800b250       0x28 CMakeFiles/Engineering.elf.dir/Middlewares/Third_Party/FreeRTOS/Source/CMSIS_RTOS/cmsis_os.c.obj
                0x000000000800b250                osDelay
 .text.osThreadSuspend
                0x000000000800b278       0x18 CMakeFiles/Engineering.elf.dir/Middlewares/Third_Party/FreeRTOS/Source/CMSIS_RTOS/cmsis_os.c.obj
                0x000000000800b278                osThreadSuspend
 .text.osThreadResume
                0x000000000800b290       0x44 CMakeFiles/Engineering.elf.dir/Middlewares/Third_Party/FreeRTOS/Source/CMSIS_RTOS/cmsis_os.c.obj
                0x000000000800b290                osThreadResume
 .text.vListInitialise
                0x000000000800b2d4       0x40 CMakeFiles/Engineering.elf.dir/Middlewares/Third_Party/FreeRTOS/Source/list.c.obj
                0x000000000800b2d4                vListInitialise
 .text.vListInitialiseItem
                0x000000000800b314       0x1a CMakeFiles/Engineering.elf.dir/Middlewares/Third_Party/FreeRTOS/Source/list.c.obj
                0x000000000800b314                vListInitialiseItem
 .text.vListInsertEnd
                0x000000000800b32e       0x48 CMakeFiles/Engineering.elf.dir/Middlewares/Third_Party/FreeRTOS/Source/list.c.obj
                0x000000000800b32e                vListInsertEnd
 .text.vListInsert
                0x000000000800b376       0x72 CMakeFiles/Engineering.elf.dir/Middlewares/Third_Party/FreeRTOS/Source/list.c.obj
                0x000000000800b376                vListInsert
 .text.uxListRemove
                0x000000000800b3e8       0x54 CMakeFiles/Engineering.elf.dir/Middlewares/Third_Party/FreeRTOS/Source/list.c.obj
                0x000000000800b3e8                uxListRemove
 .text.pxPortInitialiseStack
                0x000000000800b43c       0x68 CMakeFiles/Engineering.elf.dir/Middlewares/Third_Party/FreeRTOS/Source/portable/GCC/ARM_CM4F/port.c.obj
                0x000000000800b43c                pxPortInitialiseStack
 .text.prvTaskExitError
                0x000000000800b4a4       0x54 CMakeFiles/Engineering.elf.dir/Middlewares/Third_Party/FreeRTOS/Source/portable/GCC/ARM_CM4F/port.c.obj
 *fill*         0x000000000800b4f8        0x8 
 .text.SVC_Handler
                0x000000000800b500       0x28 CMakeFiles/Engineering.elf.dir/Middlewares/Third_Party/FreeRTOS/Source/portable/GCC/ARM_CM4F/port.c.obj
                0x000000000800b500                SVC_Handler
 .text.prvPortStartFirstTask
                0x000000000800b528       0x28 CMakeFiles/Engineering.elf.dir/Middlewares/Third_Party/FreeRTOS/Source/portable/GCC/ARM_CM4F/port.c.obj
 .text.xPortStartScheduler
                0x000000000800b550      0x13c CMakeFiles/Engineering.elf.dir/Middlewares/Third_Party/FreeRTOS/Source/portable/GCC/ARM_CM4F/port.c.obj
                0x000000000800b550                xPortStartScheduler
 .text.vPortEnterCritical
                0x000000000800b68c       0x5c CMakeFiles/Engineering.elf.dir/Middlewares/Third_Party/FreeRTOS/Source/portable/GCC/ARM_CM4F/port.c.obj
                0x000000000800b68c                vPortEnterCritical
 .text.vPortExitCritical
                0x000000000800b6e8       0x50 CMakeFiles/Engineering.elf.dir/Middlewares/Third_Party/FreeRTOS/Source/portable/GCC/ARM_CM4F/port.c.obj
                0x000000000800b6e8                vPortExitCritical
 *fill*         0x000000000800b738        0x8 
 .text.PendSV_Handler
                0x000000000800b740       0x68 CMakeFiles/Engineering.elf.dir/Middlewares/Third_Party/FreeRTOS/Source/portable/GCC/ARM_CM4F/port.c.obj
                0x000000000800b740                PendSV_Handler
 .text.SysTick_Handler
                0x000000000800b7a8       0x40 CMakeFiles/Engineering.elf.dir/Middlewares/Third_Party/FreeRTOS/Source/portable/GCC/ARM_CM4F/port.c.obj
                0x000000000800b7a8                SysTick_Handler
 .text.vPortSetupTimerInterrupt
                0x000000000800b7e8       0x48 CMakeFiles/Engineering.elf.dir/Middlewares/Third_Party/FreeRTOS/Source/portable/GCC/ARM_CM4F/port.c.obj
                0x000000000800b7e8                vPortSetupTimerInterrupt
 .text.vPortEnableVFP
                0x000000000800b830       0x14 CMakeFiles/Engineering.elf.dir/Middlewares/Third_Party/FreeRTOS/Source/portable/GCC/ARM_CM4F/port.c.obj
 .text.vPortValidateInterruptPriority
                0x000000000800b844       0x7c CMakeFiles/Engineering.elf.dir/Middlewares/Third_Party/FreeRTOS/Source/portable/GCC/ARM_CM4F/port.c.obj
                0x000000000800b844                vPortValidateInterruptPriority
 .text.pvPortMalloc
                0x000000000800b8c0      0x184 CMakeFiles/Engineering.elf.dir/Middlewares/Third_Party/FreeRTOS/Source/portable/MemMang/heap_4.c.obj
                0x000000000800b8c0                pvPortMalloc
 .text.vPortFree
                0x000000000800ba44       0xb0 CMakeFiles/Engineering.elf.dir/Middlewares/Third_Party/FreeRTOS/Source/portable/MemMang/heap_4.c.obj
                0x000000000800ba44                vPortFree
 .text.prvHeapInit
                0x000000000800baf4       0xc4 CMakeFiles/Engineering.elf.dir/Middlewares/Third_Party/FreeRTOS/Source/portable/MemMang/heap_4.c.obj
 .text.prvInsertBlockIntoFreeList
                0x000000000800bbb8       0xb4 CMakeFiles/Engineering.elf.dir/Middlewares/Third_Party/FreeRTOS/Source/portable/MemMang/heap_4.c.obj
 .text.xTaskCreateStatic
                0x000000000800bc6c       0xb2 CMakeFiles/Engineering.elf.dir/Middlewares/Third_Party/FreeRTOS/Source/tasks.c.obj
                0x000000000800bc6c                xTaskCreateStatic
 .text.xTaskCreate
                0x000000000800bd1e       0x8a CMakeFiles/Engineering.elf.dir/Middlewares/Third_Party/FreeRTOS/Source/tasks.c.obj
                0x000000000800bd1e                xTaskCreate
 .text.prvInitialiseNewTask
                0x000000000800bda8       0xfc CMakeFiles/Engineering.elf.dir/Middlewares/Third_Party/FreeRTOS/Source/tasks.c.obj
 .text.prvAddNewTaskToReadyList
                0x000000000800bea4       0xd4 CMakeFiles/Engineering.elf.dir/Middlewares/Third_Party/FreeRTOS/Source/tasks.c.obj
 .text.vTaskDelay
                0x000000000800bf78       0x68 CMakeFiles/Engineering.elf.dir/Middlewares/Third_Party/FreeRTOS/Source/tasks.c.obj
                0x000000000800bf78                vTaskDelay
 .text.vTaskSuspend
                0x000000000800bfe0      0x124 CMakeFiles/Engineering.elf.dir/Middlewares/Third_Party/FreeRTOS/Source/tasks.c.obj
                0x000000000800bfe0                vTaskSuspend
 .text.prvTaskIsTaskSuspended
                0x000000000800c104       0x74 CMakeFiles/Engineering.elf.dir/Middlewares/Third_Party/FreeRTOS/Source/tasks.c.obj
 .text.vTaskResume
                0x000000000800c178       0xb8 CMakeFiles/Engineering.elf.dir/Middlewares/Third_Party/FreeRTOS/Source/tasks.c.obj
                0x000000000800c178                vTaskResume
 .text.xTaskResumeFromISR
                0x000000000800c230       0xe0 CMakeFiles/Engineering.elf.dir/Middlewares/Third_Party/FreeRTOS/Source/tasks.c.obj
                0x000000000800c230                xTaskResumeFromISR
 .text.vTaskStartScheduler
                0x000000000800c310       0xbc CMakeFiles/Engineering.elf.dir/Middlewares/Third_Party/FreeRTOS/Source/tasks.c.obj
                0x000000000800c310                vTaskStartScheduler
 .text.vTaskSuspendAll
                0x000000000800c3cc       0x1c CMakeFiles/Engineering.elf.dir/Middlewares/Third_Party/FreeRTOS/Source/tasks.c.obj
                0x000000000800c3cc                vTaskSuspendAll
 .text.xTaskResumeAll
                0x000000000800c3e8      0x138 CMakeFiles/Engineering.elf.dir/Middlewares/Third_Party/FreeRTOS/Source/tasks.c.obj
                0x000000000800c3e8                xTaskResumeAll
 .text.xTaskIncrementTick
                0x000000000800c520      0x178 CMakeFiles/Engineering.elf.dir/Middlewares/Third_Party/FreeRTOS/Source/tasks.c.obj
                0x000000000800c520                xTaskIncrementTick
 .text.vTaskSwitchContext
                0x000000000800c698       0xb4 CMakeFiles/Engineering.elf.dir/Middlewares/Third_Party/FreeRTOS/Source/tasks.c.obj
                0x000000000800c698                vTaskSwitchContext
 .text.prvIdleTask
                0x000000000800c74c       0x30 CMakeFiles/Engineering.elf.dir/Middlewares/Third_Party/FreeRTOS/Source/tasks.c.obj
 .text.prvInitialiseTaskLists
                0x000000000800c77c       0x80 CMakeFiles/Engineering.elf.dir/Middlewares/Third_Party/FreeRTOS/Source/tasks.c.obj
 .text.prvCheckTasksWaitingTermination
                0x000000000800c7fc       0x58 CMakeFiles/Engineering.elf.dir/Middlewares/Third_Party/FreeRTOS/Source/tasks.c.obj
 .text.prvDeleteTCB
                0x000000000800c854       0x5c CMakeFiles/Engineering.elf.dir/Middlewares/Third_Party/FreeRTOS/Source/tasks.c.obj
 .text.prvResetNextTaskUnblockTime
                0x000000000800c8b0       0x4c CMakeFiles/Engineering.elf.dir/Middlewares/Third_Party/FreeRTOS/Source/tasks.c.obj
 .text.prvAddCurrentTaskToDelayedList
                0x000000000800c8fc       0xcc CMakeFiles/Engineering.elf.dir/Middlewares/Third_Party/FreeRTOS/Source/tasks.c.obj
 .text._Z12UserCAN_InitP19__CAN_HandleTypeDef
                0x000000000800c9c8       0x8c CMakeFiles/Engineering.elf.dir/Middlewares/stm32plus/can/can_plus.cpp.obj
                0x000000000800c9c8                UserCAN_Init(__CAN_HandleTypeDef*)
 .text._ZN3CanC2EP19__CAN_HandleTypeDef
                0x000000000800ca54       0x24 CMakeFiles/Engineering.elf.dir/Middlewares/stm32plus/can/can_plus.cpp.obj
                0x000000000800ca54                Can::Can(__CAN_HandleTypeDef*)
                0x000000000800ca54                Can::Can(__CAN_HandleTypeDef*)
 .text._ZN3Can11ReceiveDataEPh
                0x000000000800ca78       0x98 CMakeFiles/Engineering.elf.dir/Middlewares/stm32plus/can/can_plus.cpp.obj
                0x000000000800ca78                Can::ReceiveData(unsigned char*)
 .text._ZN3Can8SendDataEtPh
                0x000000000800cb10       0x8c CMakeFiles/Engineering.elf.dir/Middlewares/stm32plus/can/can_plus.cpp.obj
                0x000000000800cb10                Can::SendData(unsigned short, unsigned char*)
 .text._ZN3Can13GetFreeTxMailEv
                0x000000000800cb9c       0x86 CMakeFiles/Engineering.elf.dir/Middlewares/stm32plus/can/can_plus.cpp.obj
                0x000000000800cb9c                Can::GetFreeTxMail()
 .text._ZN4PortC2EP12GPIO_TypeDeft
                0x000000000800cc22       0x28 CMakeFiles/Engineering.elf.dir/Middlewares/stm32plus/port/Port.cpp.obj
                0x000000000800cc22                Port::Port(GPIO_TypeDef*, unsigned short)
                0x000000000800cc22                Port::Port(GPIO_TypeDef*, unsigned short)
 .text._ZN4Port3setEv
                0x000000000800cc4a       0x28 CMakeFiles/Engineering.elf.dir/Middlewares/stm32plus/port/Port.cpp.obj
                0x000000000800cc4a                Port::set()
 .text._ZN4Port5resetEv
                0x000000000800cc72       0x28 CMakeFiles/Engineering.elf.dir/Middlewares/stm32plus/port/Port.cpp.obj
                0x000000000800cc72                Port::reset()
 .text._ZN4Port3getEv
                0x000000000800cc9a       0x36 CMakeFiles/Engineering.elf.dir/Middlewares/stm32plus/port/Port.cpp.obj
                0x000000000800cc9a                Port::get()
 .text._ZN3PWMC2EP17TIM_HandleTypeDefm
                0x000000000800ccd0       0x26 CMakeFiles/Engineering.elf.dir/Middlewares/stm32plus/pwm/pwm.cpp.obj
                0x000000000800ccd0                PWM::PWM(TIM_HandleTypeDef*, unsigned long)
                0x000000000800ccd0                PWM::PWM(TIM_HandleTypeDef*, unsigned long)
 .text._ZN3PWM3outEt
                0x000000000800ccf6       0x5e CMakeFiles/Engineering.elf.dir/Middlewares/stm32plus/pwm/pwm.cpp.obj
                0x000000000800ccf6                PWM::out(unsigned short)
 .text._ZN3PWM5startEv
                0x000000000800cd54       0x20 CMakeFiles/Engineering.elf.dir/Middlewares/stm32plus/pwm/pwm.cpp.obj
                0x000000000800cd54                PWM::start()
 .text._ZN6System4gpio3outEP12GPIO_TypeDeft13GPIO_PinState
                0x000000000800cd74       0x30 CMakeFiles/Engineering.elf.dir/Middlewares/stm32plus/system/gpio.cpp.obj
                0x000000000800cd74                System::gpio::out(GPIO_TypeDef*, unsigned short, GPIO_PinState)
 .text._ZN6System4gpio3getEP12GPIO_TypeDeft
                0x000000000800cda4       0x20 CMakeFiles/Engineering.elf.dir/Middlewares/stm32plus/system/gpio.cpp.obj
                0x000000000800cda4                System::gpio::get(GPIO_TypeDef*, unsigned short)
 .text._ZN6System2pc10setHandlerEP20__UART_HandleTypeDef
                0x000000000800cdc4       0x20 CMakeFiles/Engineering.elf.dir/Middlewares/stm32plus/system/pc.cpp.obj
                0x000000000800cdc4                System::pc::setHandler(__UART_HandleTypeDef*)
 .text._ZN6System2pc6printfEPcz
                0x000000000800cde4       0x70 CMakeFiles/Engineering.elf.dir/Middlewares/stm32plus/system/pc.cpp.obj
                0x000000000800cde4                System::pc::printf(char*, ...)
 .text._ZN6System2pc7printlnEPcz
                0x000000000800ce54       0x94 CMakeFiles/Engineering.elf.dir/Middlewares/stm32plus/system/pc.cpp.obj
                0x000000000800ce54                System::pc::println(char*, ...)
 .text._ZN8UartListC2Ev
                0x000000000800cee8       0x32 CMakeFiles/Engineering.elf.dir/Middlewares/stm32plus/uart/UartList.cpp.obj
                0x000000000800cee8                UartList::UartList()
                0x000000000800cee8                UartList::UartList()
 .text._ZN8UartList3addEP4Uart
                0x000000000800cf1a       0x20 CMakeFiles/Engineering.elf.dir/Middlewares/stm32plus/uart/UartList.cpp.obj
                0x000000000800cf1a                UartList::add(Uart*)
 *fill*         0x000000000800cf3a        0x2 
 .text._ZN9Plus_ListIP4UartEC2Ev
                0x000000000800cf3c       0x30 CMakeFiles/Engineering.elf.dir/Middlewares/stm32plus/uart/UartList.cpp.obj
                0x000000000800cf3c                Plus_List<Uart*>::Plus_List()
                0x000000000800cf3c                Plus_List<Uart*>::Plus_List()
 .text._ZN9Plus_ListIP4UartE3addES1_
                0x000000000800cf6c       0x4a CMakeFiles/Engineering.elf.dir/Middlewares/stm32plus/uart/UartList.cpp.obj
                0x000000000800cf6c                Plus_List<Uart*>::add(Uart*)
 .text._ZN9Plus_ListIP4UartE5indexES1_
                0x000000000800cfb6       0x4a CMakeFiles/Engineering.elf.dir/Middlewares/stm32plus/uart/UartList.cpp.obj
                0x000000000800cfb6                Plus_List<Uart*>::index(Uart*)
 .text._ZN4nodeIP4UartEC2Ev
                0x000000000800d000       0x1c CMakeFiles/Engineering.elf.dir/Middlewares/stm32plus/uart/UartList.cpp.obj
                0x000000000800d000                node<Uart*>::node()
                0x000000000800d000                node<Uart*>::node()
 .text._ZN4nodeIP4UartEC2ES1_
                0x000000000800d01c       0x24 CMakeFiles/Engineering.elf.dir/Middlewares/stm32plus/uart/UartList.cpp.obj
                0x000000000800d01c                node<Uart*>::node(Uart*)
                0x000000000800d01c                node<Uart*>::node(Uart*)
 .text._ZN4UartC2EP20__UART_HandleTypeDef
                0x000000000800d040       0x34 CMakeFiles/Engineering.elf.dir/Middlewares/stm32plus/uart/uart.cpp.obj
                0x000000000800d040                Uart::Uart(__UART_HandleTypeDef*)
                0x000000000800d040                Uart::Uart(__UART_HandleTypeDef*)
 .text._ZN4Uart10getHandlerEv
                0x000000000800d074       0x18 CMakeFiles/Engineering.elf.dir/Middlewares/stm32plus/uart/uart.cpp.obj
                0x000000000800d074                Uart::getHandler()
 .text._ZN4Uart8onRXDataEh
                0x000000000800d08c       0x18 CMakeFiles/Engineering.elf.dir/Middlewares/stm32plus/uart/uart.cpp.obj
                0x000000000800d08c                Uart::onRXData(unsigned char)
 .text._ZN4Uart13openReceiveITEv
                0x000000000800d0a4       0x14 CMakeFiles/Engineering.elf.dir/Middlewares/stm32plus/uart/uart.cpp.obj
                0x000000000800d0a4                Uart::openReceiveIT()
 .text._ZN4Uart14openReceiveDMAEv
                0x000000000800d0b8       0x14 CMakeFiles/Engineering.elf.dir/Middlewares/stm32plus/uart/uart.cpp.obj
                0x000000000800d0b8                Uart::openReceiveDMA()
 .text._Z41__static_initialization_and_destruction_0ii
                0x000000000800d0cc       0x44 CMakeFiles/Engineering.elf.dir/Middlewares/stm32plus/uart/uart.cpp.obj
 .text._GLOBAL__sub_I_uartHandles
                0x000000000800d110       0x10 CMakeFiles/Engineering.elf.dir/Middlewares/stm32plus/uart/uart.cpp.obj
 .text._ZN8MyThreadC2EPcm10osPriorityPFvPKvEPv
                0x000000000800d120       0x78 CMakeFiles/Engineering.elf.dir/User/MyThread.cpp.obj
                0x000000000800d120                MyThread::MyThread(char*, unsigned long, osPriority, void (*)(void const*), void*)
                0x000000000800d120                MyThread::MyThread(char*, unsigned long, osPriority, void (*)(void const*), void*)
 .text._ZN8MyThread3RunEv
                0x000000000800d198       0x1a CMakeFiles/Engineering.elf.dir/User/MyThread.cpp.obj
                0x000000000800d198                MyThread::Run()
 *fill*         0x000000000800d1b2        0x2 
 .text._Z9user_mainv
                0x000000000800d1b4       0x3c CMakeFiles/Engineering.elf.dir/User/Src/user.cpp.obj
                0x000000000800d1b4                user_main()
 .text._Z16StartDefaultTaskPKv
                0x000000000800d1f0       0x74 CMakeFiles/Engineering.elf.dir/User/Src/user.cpp.obj
                0x000000000800d1f0                StartDefaultTask(void const*)
 .text.Reset_Handler
                0x000000000800d264       0x50 CMakeFiles/Engineering.elf.dir/startup/startup_stm32f427xx.s.obj
                0x000000000800d264                Reset_Handler
 .text.Default_Handler
                0x000000000800d2b4        0x2 CMakeFiles/Engineering.elf.dir/startup/startup_stm32f427xx.s.obj
                0x000000000800d2b4                RTC_Alarm_IRQHandler
                0x000000000800d2b4                HASH_RNG_IRQHandler
                0x000000000800d2b4                EXTI2_IRQHandler
                0x000000000800d2b4                TIM8_CC_IRQHandler
                0x000000000800d2b4                UART8_IRQHandler
                0x000000000800d2b4                SPI4_IRQHandler
                0x000000000800d2b4                TIM1_CC_IRQHandler
                0x000000000800d2b4                DMA2_Stream5_IRQHandler
                0x000000000800d2b4                DMA1_Stream5_IRQHandler
                0x000000000800d2b4                PVD_IRQHandler
                0x000000000800d2b4                SDIO_IRQHandler
                0x000000000800d2b4                TAMP_STAMP_IRQHandler
                0x000000000800d2b4                CAN2_RX1_IRQHandler
                0x000000000800d2b4                EXTI3_IRQHandler
                0x000000000800d2b4                TIM8_TRG_COM_TIM14_IRQHandler
                0x000000000800d2b4                TIM8_UP_TIM13_IRQHandler
                0x000000000800d2b4                I2C3_ER_IRQHandler
                0x000000000800d2b4                EXTI0_IRQHandler
                0x000000000800d2b4                I2C2_EV_IRQHandler
                0x000000000800d2b4                DMA1_Stream2_IRQHandler
                0x000000000800d2b4                CAN1_RX0_IRQHandler
                0x000000000800d2b4                FPU_IRQHandler
                0x000000000800d2b4                OTG_HS_WKUP_IRQHandler
                0x000000000800d2b4                CAN2_SCE_IRQHandler
                0x000000000800d2b4                SPI1_IRQHandler
                0x000000000800d2b4                TIM6_DAC_IRQHandler
                0x000000000800d2b4                TIM1_BRK_TIM9_IRQHandler
                0x000000000800d2b4                DCMI_IRQHandler
                0x000000000800d2b4                CAN2_RX0_IRQHandler
                0x000000000800d2b4                DMA2_Stream3_IRQHandler
                0x000000000800d2b4                USART6_IRQHandler
                0x000000000800d2b4                USART3_IRQHandler
                0x000000000800d2b4                CAN1_RX1_IRQHandler
                0x000000000800d2b4                UART5_IRQHandler
                0x000000000800d2b4                DMA2_Stream0_IRQHandler
                0x000000000800d2b4                TIM4_IRQHandler
                0x000000000800d2b4                I2C1_EV_IRQHandler
                0x000000000800d2b4                DMA1_Stream6_IRQHandler
                0x000000000800d2b4                DMA1_Stream1_IRQHandler
                0x000000000800d2b4                UART4_IRQHandler
                0x000000000800d2b4                TIM3_IRQHandler
                0x000000000800d2b4                RCC_IRQHandler
                0x000000000800d2b4                TIM8_BRK_TIM12_IRQHandler
                0x000000000800d2b4                Default_Handler
                0x000000000800d2b4                EXTI15_10_IRQHandler
                0x000000000800d2b4                ADC_IRQHandler
                0x000000000800d2b4                DMA1_Stream7_IRQHandler
                0x000000000800d2b4                SPI5_IRQHandler
                0x000000000800d2b4                TIM7_IRQHandler
                0x000000000800d2b4                CAN2_TX_IRQHandler
                0x000000000800d2b4                TIM5_IRQHandler
                0x000000000800d2b4                DMA2_Stream7_IRQHandler
                0x000000000800d2b4                I2C3_EV_IRQHandler
                0x000000000800d2b4                EXTI9_5_IRQHandler
                0x000000000800d2b4                RTC_WKUP_IRQHandler
                0x000000000800d2b4                ETH_WKUP_IRQHandler
                0x000000000800d2b4                SPI2_IRQHandler
                0x000000000800d2b4                OTG_HS_EP1_IN_IRQHandler
                0x000000000800d2b4                DMA1_Stream0_IRQHandler
                0x000000000800d2b4                CAN1_TX_IRQHandler
                0x000000000800d2b4                EXTI4_IRQHandler
                0x000000000800d2b4                ETH_IRQHandler
                0x000000000800d2b4                OTG_HS_EP1_OUT_IRQHandler
                0x000000000800d2b4                WWDG_IRQHandler