Archive member included to satisfy reference by file (symbol)

/usr/bin/../lib/gcc/arm-none-eabi/7.3.1/../../../../arm-none-eabi/lib/thumb/v7e-m/fpv4-sp/hard/libstdc++_nano.a(del_op.o)
                              CMakeFiles/Drone.elf.dir/Drivers/Motor/C6020/C6020.cpp.obj (operator delete(void*))
/usr/bin/../lib/gcc/arm-none-eabi/7.3.1/../../../../arm-none-eabi/lib/thumb/v7e-m/fpv4-sp/hard/libstdc++_nano.a(eh_personality.o)
                              CMakeFiles/Drone.elf.dir/Drivers/Motor/C6020/C6020.cpp.obj (__gxx_personality_v0)
/usr/bin/../lib/gcc/arm-none-eabi/7.3.1/../../../../arm-none-eabi/lib/thumb/v7e-m/fpv4-sp/hard/libstdc++_nano.a(eh_arm.o)
                              CMakeFiles/Drone.elf.dir/Drivers/Motor/C6020/C6020.cpp.obj (__cxa_end_cleanup)
/usr/bin/../lib/gcc/arm-none-eabi/7.3.1/../../../../arm-none-eabi/lib/thumb/v7e-m/fpv4-sp/hard/libstdc++_nano.a(new_op.o)
                              CMakeFiles/Drone.elf.dir/Drivers/Motor/C6020/C6020.cpp.obj (operator new(unsigned int))
/usr/bin/../lib/gcc/arm-none-eabi/7.3.1/../../../../arm-none-eabi/lib/thumb/v7e-m/fpv4-sp/hard/libstdc++_nano.a(class_type_info.o)
                              CMakeFiles/Drone.elf.dir/Drivers/Motor/C6020/C6020.cpp.obj (vtable for __cxxabiv1::__class_type_info)
/usr/bin/../lib/gcc/arm-none-eabi/7.3.1/../../../../arm-none-eabi/lib/thumb/v7e-m/fpv4-sp/hard/libstdc++_nano.a(eh_terminate.o)
                              /usr/bin/../lib/gcc/arm-none-eabi/7.3.1/../../../../arm-none-eabi/lib/thumb/v7e-m/fpv4-sp/hard/libstdc++_nano.a(eh_personality.o) (std::terminate())
/usr/bin/../lib/gcc/arm-none-eabi/7.3.1/../../../../arm-none-eabi/lib/thumb/v7e-m/fpv4-sp/hard/libstdc++_nano.a(eh_unex_handler.o)
                              /usr/bin/../lib/gcc/arm-none-eabi/7.3.1/../../../../arm-none-eabi/lib/thumb/v7e-m/fpv4-sp/hard/libstdc++_nano.a(eh_terminate.o) (__cxxabiv1::__unexpected_handler)
/usr/bin/../lib/gcc/arm-none-eabi/7.3.1/../../../../arm-none-eabi/lib/thumb/v7e-m/fpv4-sp/hard/libstdc++_nano.a(eh_term_handler.o)
                              /usr/bin/../lib/gcc/arm-none-eabi/7.3.1/../../../../arm-none-eabi/lib/thumb/v7e-m/fpv4-sp/hard/libstdc++_nano.a(eh_terminate.o) (__cxxabiv1::__terminate_handler)
/usr/bin/../lib/gcc/arm-none-eabi/7.3.1/../../../../arm-none-eabi/lib/thumb/v7e-m/fpv4-sp/hard/libstdc++_nano.a(eh_globals.o)
                              /usr/bin/../lib/gcc/arm-none-eabi/7.3.1/../../../../arm-none-eabi/lib/thumb/v7e-m/fpv4-sp/hard/libstdc++_nano.a(eh_arm.o) (__cxa_get_globals)
/usr/bin/../lib/gcc/arm-none-eabi/7.3.1/../../../../arm-none-eabi/lib/thumb/v7e-m/fpv4-sp/hard/libstdc++_nano.a(new_handler.o)
                              /usr/bin/../lib/gcc/arm-none-eabi/7.3.1/../../../../arm-none-eabi/lib/thumb/v7e-m/fpv4-sp/hard/libstdc++_nano.a(new_op.o) (std::get_new_handler())
/usr/bin/../lib/gcc/arm-none-eabi/7.3.1/../../../../arm-none-eabi/lib/thumb/v7e-m/fpv4-sp/hard/libstdc++_nano.a(si_class_type_info.o)
                              CMakeFiles/Drone.elf.dir/Drivers/Motor/C6010/C6010.cpp.obj (vtable for __cxxabiv1::__si_class_type_info)
/usr/bin/../lib/gcc/arm-none-eabi/7.3.1/../../../../arm-none-eabi/lib/thumb/v7e-m/fpv4-sp/hard/libstdc++_nano.a(del_ops.o)
                              /usr/bin/../lib/gcc/arm-none-eabi/7.3.1/../../../../arm-none-eabi/lib/thumb/v7e-m/fpv4-sp/hard/libstdc++_nano.a(class_type_info.o) (operator delete(void*, unsigned int))
/usr/bin/../lib/gcc/arm-none-eabi/7.3.1/../../../../arm-none-eabi/lib/thumb/v7e-m/fpv4-sp/hard/libstdc++_nano.a(eh_exception.o)
                              /usr/bin/../lib/gcc/arm-none-eabi/7.3.1/../../../../arm-none-eabi/lib/thumb/v7e-m/fpv4-sp/hard/libstdc++_nano.a(eh_arm.o) (typeinfo for __cxxabiv1::__forced_unwind)
/usr/bin/../lib/gcc/arm-none-eabi/7.3.1/../../../../arm-none-eabi/lib/thumb/v7e-m/fpv4-sp/hard/libstdc++_nano.a(tinfo.o)
                              /usr/bin/../lib/gcc/arm-none-eabi/7.3.1/../../../../arm-none-eabi/lib/thumb/v7e-m/fpv4-sp/hard/libstdc++_nano.a(class_type_info.o) (std::type_info::~type_info())
/usr/bin/../lib/gcc/arm-none-eabi/7.3.1/../../../../arm-none-eabi/lib/thumb/v7e-m/fpv4-sp/hard/libstdc++_nano.a(eh_call.o)
                              /usr/bin/../lib/gcc/arm-none-eabi/7.3.1/../../../../arm-none-eabi/lib/thumb/v7e-m/fpv4-sp/hard/libstdc++_nano.a(eh_personality.o) (__cxa_call_terminate)
/usr/bin/../lib/gcc/arm-none-eabi/7.3.1/../../../../arm-none-eabi/lib/thumb/v7e-m/fpv4-sp/hard/libstdc++_nano.a(eh_catch.o)
                              /usr/bin/../lib/gcc/arm-none-eabi/7.3.1/../../../../arm-none-eabi/lib/thumb/v7e-m/fpv4-sp/hard/libstdc++_nano.a(eh_call.o) (__cxa_begin_catch)
/usr/bin/../lib/gcc/arm-none-eabi/7.3.1/../../../../arm-none-eabi/lib/thumb/v7e-m/fpv4-sp/hard/libstdc++_nano.a(pure.o)
                              /usr/bin/../lib/gcc/arm-none-eabi/7.3.1/../../../../arm-none-eabi/lib/thumb/v7e-m/fpv4-sp/hard/libstdc++_nano.a(eh_exception.o) (__cxa_pure_virtual)
[...]
Memory Configuration

Name             Origin             Length             Attributes
RAM              0x0000000020000000 0x0000000000030000 xrw
CCMRAM           0x0000000010000000 0x0000000000010000 rw
FLASH            0x0000000008000000 0x0000000000200000 xr
*default*        0x0000000000000000 0xffffffffffffffff

Linker script and memory map

LOAD /usr/bin/../lib/gcc/arm-none-eabi/7.3.1/thumb/v7e-m/fpv4-sp/hard/crti.o
LOAD /usr/bin/../lib/gcc/arm-none-eabi/7.3.1/thumb/v7e-m/fpv4-sp/hard/crtbegin.o
LOAD /usr/bin/../lib/gcc/arm-none-eabi/7.3.1/../../../../arm-none-eabi/lib/thumb/v7e-m/fpv4-sp/hard/crt0.o
LOAD CMakeFiles/Drone.elf.dir/Core/Src/can.c.obj
LOAD CMakeFiles/Drone.elf.dir/Core/Src/dma.c.obj
LOAD CMakeFiles/Drone.elf.dir/Core/Src/freertos.cpp.obj
LOAD CMakeFiles/Drone.elf.dir/Core/Src/gpio.c.obj
LOAD CMakeFiles/Drone.elf.dir/Core/Src/main.cpp.obj
LOAD CMakeFiles/Drone.elf.dir/Core/Src/spi.c.obj
LOAD CMakeFiles/Drone.elf.dir/Core/Src/stm32f4xx_hal_msp.c.obj
LOAD CMakeFiles/Drone.elf.dir/Core/Src/stm32f4xx_hal_timebase_tim.c.obj
LOAD CMakeFiles/Drone.elf.dir/Core/Src/stm32f4xx_it.c.obj
LOAD CMakeFiles/Drone.elf.dir/Core/Src/syscalls.c.obj
LOAD CMakeFiles/Drone.elf.dir/Core/Src/system_stm32f4xx.c.obj
LOAD CMakeFiles/Drone.elf.dir/Core/Src/tim.c.obj
LOAD CMakeFiles/Drone.elf.dir/Core/Src/usart.c.obj
LOAD CMakeFiles/Drone.elf.dir/Drivers/MPU6500/bsp_imu.c.obj
LOAD CMakeFiles/Drone.elf.dir/Drivers/Motor/C6010/C6010.cpp.obj
LOAD CMakeFiles/Drone.elf.dir/Drivers/Motor/C6020/C6020.cpp.obj
LOAD CMakeFiles/Drone.elf.dir/Drivers/Motor/GM6020/GM6020.cpp.obj
LOAD CMakeFiles/Drone.elf.dir/Drivers/Remote/Remote.cpp.obj
LOAD CMakeFiles/Drone.elf.dir/Drivers/STM32F4xx_HAL_Driver/Src/stm32f4xx_hal.c.obj
LOAD CMakeFiles/Drone.elf.dir/Drivers/STM32F4xx_HAL_Driver/Src/stm32f4xx_hal_can.c.obj
LOAD CMakeFiles/Drone.elf.dir/Drivers/STM32F4xx_HAL_Driver/Src/stm32f4xx_hal_cortex.c.obj
LOAD CMakeFiles/Drone.elf.dir/Drivers/STM32F4xx_HAL_Driver/Src/stm32f4xx_hal_dma.c.obj
LOAD CMakeFiles/Drone.elf.dir/Drivers/STM32F4xx_HAL_Driver/Src/stm32f4xx_hal_dma_ex.c.obj
LOAD CMakeFiles/Drone.elf.dir/Drivers/STM32F4xx_HAL_Driver/Src/stm32f4xx_hal_exti.c.obj
LOAD CMakeFiles/Drone.elf.dir/Drivers/STM32F4xx_HAL_Driver/Src/stm32f4xx_hal_flash.c.obj
LOAD CMakeFiles/Drone.elf.dir/Drivers/STM32F4xx_HAL_Driver/Src/stm32f4xx_hal_flash_ex.c.obj
LOAD CMakeFiles/Drone.elf.dir/Drivers/STM32F4xx_HAL_Driver/Src/stm32f4xx_hal_flash_ramfunc.c.obj
LOAD CMakeFiles/Drone.elf.dir/Drivers/STM32F4xx_HAL_Driver/Src/stm32f4xx_hal_gpio.c.obj
LOAD CMakeFiles/Drone.elf.dir/Drivers/STM32F4xx_HAL_Driver/Src/stm32f4xx_hal_pwr.c.obj
LOAD CMakeFiles/Drone.elf.dir/Drivers/STM32F4xx_HAL_Driver/Src/stm32f4xx_hal_pwr_ex.c.obj
LOAD CMakeFiles/Drone.elf.dir/Drivers/STM32F4xx_HAL_Driver/Src/stm32f4xx_hal_rcc.c.obj
LOAD CMakeFiles/Drone.elf.dir/Drivers/STM32F4xx_HAL_Driver/Src/stm32f4xx_hal_rcc_ex.c.obj
LOAD CMakeFiles/Drone.elf.dir/Drivers/STM32F4xx_HAL_Driver/Src/stm32f4xx_hal_spi.c.obj
LOAD CMakeFiles/Drone.elf.dir/Drivers/STM32F4xx_HAL_Driver/Src/stm32f4xx_hal_tim.c.obj
LOAD CMakeFiles/Drone.elf.dir/Drivers/STM32F4xx_HAL_Driver/Src/stm32f4xx_hal_tim_ex.c.obj
LOAD CMakeFiles/Drone.elf.dir/Drivers/STM32F4xx_HAL_Driver/Src/stm32f4xx_hal_uart.c.obj
LOAD CMakeFiles/Drone.elf.dir/Middlewares/Arithmetic/KalmanFilter/Kalman.cpp.obj
LOAD CMakeFiles/Drone.elf.dir/Middlewares/Arithmetic/PID/PID.cpp.obj
LOAD CMakeFiles/Drone.elf.dir/Middlewares/AttitudeListenner/AttitudeListener.cpp.obj
LOAD CMakeFiles/Drone.elf.dir/Middlewares/CanBusManager/CanBusManger.cpp.obj
LOAD CMakeFiles/Drone.elf.dir/Middlewares/CanBusManager/CanListener/CanListener.cpp.obj
LOAD CMakeFiles/Drone.elf.dir/Middlewares/CanBusManager/CanPort/CanPort.cpp.obj
LOAD CMakeFiles/Drone.elf.dir/Middlewares/CanBusManager/CanPort/CanPortList.cpp.obj
LOAD CMakeFiles/Drone.elf.dir/Middlewares/CanBusManager/CanTxBuf/CanTxBuf.cpp.obj
LOAD CMakeFiles/Drone.elf.dir/Middlewares/MotorControlSystem/HolderControlUnit/HolderControlUnit.cpp.obj
LOAD CMakeFiles/Drone.elf.dir/Middlewares/MotorControlSystem/MotorControlSystem.cpp.obj
LOAD CMakeFiles/Drone.elf.dir/Middlewares/MotorControlSystem/ShootControlUnit/ShootControlUnit.cpp.obj
LOAD CMakeFiles/Drone.elf.dir/Middlewares/RemoteListener/RemoteListener.cpp.obj
LOAD CMakeFiles/Drone.elf.dir/Middlewares/Third_Party/FreeRTOS/Source/CMSIS_RTOS/cmsis_os.c.obj
LOAD CMakeFiles/Drone.elf.dir/Middlewares/Third_Party/FreeRTOS/Source/croutine.c.obj
LOAD CMakeFiles/Drone.elf.dir/Middlewares/Third_Party/FreeRTOS/Source/event_groups.c.obj
LOAD CMakeFiles/Drone.elf.dir/Middlewares/Third_Party/FreeRTOS/Source/list.c.obj
LOAD CMakeFiles/Drone.elf.dir/Middlewares/Third_Party/FreeRTOS/Source/portable/GCC/ARM_CM4F/port.c.obj
LOAD CMakeFiles/Drone.elf.dir/Middlewares/Third_Party/FreeRTOS/Source/portable/MemMang/heap_4.c.obj
LOAD CMakeFiles/Drone.elf.dir/Middlewares/Third_Party/FreeRTOS/Source/queue.c.obj
LOAD CMakeFiles/Drone.elf.dir/Middlewares/Third_Party/FreeRTOS/Source/stream_buffer.c.obj
LOAD CMakeFiles/Drone.elf.dir/Middlewares/Third_Party/FreeRTOS/Source/tasks.c.obj
LOAD CMakeFiles/Drone.elf.dir/Middlewares/Third_Party/FreeRTOS/Source/timers.c.obj
LOAD CMakeFiles/Drone.elf.dir/Middlewares/stm32plus/List/Plus_List.cpp.obj
LOAD CMakeFiles/Drone.elf.dir/Middlewares/stm32plus/List/node.cpp.obj
LOAD CMakeFiles/Drone.elf.dir/Middlewares/stm32plus/can/can_plus.cpp.obj
LOAD CMakeFiles/Drone.elf.dir/Middlewares/stm32plus/port/Port.cpp.obj
LOAD CMakeFiles/Drone.elf.dir/Middlewares/stm32plus/pwm/pwm.cpp.obj
LOAD CMakeFiles/Drone.elf.dir/Middlewares/stm32plus/stm32plus.cpp.obj
LOAD CMakeFiles/Drone.elf.dir/Middlewares/stm32plus/system/gpio.cpp.obj
LOAD CMakeFiles/Drone.elf.dir/Middlewares/stm32plus/system/pc.cpp.obj
LOAD CMakeFiles/Drone.elf.dir/Middlewares/stm32plus/uart/UartList.cpp.obj
LOAD CMakeFiles/Drone.elf.dir/Middlewares/stm32plus/uart/uart.cpp.obj
LOAD CMakeFiles/Drone.elf.dir/Middlewares/stm32plus/uart/usartInterrupt.cpp.obj
LOAD CMakeFiles/Drone.elf.dir/User/Src/user.cpp.obj
LOAD CMakeFiles/Drone.elf.dir/User/Src/user_freertos.c.obj
LOAD CMakeFiles/Drone.elf.dir/User/Src/user_interrupt.cpp.obj
LOAD CMakeFiles/Drone.elf.dir/startup/startup_stm32f427xx.s.obj
LOAD /usr/bin/../lib/gcc/arm-none-eabi/7.3.1/../../../../arm-none-eabi/lib/thumb/v7e-m/fpv4-sp/hard/libstdc++_nano.a
LOAD /usr/bin/../lib/gcc/arm-none-eabi/7.3.1/../../../../arm-none-eabi/lib/thumb/v7e-m/fpv4-sp/hard/libm.a
START GROUP
LOAD /usr/bin/../lib/gcc/arm-none-eabi/7.3.1/thumb/v7e-m/fpv4-sp/hard/libgcc.a
LOAD /usr/bin/../lib/gcc/arm-none-eabi/7.3.1/../../../../arm-none-eabi/lib/thumb/v7e-m/fpv4-sp/hard/libg_nano.a
LOAD /usr/bin/../lib/gcc/arm-none-eabi/7.3.1/../../../../arm-none-eabi/lib/thumb/v7e-m/fpv4-sp/hard/libc_nano.a
END GROUP
START GROUP
LOAD /usr/bin/../lib/gcc/arm-none-eabi/7.3.1/thumb/v7e-m/fpv4-sp/hard/libgcc.a
LOAD /usr/bin/../lib/gcc/arm-none-eabi/7.3.1/../../../../arm-none-eabi/lib/thumb/v7e-m/fpv4-sp/hard/libc_nano.a
LOAD /usr/bin/../lib/gcc/arm-none-eabi/7.3.1/../../../../arm-none-eabi/lib/thumb/v7e-m/fpv4-sp/hard/libnosys.a
END GROUP
START GROUP
LOAD /usr/bin/../lib/gcc/arm-none-eabi/7.3.1/thumb/v7e-m/fpv4-sp/hard/libgcc.a
LOAD /usr/bin/../lib/gcc/arm-none-eabi/7.3.1/../../../../arm-none-eabi/lib/thumb/v7e-m/fpv4-sp/hard/libc_nano.a
LOAD /usr/bin/../lib/gcc/arm-none-eabi/7.3.1/../../../../arm-none-eabi/lib/thumb/v7e-m/fpv4-sp/hard/libnosys.a
END GROUP
LOAD /usr/bin/../lib/gcc/arm-none-eabi/7.3.1/thumb/v7e-m/fpv4-sp/hard/crtend.o
LOAD /usr/bin/../lib/gcc/arm-none-eabi/7.3.1/thumb/v7e-m/fpv4-sp/hard/crtn.o
                0x0000000020030000                _estack = 0x20030000
                0x0000000000000200                _Min_Heap_Size = 0x200
                0x0000000000000400                _Min_Stack_Size = 0x400

.isr_vector     0x0000000008000000      0x1ac
                0x0000000008000000                . = ALIGN (0x4)
 *(.isr_vector)
 .isr_vector    0x0000000008000000      0x1ac CMakeFiles/Drone.elf.dir/startup/startup_stm32f427xx.s.obj
                0x0000000008000000                g_pfnVectors
                0x00000000080001ac                . = ALIGN (0x4)

.text           0x00000000080001b0     0xe5bc
                0x00000000080001b0                . = ALIGN (0x4)
 *(.text)
 .text          0x00000000080001b0       0x40 /usr/bin/../lib/gcc/arm-none-eabi/7.3.1/thumb/v7e-m/fpv4-sp/hard/crtbegin.o
 .text          0x00000000080001f0      0x378 /usr/bin/../lib/gcc/arm-none-eabi/7.3.1/thumb/v7e-m/fpv4-sp/hard/libgcc.a(_arm_addsubdf3.o)
                0x00000000080001f0                __aeabi_drsub
                0x00000000080001f8                __aeabi_dsub
                0x00000000080001f8                __subdf3
                0x00000000080001fc                __adddf3
                0x00000000080001fc                __aeabi_dadd
                0x0000000008000474                __aeabi_ui2d
                0x0000000008000474                __floatunsidf
                0x0000000008000494                __floatsidf
                0x0000000008000494                __aeabi_i2d
                0x00000000080004b8                __extendsfdf2
                0x00000000080004b8                __aeabi_f2d
                0x00000000080004fc                __aeabi_ul2d
                0x00000000080004fc                __floatundidf
                0x000000000800050c                __floatdidf
                0x000000000800050c                __aeabi_l2d
 .text          0x0000000008000568      0x424 /usr/bin/../lib/gcc/arm-none-eabi/7.3.1/thumb/v7e-m/fpv4-sp/hard/libgcc.a(_arm_muldivdf3.o)
                0x0000000008000568                __aeabi_dmul
                0x0000000008000568                __muldf3
                0x00000000080007bc                __aeabi_ddiv
                0x00000000080007bc                __divdf3
 .text          0x000000000800098c      0x110 /usr/bin/../lib/gcc/arm-none-eabi/7.3.1/thumb/v7e-m/fpv4-sp/hard/libgcc.a(_arm_cmpdf2.o)
                0x000000000800098c                __gtdf2
                0x000000000800098c                __gedf2
                0x0000000008000994                __ltdf2
                0x0000000008000994                __ledf2
                0x000000000800099c                __cmpdf2
                0x000000000800099c                __eqdf2
                0x000000000800099c                __nedf2
                0x0000000008000a18                __aeabi_cdrcmple
                0x0000000008000a28                __aeabi_cdcmple
                0x0000000008000a28                __aeabi_cdcmpeq
                0x0000000008000a38                __aeabi_dcmpeq
                0x0000000008000a4c                __aeabi_dcmplt
                0x0000000008000a60                __aeabi_dcmple
                0x0000000008000a74                __aeabi_dcmpge
                0x0000000008000a88                __aeabi_dcmpgt
 .text          0x0000000008000a9c       0x2c /usr/bin/../lib/gcc/arm-none-eabi/7.3.1/thumb/v7e-m/fpv4-sp/hard/libgcc.a(_arm_unorddf2.o)
                0x0000000008000a9c                __aeabi_dcmpun
                0x0000000008000a9c                __unorddf2
 .text          0x0000000008000ac8       0x50 /usr/bin/../lib/gcc/arm-none-eabi/7.3.1/thumb/v7e-m/fpv4-sp/hard/libgcc.a(_arm_fixdfsi.o)
                0x0000000008000ac8                __fixdfsi
                0x0000000008000ac8                __aeabi_d2iz
 .text          0x0000000008000b18       0xa0 /usr/bin/../lib/gcc/arm-none-eabi/7.3.1/thumb/v7e-m/fpv4-sp/hard/libgcc.a(_arm_truncdfsf2.o)
                0x0000000008000b18                __aeabi_d2f
                0x0000000008000b18                __truncdfsf2
 .text          0x0000000008000bb8       0x30 /usr/bin/../lib/gcc/arm-none-eabi/7.3.1/thumb/v7e-m/fpv4-sp/hard/libgcc.a(_aeabi_uldivmod.o)
                0x0000000008000bb8                __aeabi_uldivmod
 .text          0x0000000008000be8      0x2cc /usr/bin/../lib/gcc/arm-none-eabi/7.3.1/thumb/v7e-m/fpv4-sp/hard/libgcc.a(_udivmoddi4.o)
                0x0000000008000be8                __udivmoddi4
 .text          0x0000000008000eb4      0x9ec /usr/bin/../lib/gcc/arm-none-eabi/7.3.1/thumb/v7e-m/fpv4-sp/hard/libgcc.a(unwind-arm.o)
                0x0000000008001168                _Unwind_GetCFA
                0x000000000800116c                __gnu_Unwind_RaiseException
                0x00000000080011cc                __gnu_Unwind_ForcedUnwind
                0x00000000080011e0                __gnu_Unwind_Resume
                0x0000000008001224                __gnu_Unwind_Resume_or_Rethrow
                0x0000000008001234                _Unwind_Complete
                0x0000000008001238                _Unwind_DeleteException
                0x0000000008001244                _Unwind_VRS_Get
                0x0000000008001288                _Unwind_VRS_Set
                0x00000000080012d0                __gnu_Unwind_Backtrace
                0x0000000008001614                __aeabi_unwind_cpp_pr0
                0x0000000008001618                __aeabi_unwind_cpp_pr1
                0x000000000800161c                __aeabi_unwind_cpp_pr2
                0x0000000008001620                _Unwind_VRS_Pop
 .text          0x00000000080018a0      0x1ac /usr/bin/../lib/gcc/arm-none-eabi/7.3.1/thumb/v7e-m/fpv4-sp/hard/libgcc.a(libunwind.o)
                0x00000000080018a0                __restore_core_regs
                0x00000000080018a0                restore_core_regs
                0x00000000080018b8                __gnu_Unwind_Restore_VFP
                0x00000000080018c0                __gnu_Unwind_Save_VFP
                0x00000000080018c8                __gnu_Unwind_Restore_VFP_D
                0x00000000080018d0                __gnu_Unwind_Save_VFP_D
                0x00000000080018d8                __gnu_Unwind_Restore_VFP_D_16_to_31
                0x00000000080018e0                __gnu_Unwind_Save_VFP_D_16_to_31
                0x00000000080018e8                __gnu_Unwind_Restore_WMMXD
                0x000000000800192c                __gnu_Unwind_Save_WMMXD
                0x0000000008001970                __gnu_Unwind_Restore_WMMXC
                0x0000000008001984                __gnu_Unwind_Save_WMMXC
                0x0000000008001998                ___Unwind_RaiseException
                0x0000000008001998                _Unwind_RaiseException
                0x00000000080019bc                ___Unwind_Resume
                0x00000000080019bc                _Unwind_Resume
                0x00000000080019e0                _Unwind_Resume_or_Rethrow
                0x00000000080019e0                ___Unwind_Resume_or_Rethrow
                0x0000000008001a04                ___Unwind_ForcedUnwind
                0x0000000008001a04                _Unwind_ForcedUnwind
                0x0000000008001a28                _Unwind_Backtrace
                0x0000000008001a28                ___Unwind_Backtrace
 .text          0x0000000008001a4c      0x374 /usr/bin/../lib/gcc/arm-none-eabi/7.3.1/thumb/v7e-m/fpv4-sp/hard/libgcc.a(pr-support.o)
                0x0000000008001aa4                __gnu_unwind_execute
                0x0000000008001d68                __gnu_unwind_frame
                0x0000000008001d90                _Unwind_GetRegionStart
                0x0000000008001d9c                _Unwind_GetLanguageSpecificData
                0x0000000008001db0                _Unwind_GetDataRelBase
                0x0000000008001db8                _Unwind_GetTextRelBase
 .text          0x0000000008001dc0        0x4 /usr/bin/../lib/gcc/arm-none-eabi/7.3.1/thumb/v7e-m/fpv4-sp/hard/libgcc.a(_dvmd_tls.o)
                0x0000000008001dc0                __aeabi_ldiv0
                0x0000000008001dc0                __aeabi_idiv0
 .text          0x0000000008001dc4       0x14 /usr/bin/../lib/gcc/arm-none-eabi/7.3.1/../../../../arm-none-eabi/lib/thumb/v7e-m/fpv4-sp/hard/libg_nano.a(lib_a-strcmp.o)
                0x0000000008001dc4                strcmp
 .text          0x0000000008001dd8       0x10 /usr/bin/../lib/gcc/arm-none-eabi/7.3.1/../../../../arm-none-eabi/lib/thumb/v7e-m/fpv4-sp/hard/libg_nano.a(lib_a-strlen.o)
                0x0000000008001dd8                strlen
 *fill*         0x0000000008001de8        0x8 
 .text          0x0000000008001df0       0xa0 /usr/bin/../lib/gcc/arm-none-eabi/7.3.1/../../../../arm-none-eabi/lib/thumb/v7e-m/fpv4-sp/hard/libg_nano.a(lib_a-memchr.o)
                0x0000000008001df0                memchr
 *(.text*)
 .text.MX_CAN1_Init
                0x0000000008001e90       0x6c CMakeFiles/Drone.elf.dir/Core/Src/can.c.obj
                0x0000000008001e90                MX_CAN1_Init
 .text.MX_CAN2_Init
                0x0000000008001efc       0x6c CMakeFiles/Drone.elf.dir/Core/Src/can.c.obj
                0x0000000008001efc                MX_CAN2_Init
 .text.HAL_CAN_MspInit
                0x0000000008001f68      0x140 CMakeFiles/Drone.elf.dir/Core/Src/can.c.obj
                0x0000000008001f68                HAL_CAN_MspInit
 .text.MX_DMA_Init
                0x00000000080020a8       0x40 CMakeFiles/Drone.elf.dir/Core/Src/dma.c.obj
                0x00000000080020a8                MX_DMA_Init
 .text._Z16MX_FREERTOS_Initv
                0x00000000080020e8       0x38 CMakeFiles/Drone.elf.dir/Core/Src/freertos.cpp.obj
                0x00000000080020e8                MX_FREERTOS_Init()
 .text.MX_GPIO_Init
                0x0000000008002120      0x1b8 CMakeFiles/Drone.elf.dir/Core/Src/gpio.c.obj
                0x0000000008002120                MX_GPIO_Init
 .text.main     0x00000000080022d8       0x4a CMakeFiles/Drone.elf.dir/Core/Src/main.cpp.obj
                0x00000000080022d8                main
 *fill*         0x0000000008002322        0x2 
 .text._Z18SystemClock_Configv
                0x0000000008002324       0xe8 CMakeFiles/Drone.elf.dir/Core/Src/main.cpp.obj
                0x0000000008002324                SystemClock_Config()
 .text.HAL_TIM_PeriodElapsedCallback
                0x000000000800240c       0x24 CMakeFiles/Drone.elf.dir/Core/Src/main.cpp.obj
                0x000000000800240c                HAL_TIM_PeriodElapsedCallback
 .text.Error_Handler
                0x0000000008002430        0xe CMakeFiles/Drone.elf.dir/Core/Src/main.cpp.obj
                0x0000000008002430                Error_Handler
 *fill*         0x000000000800243e        0x2 
 .text.MX_SPI5_Init
                0x0000000008002440       0x6c CMakeFiles/Drone.elf.dir/Core/Src/spi.c.obj
                0x0000000008002440                MX_SPI5_Init
 .text.HAL_SPI_MspInit
                0x00000000080024ac       0x90 CMakeFiles/Drone.elf.dir/Core/Src/spi.c.obj
                0x00000000080024ac                HAL_SPI_MspInit
 .text.HAL_MspInit
                0x000000000800253c       0x88 CMakeFiles/Drone.elf.dir/Core/Src/stm32f4xx_hal_msp.c.obj
                0x000000000800253c                HAL_MspInit
 .text.HAL_InitTick
                0x00000000080025c4       0xb4 CMakeFiles/Drone.elf.dir/Core/Src/stm32f4xx_hal_timebase_tim.c.obj
                0x00000000080025c4                HAL_InitTick
 .text.NMI_Handler
                0x0000000008002678        0xe CMakeFiles/Drone.elf.dir/Core/Src/stm32f4xx_it.c.obj
                0x0000000008002678                NMI_Handler
 .text.HardFault_Handler
                0x0000000008002686        0x6 CMakeFiles/Drone.elf.dir/Core/Src/stm32f4xx_it.c.obj
                0x0000000008002686                HardFault_Handler
 .text.MemManage_Handler
                0x000000000800268c        0x6 CMakeFiles/Drone.elf.dir/Core/Src/stm32f4xx_it.c.obj
                0x000000000800268c                MemManage_Handler
 .text.BusFault_Handler
                0x0000000008002692        0x6 CMakeFiles/Drone.elf.dir/Core/Src/stm32f4xx_it.c.obj
                0x0000000008002692                BusFault_Handler
 .text.UsageFault_Handler
                0x0000000008002698        0x6 CMakeFiles/Drone.elf.dir/Core/Src/stm32f4xx_it.c.obj
                0x0000000008002698                UsageFault_Handler
 .text.DebugMon_Handler
                0x000000000800269e        0xe CMakeFiles/Drone.elf.dir/Core/Src/stm32f4xx_it.c.obj
                0x000000000800269e                DebugMon_Handler
 .text.TIM1_UP_TIM10_IRQHandler
                0x00000000080026ac       0x14 CMakeFiles/Drone.elf.dir/Core/Src/stm32f4xx_it.c.obj
                0x00000000080026ac                TIM1_UP_TIM10_IRQHandler
 .text.TIM6_DAC_IRQHandler
                0x00000000080026c0       0x14 CMakeFiles/Drone.elf.dir/Core/Src/stm32f4xx_it.c.obj
                0x00000000080026c0                TIM6_DAC_IRQHandler
 .text.DMA2_Stream2_IRQHandler
                0x00000000080026d4       0x14 CMakeFiles/Drone.elf.dir/Core/Src/stm32f4xx_it.c.obj
                0x00000000080026d4                DMA2_Stream2_IRQHandler
 .text.UART7_IRQHandler
                0x00000000080026e8       0x14 CMakeFiles/Drone.elf.dir/Core/Src/stm32f4xx_it.c.obj
                0x00000000080026e8                UART7_IRQHandler
 .text.UART8_IRQHandler
                0x00000000080026fc       0x14 CMakeFiles/Drone.elf.dir/Core/Src/stm32f4xx_it.c.obj
                0x00000000080026fc                UART8_IRQHandler
 .text._getpid  0x0000000008002710       0x10 CMakeFiles/Drone.elf.dir/Core/Src/syscalls.c.obj
                0x0000000008002710                _getpid
 .text._kill    0x0000000008002720       0x20 CMakeFiles/Drone.elf.dir/Core/Src/syscalls.c.obj
                0x0000000008002720                _kill
 .text._exit    0x0000000008002740       0x14 CMakeFiles/Drone.elf.dir/Core/Src/syscalls.c.obj
                0x0000000008002740                _exit
 .text._sbrk    0x0000000008002754       0x58 CMakeFiles/Drone.elf.dir/Core/Src/syscalls.c.obj
                0x0000000008002754                _sbrk
 .text.SystemInit
                0x00000000080027ac       0x6c CMakeFiles/Drone.elf.dir/Core/Src/system_stm32f4xx.c.obj
                0x00000000080027ac                SystemInit
 .text.MX_TIM2_Init
                0x0000000008002818       0xc8 CMakeFiles/Drone.elf.dir/Core/Src/tim.c.obj
                0x0000000008002818                MX_TIM2_Init
 .text.MX_TIM6_Init
                0x00000000080028e0       0x6c CMakeFiles/Drone.elf.dir/Core/Src/tim.c.obj
                0x00000000080028e0                MX_TIM6_Init
 .text.MX_TIM8_Init
                0x000000000800294c      0x120 CMakeFiles/Drone.elf.dir/Core/Src/tim.c.obj
                0x000000000800294c                MX_TIM8_Init
 .text.HAL_TIM_PWM_MspInit
                0x0000000008002a6c       0x6c CMakeFiles/Drone.elf.dir/Core/Src/tim.c.obj
                0x0000000008002a6c                HAL_TIM_PWM_MspInit
 .text.HAL_TIM_Base_MspInit
                0x0000000008002ad8       0x50 CMakeFiles/Drone.elf.dir/Core/Src/tim.c.obj
                0x0000000008002ad8                HAL_TIM_Base_MspInit
 .text.HAL_TIM_MspPostInit
                0x0000000008002b28       0xc0 CMakeFiles/Drone.elf.dir/Core/Src/tim.c.obj
                0x0000000008002b28                HAL_TIM_MspPostInit
 .text.MX_UART7_Init
                0x0000000008002be8       0x54 CMakeFiles/Drone.elf.dir/Core/Src/usart.c.obj
                0x0000000008002be8                MX_UART7_Init
 .text.MX_UART8_Init
                0x0000000008002c3c       0x54 CMakeFiles/Drone.elf.dir/Core/Src/usart.c.obj
                0x0000000008002c3c                MX_UART8_Init
 .text.MX_USART1_UART_Init
                0x0000000008002c90       0x58 CMakeFiles/Drone.elf.dir/Core/Src/usart.c.obj
                0x0000000008002c90                MX_USART1_UART_Init
 .text.MX_USART2_UART_Init
                0x0000000008002ce8       0x54 CMakeFiles/Drone.elf.dir/Core/Src/usart.c.obj
                0x0000000008002ce8                MX_USART2_UART_Init
 .text.HAL_UART_MspInit
                0x0000000008002d3c      0x258 CMakeFiles/Drone.elf.dir/Core/Src/usart.c.obj
                0x0000000008002d3c                HAL_UART_MspInit
 .text.inv_sqrt
                0x0000000008002f94       0x78 CMakeFiles/Drone.elf.dir/Drivers/MPU6500/bsp_imu.c.obj
                0x0000000008002f94                inv_sqrt
 .text.mpu_write_byte
                0x000000000800300c       0x70 CMakeFiles/Drone.elf.dir/Drivers/MPU6500/bsp_imu.c.obj
                0x000000000800300c                mpu_write_byte
 .text.mpu_read_byte
                0x000000000800307c       0x68 CMakeFiles/Drone.elf.dir/Drivers/MPU6500/bsp_imu.c.obj
                0x000000000800307c                mpu_read_byte
 .text.mpu_read_bytes
                0x00000000080030e4       0x7c CMakeFiles/Drone.elf.dir/Drivers/MPU6500/bsp_imu.c.obj
                0x00000000080030e4                mpu_read_bytes
 .text.ist_reg_write_by_mpu
                0x0000000008003160       0x54 CMakeFiles/Drone.elf.dir/Drivers/MPU6500/bsp_imu.c.obj
 .text.ist_reg_read_by_mpu
                0x00000000080031b4       0x4a CMakeFiles/Drone.elf.dir/Drivers/MPU6500/bsp_imu.c.obj
 .text.mpu_master_i2c_auto_read_config
                0x00000000080031fe       0xac CMakeFiles/Drone.elf.dir/Drivers/MPU6500/bsp_imu.c.obj
 .text.ist8310_init
                0x00000000080032aa      0x112 CMakeFiles/Drone.elf.dir/Drivers/MPU6500/bsp_imu.c.obj
                0x00000000080032aa                ist8310_init
 .text.ist8310_get_data
                0x00000000080033bc       0x1a CMakeFiles/Drone.elf.dir/Drivers/MPU6500/bsp_imu.c.obj
                0x00000000080033bc                ist8310_get_data
 *fill*         0x00000000080033d6        0x2 
 .text.mpu_get_data
                0x00000000080033d8      0x1a8 CMakeFiles/Drone.elf.dir/Drivers/MPU6500/bsp_imu.c.obj
                0x00000000080033d8                mpu_get_data
 .text.mpu_set_gyro_fsr
                0x0000000008003580       0x22 CMakeFiles/Drone.elf.dir/Drivers/MPU6500/bsp_imu.c.obj
                0x0000000008003580                mpu_set_gyro_fsr
 .text.mpu_set_accel_fsr
                0x00000000080035a2       0x22 CMakeFiles/Drone.elf.dir/Drivers/MPU6500/bsp_imu.c.obj
                0x00000000080035a2                mpu_set_accel_fsr
 .text.mpu_device_init
                0x00000000080035c4       0xc0 CMakeFiles/Drone.elf.dir/Drivers/MPU6500/bsp_imu.c.obj
                0x00000000080035c4                mpu_device_init
 .text.mpu_offset_call
                0x0000000008003684      0x1b4 CMakeFiles/Drone.elf.dir/Drivers/MPU6500/bsp_imu.c.obj
                0x0000000008003684                mpu_offset_call
 .text.init_quaternion
                0x0000000008003838      0x25c CMakeFiles/Drone.elf.dir/Drivers/MPU6500/bsp_imu.c.obj
                0x0000000008003838                init_quaternion
 .text.imu_ahrs_update
                0x0000000008003a94      0x8d0 CMakeFiles/Drone.elf.dir/Drivers/MPU6500/bsp_imu.c.obj
                0x0000000008003a94                imu_ahrs_update
 *fill*         0x0000000008004364        0x4 
 .text.imu_attitude_update
                0x0000000008004368      0x1f4 CMakeFiles/Drone.elf.dir/Drivers/MPU6500/bsp_imu.c.obj
                0x0000000008004368                imu_attitude_update
 .text._ZN5C6010C2EtP3PID
                0x000000000800455c       0x30 CMakeFiles/Drone.elf.dir/Drivers/Motor/C6010/C6010.cpp.obj
                0x000000000800455c                C6010::C6010(unsigned short, PID*)
                0x000000000800455c                C6010::C6010(unsigned short, PID*)
 .text._ZN5C6020C2EtP3PID
                0x000000000800458c       0x54 CMakeFiles/Drone.elf.dir/Drivers/Motor/C6020/C6020.cpp.obj
                0x000000000800458c                C6020::C6020(unsigned short, PID*)
                0x000000000800458c                C6020::C6020(unsigned short, PID*)
 .text._ZN5C602010UpdateParmEv
                0x00000000080045e0       0x84 CMakeFiles/Drone.elf.dir/Drivers/Motor/C6020/C6020.cpp.obj
                0x00000000080045e0                C6020::UpdateParm()
 .text._ZN5C60209printParmEv
                0x0000000008004664       0x30 CMakeFiles/Drone.elf.dir/Drivers/Motor/C6020/C6020.cpp.obj
                0x0000000008004664                C6020::printParm()
 .text._ZN5C60208GetAngelEv
                0x0000000008004694       0x1e CMakeFiles/Drone.elf.dir/Drivers/Motor/C6020/C6020.cpp.obj
                0x0000000008004694                C6020::GetAngel()
 .text._ZN5C602010CalcOutputEs
                0x00000000080046b2       0x58 CMakeFiles/Drone.elf.dir/Drivers/Motor/C6020/C6020.cpp.obj
                0x00000000080046b2                C6020::CalcOutput(short)
 .text._ZN5C602011GetListenerEv
                0x000000000800470a       0x18 CMakeFiles/Drone.elf.dir/Drivers/Motor/C6020/C6020.cpp.obj
                0x000000000800470a                C6020::GetListener()
 *fill*         0x0000000008004722        0x2 
 .text._ZN6GM602010UpdateParmEv
                0x0000000008004724       0x60 CMakeFiles/Drone.elf.dir/Drivers/Motor/GM6020/GM6020.cpp.obj
                0x0000000008004724                GM6020::UpdateParm()
 .text._ZN6GM60209printParmEv
                0x0000000008004784       0x44 CMakeFiles/Drone.elf.dir/Drivers/Motor/GM6020/GM6020.cpp.obj
                0x0000000008004784                GM6020::printParm()
 .text._ZN6GM6020C2EtP3PIDS1_
                0x00000000080047c8       0x44 CMakeFiles/Drone.elf.dir/Drivers/Motor/GM6020/GM6020.cpp.obj
                0x00000000080047c8                GM6020::GM6020(unsigned short, PID*, PID*)
                0x00000000080047c8                GM6020::GM6020(unsigned short, PID*, PID*)
 .text._ZN6GM602011AnglePIDOutEf
                0x000000000800480c       0x3c CMakeFiles/Drone.elf.dir/Drivers/Motor/GM6020/GM6020.cpp.obj
                0x000000000800480c                GM6020::AnglePIDOut(float)
 .text._ZN6GM602011SpeedPIDOutEff
                0x0000000008004848       0x42 CMakeFiles/Drone.elf.dir/Drivers/Motor/GM6020/GM6020.cpp.obj
                0x0000000008004848                GM6020::SpeedPIDOut(float, float)
 .text._ZN6GM60208SetAngleEf
                0x000000000800488a       0x1e CMakeFiles/Drone.elf.dir/Drivers/Motor/GM6020/GM6020.cpp.obj
                0x000000000800488a                GM6020::SetAngle(float)
 .text._ZN6Remote14openReceiveDMAEv
                0x00000000080048a8       0x34 CMakeFiles/Drone.elf.dir/Drivers/Remote/Remote.cpp.obj
                0x00000000080048a8                Remote::openReceiveDMA()
 .text._ZN6RemoteC2EP20__UART_HandleTypeDef
                0x00000000080048dc       0x38 CMakeFiles/Drone.elf.dir/Drivers/Remote/Remote.cpp.obj
                0x00000000080048dc                Remote::Remote(__UART_HandleTypeDef*)
                0x00000000080048dc                Remote::Remote(__UART_HandleTypeDef*)
 .text.HAL_Init
                0x0000000008004914       0x44 CMakeFiles/Drone.elf.dir/Drivers/STM32F4xx_HAL_Driver/Src/stm32f4xx_hal.c.obj
                0x0000000008004914                HAL_Init
 .text.HAL_IncTick
                0x0000000008004958       0x28 CMakeFiles/Drone.elf.dir/Drivers/STM32F4xx_HAL_Driver/Src/stm32f4xx_hal.c.obj
                0x0000000008004958                HAL_IncTick
 .text.HAL_GetTick
                0x0000000008004980       0x18 CMakeFiles/Drone.elf.dir/Drivers/STM32F4xx_HAL_Driver/Src/stm32f4xx_hal.c.obj
                0x0000000008004980                HAL_GetTick
 .text.HAL_Delay
                0x0000000008004998       0x44 CMakeFiles/Drone.elf.dir/Drivers/STM32F4xx_HAL_Driver/Src/stm32f4xx_hal.c.obj
                0x0000000008004998                HAL_Delay
 .text.HAL_CAN_Init
                0x00000000080049dc      0x1f6 CMakeFiles/Drone.elf.dir/Drivers/STM32F4xx_HAL_Driver/Src/stm32f4xx_hal_can.c.obj
                0x00000000080049dc                HAL_CAN_Init
 *fill*         0x0000000008004bd2        0x2 
 .text.HAL_CAN_ConfigFilter
                0x0000000008004bd4      0x1c0 CMakeFiles/Drone.elf.dir/Drivers/STM32F4xx_HAL_Driver/Src/stm32f4xx_hal_can.c.obj
                0x0000000008004bd4                HAL_CAN_ConfigFilter
 .text.HAL_CAN_Start
                0x0000000008004d94       0x88 CMakeFiles/Drone.elf.dir/Drivers/STM32F4xx_HAL_Driver/Src/stm32f4xx_hal_can.c.obj
                0x0000000008004d94                HAL_CAN_Start
 .text.HAL_CAN_AddTxMessage
                0x0000000008004e1c      0x1b6 CMakeFiles/Drone.elf.dir/Drivers/STM32F4xx_HAL_Driver/Src/stm32f4xx_hal_can.c.obj
                0x0000000008004e1c                HAL_CAN_AddTxMessage
 .text.HAL_CAN_GetTxMailboxesFreeLevel
                0x0000000008004fd2       0x6a CMakeFiles/Drone.elf.dir/Drivers/STM32F4xx_HAL_Driver/Src/stm32f4xx_hal_can.c.obj
                0x0000000008004fd2                HAL_CAN_GetTxMailboxesFreeLevel
 .text.HAL_CAN_GetRxMessage
                0x000000000800503c      0x226 CMakeFiles/Drone.elf.dir/Drivers/STM32F4xx_HAL_Driver/Src/stm32f4xx_hal_can.c.obj
                0x000000000800503c                HAL_CAN_GetRxMessage
 *fill*         0x0000000008005262        0x2 
 .text.__NVIC_SetPriorityGrouping
                0x0000000008005264       0x48 CMakeFiles/Drone.elf.dir/Drivers/STM32F4xx_HAL_Driver/Src/stm32f4xx_hal_cortex.c.obj
 .text.__NVIC_GetPriorityGrouping
                0x00000000080052ac       0x1c CMakeFiles/Drone.elf.dir/Drivers/STM32F4xx_HAL_Driver/Src/stm32f4xx_hal_cortex.c.obj
 .text.__NVIC_EnableIRQ
                0x00000000080052c8       0x3c CMakeFiles/Drone.elf.dir/Drivers/STM32F4xx_HAL_Driver/Src/stm32f4xx_hal_cortex.c.obj
 .text.__NVIC_SetPriority
                0x0000000008005304       0x54 CMakeFiles/Drone.elf.dir/Drivers/STM32F4xx_HAL_Driver/Src/stm32f4xx_hal_cortex.c.obj
 .text.NVIC_EncodePriority
                0x0000000008005358       0x66 CMakeFiles/Drone.elf.dir/Drivers/STM32F4xx_HAL_Driver/Src/stm32f4xx_hal_cortex.c.obj
 .text.HAL_NVIC_SetPriorityGrouping
                0x00000000080053be       0x16 CMakeFiles/Drone.elf.dir/Drivers/STM32F4xx_HAL_Driver/Src/stm32f4xx_hal_cortex.c.obj
                0x00000000080053be                HAL_NVIC_SetPriorityGrouping
 .text.HAL_NVIC_SetPriority
                0x00000000080053d4       0x38 CMakeFiles/Drone.elf.dir/Drivers/STM32F4xx_HAL_Driver/Src/stm32f4xx_hal_cortex.c.obj
                0x00000000080053d4                HAL_NVIC_SetPriority
 .text.HAL_NVIC_EnableIRQ
                0x000000000800540c       0x1c CMakeFiles/Drone.elf.dir/Drivers/STM32F4xx_HAL_Driver/Src/stm32f4xx_hal_cortex.c.obj
                0x000000000800540c                HAL_NVIC_EnableIRQ
 .text.HAL_DMA_Init
                0x0000000008005428      0x15c CMakeFiles/Drone.elf.dir/Drivers/STM32F4xx_HAL_Driver/Src/stm32f4xx_hal_dma.c.obj
                0x0000000008005428                HAL_DMA_Init
 .text.HAL_DMA_Start_IT
                0x0000000008005584       0xc0 CMakeFiles/Drone.elf.dir/Drivers/STM32F4xx_HAL_Driver/Src/stm32f4xx_hal_dma.c.obj
                0x0000000008005584                HAL_DMA_Start_IT
 .text.HAL_DMA_Abort
                0x0000000008005644       0xe0 CMakeFiles/Drone.elf.dir/Drivers/STM32F4xx_HAL_Driver/Src/stm32f4xx_hal_dma.c.obj
                0x0000000008005644                HAL_DMA_Abort
 .text.HAL_DMA_Abort_IT
                0x0000000008005724       0x44 CMakeFiles/Drone.elf.dir/Drivers/STM32F4xx_HAL_Driver/Src/stm32f4xx_hal_dma.c.obj
                0x0000000008005724                HAL_DMA_Abort_IT
 .text.HAL_DMA_IRQHandler
                0x0000000008005768      0x314 CMakeFiles/Drone.elf.dir/Drivers/STM32F4xx_HAL_Driver/Src/stm32f4xx_hal_dma.c.obj
                0x0000000008005768                HAL_DMA_IRQHandler
 .text.DMA_SetConfig
                0x0000000008005a7c       0x5c CMakeFiles/Drone.elf.dir/Drivers/STM32F4xx_HAL_Driver/Src/stm32f4xx_hal_dma.c.obj
 .text.DMA_CalcBaseAndBitshift
                0x0000000008005ad8       0x6c CMakeFiles/Drone.elf.dir/Drivers/STM32F4xx_HAL_Driver/Src/stm32f4xx_hal_dma.c.obj
 .text.DMA_CheckFifoParam
                0x0000000008005b44       0xf4 CMakeFiles/Drone.elf.dir/Drivers/STM32F4xx_HAL_Driver/Src/stm32f4xx_hal_dma.c.obj
 .text.HAL_GPIO_Init
                0x0000000008005c38      0x354 CMakeFiles/Drone.elf.dir/Drivers/STM32F4xx_HAL_Driver/Src/stm32f4xx_hal_gpio.c.obj
                0x0000000008005c38                HAL_GPIO_Init
 .text.HAL_GPIO_ReadPin
                0x0000000008005f8c       0x30 CMakeFiles/Drone.elf.dir/Drivers/STM32F4xx_HAL_Driver/Src/stm32f4xx_hal_gpio.c.obj
                0x0000000008005f8c                HAL_GPIO_ReadPin
 .text.HAL_GPIO_WritePin
                0x0000000008005fbc       0x32 CMakeFiles/Drone.elf.dir/Drivers/STM32F4xx_HAL_Driver/Src/stm32f4xx_hal_gpio.c.obj
                0x0000000008005fbc                HAL_GPIO_WritePin
 *fill*         0x0000000008005fee        0x2 
 .text.HAL_RCC_OscConfig
                0x0000000008005ff0      0x484 CMakeFiles/Drone.elf.dir/Drivers/STM32F4xx_HAL_Driver/Src/stm32f4xx_hal_rcc.c.obj
                0x0000000008005ff0                HAL_RCC_OscConfig
 .text.HAL_RCC_ClockConfig
                0x0000000008006474      0x1c4 CMakeFiles/Drone.elf.dir/Drivers/STM32F4xx_HAL_Driver/Src/stm32f4xx_hal_rcc.c.obj
                0x0000000008006474                HAL_RCC_ClockConfig
 .text.HAL_RCC_GetSysClockFreq
                0x0000000008006638      0x164 CMakeFiles/Drone.elf.dir/Drivers/STM32F4xx_HAL_Driver/Src/stm32f4xx_hal_rcc.c.obj
                0x0000000008006638                HAL_RCC_GetSysClockFreq
 .text.HAL_RCC_GetHCLKFreq
                0x000000000800679c       0x18 CMakeFiles/Drone.elf.dir/Drivers/STM32F4xx_HAL_Driver/Src/stm32f4xx_hal_rcc.c.obj
                0x000000000800679c                HAL_RCC_GetHCLKFreq
 .text.HAL_RCC_GetPCLK1Freq
                0x00000000080067b4       0x28 CMakeFiles/Drone.elf.dir/Drivers/STM32F4xx_HAL_Driver/Src/stm32f4xx_hal_rcc.c.obj
                0x00000000080067b4                HAL_RCC_GetPCLK1Freq
 .text.HAL_RCC_GetPCLK2Freq
                0x00000000080067dc       0x28 CMakeFiles/Drone.elf.dir/Drivers/STM32F4xx_HAL_Driver/Src/stm32f4xx_hal_rcc.c.obj
                0x00000000080067dc                HAL_RCC_GetPCLK2Freq
 .text.HAL_RCC_GetClockConfig
                0x0000000008006804       0x64 CMakeFiles/Drone.elf.dir/Drivers/STM32F4xx_HAL_Driver/Src/stm32f4xx_hal_rcc.c.obj
                0x0000000008006804                HAL_RCC_GetClockConfig
 .text.HAL_SPI_Init
                0x0000000008006868       0xc8 CMakeFiles/Drone.elf.dir/Drivers/STM32F4xx_HAL_Driver/Src/stm32f4xx_hal_spi.c.obj
                0x0000000008006868                HAL_SPI_Init
 .text.HAL_SPI_TransmitReceive
                0x0000000008006930      0x344 CMakeFiles/Drone.elf.dir/Drivers/STM32F4xx_HAL_Driver/Src/stm32f4xx_hal_spi.c.obj
                0x0000000008006930                HAL_SPI_TransmitReceive
 .text.SPI_WaitFlagStateUntilTimeout
                0x0000000008006c74       0xd4 CMakeFiles/Drone.elf.dir/Drivers/STM32F4xx_HAL_Driver/Src/stm32f4xx_hal_spi.c.obj
 .text.SPI_EndRxTxTransaction
                0x0000000008006d48       0x84 CMakeFiles/Drone.elf.dir/Drivers/STM32F4xx_HAL_Driver/Src/stm32f4xx_hal_spi.c.obj
 .text.HAL_TIM_Base_Init
                0x0000000008006dcc       0x56 CMakeFiles/Drone.elf.dir/Drivers/STM32F4xx_HAL_Driver/Src/stm32f4xx_hal_tim.c.obj
                0x0000000008006dcc                HAL_TIM_Base_Init
 .text.HAL_TIM_Base_Start_IT
                0x0000000008006e22       0x48 CMakeFiles/Drone.elf.dir/Drivers/STM32F4xx_HAL_Driver/Src/stm32f4xx_hal_tim.c.obj
                0x0000000008006e22                HAL_TIM_Base_Start_IT
 .text.HAL_TIM_PWM_Init
                0x0000000008006e6a       0x56 CMakeFiles/Drone.elf.dir/Drivers/STM32F4xx_HAL_Driver/Src/stm32f4xx_hal_tim.c.obj
                0x0000000008006e6a                HAL_TIM_PWM_Init
 .text.HAL_TIM_PWM_Start
                0x0000000008006ec0       0x7c CMakeFiles/Drone.elf.dir/Drivers/STM32F4xx_HAL_Driver/Src/stm32f4xx_hal_tim.c.obj
                0x0000000008006ec0                HAL_TIM_PWM_Start
 .text.HAL_TIM_IRQHandler
                0x0000000008006f3c      0x210 CMakeFiles/Drone.elf.dir/Drivers/STM32F4xx_HAL_Driver/Src/stm32f4xx_hal_tim.c.obj
                0x0000000008006f3c                HAL_TIM_IRQHandler
 .text.HAL_TIM_PWM_ConfigChannel
                0x000000000800714c      0x18c CMakeFiles/Drone.elf.dir/Drivers/STM32F4xx_HAL_Driver/Src/stm32f4xx_hal_tim.c.obj
                0x000000000800714c                HAL_TIM_PWM_ConfigChannel
 .text.HAL_TIM_OC_DelayElapsedCallback
                0x00000000080072d8       0x14 CMakeFiles/Drone.elf.dir/Drivers/STM32F4xx_HAL_Driver/Src/stm32f4xx_hal_tim.c.obj
                0x00000000080072d8                HAL_TIM_OC_DelayElapsedCallback
 .text.HAL_TIM_IC_CaptureCallback
                0x00000000080072ec       0x14 CMakeFiles/Drone.elf.dir/Drivers/STM32F4xx_HAL_Driver/Src/stm32f4xx_hal_tim.c.obj
                0x00000000080072ec                HAL_TIM_IC_CaptureCallback
 .text.HAL_TIM_PWM_PulseFinishedCallback
                0x0000000008007300       0x14 CMakeFiles/Drone.elf.dir/Drivers/STM32F4xx_HAL_Driver/Src/stm32f4xx_hal_tim.c.obj
                0x0000000008007300                HAL_TIM_PWM_PulseFinishedCallback
 .text.HAL_TIM_TriggerCallback
                0x0000000008007314       0x14 CMakeFiles/Drone.elf.dir/Drivers/STM32F4xx_HAL_Driver/Src/stm32f4xx_hal_tim.c.obj
                0x0000000008007314                HAL_TIM_TriggerCallback
 .text.TIM_Base_SetConfig
                0x0000000008007328      0x140 CMakeFiles/Drone.elf.dir/Drivers/STM32F4xx_HAL_Driver/Src/stm32f4xx_hal_tim.c.obj
                0x0000000008007328                TIM_Base_SetConfig
 .text.TIM_OC1_SetConfig
                0x0000000008007468       0xe0 CMakeFiles/Drone.elf.dir/Drivers/STM32F4xx_HAL_Driver/Src/stm32f4xx_hal_tim.c.obj
 .text.TIM_OC2_SetConfig
                0x0000000008007548       0xec CMakeFiles/Drone.elf.dir/Drivers/STM32F4xx_HAL_Driver/Src/stm32f4xx_hal_tim.c.obj
                0x0000000008007548                TIM_OC2_SetConfig
 .text.TIM_OC3_SetConfig
                0x0000000008007634       0xe8 CMakeFiles/Drone.elf.dir/Drivers/STM32F4xx_HAL_Driver/Src/stm32f4xx_hal_tim.c.obj
 .text.TIM_OC4_SetConfig
                0x000000000800771c       0xac CMakeFiles/Drone.elf.dir/Drivers/STM32F4xx_HAL_Driver/Src/stm32f4xx_hal_tim.c.obj
 .text.TIM_CCxChannelCmd
                0x00000000080077c8       0x4a CMakeFiles/Drone.elf.dir/Drivers/STM32F4xx_HAL_Driver/Src/stm32f4xx_hal_tim.c.obj
                0x00000000080077c8                TIM_CCxChannelCmd
 .text.HAL_TIMEx_MasterConfigSynchronization
                0x0000000008007812       0x8a CMakeFiles/Drone.elf.dir/Drivers/STM32F4xx_HAL_Driver/Src/stm32f4xx_hal_tim_ex.c.obj
                0x0000000008007812                HAL_TIMEx_MasterConfigSynchronization
 .text.HAL_TIMEx_ConfigBreakDeadTime
                0x000000000800789c       0xa4 CMakeFiles/Drone.elf.dir/Drivers/STM32F4xx_HAL_Driver/Src/stm32f4xx_hal_tim_ex.c.obj
                0x000000000800789c                HAL_TIMEx_ConfigBreakDeadTime
 .text.HAL_TIMEx_CommutCallback
                0x0000000008007940       0x14 CMakeFiles/Drone.elf.dir/Drivers/STM32F4xx_HAL_Driver/Src/stm32f4xx_hal_tim_ex.c.obj
                0x0000000008007940                HAL_TIMEx_CommutCallback
 .text.HAL_TIMEx_BreakCallback
                0x0000000008007954       0x14 CMakeFiles/Drone.elf.dir/Drivers/STM32F4xx_HAL_Driver/Src/stm32f4xx_hal_tim_ex.c.obj
                0x0000000008007954                HAL_TIMEx_BreakCallback
 .text.HAL_UART_Init
                0x0000000008007968       0x9a CMakeFiles/Drone.elf.dir/Drivers/STM32F4xx_HAL_Driver/Src/stm32f4xx_hal_uart.c.obj
                0x0000000008007968                HAL_UART_Init
 .text.HAL_UART_Transmit
                0x0000000008007a02      0x132 CMakeFiles/Drone.elf.dir/Drivers/STM32F4xx_HAL_Driver/Src/stm32f4xx_hal_uart.c.obj
                0x0000000008007a02                HAL_UART_Transmit
 .text.HAL_UART_Receive_DMA
                0x0000000008007b34      0x100 CMakeFiles/Drone.elf.dir/Drivers/STM32F4xx_HAL_Driver/Src/stm32f4xx_hal_uart.c.obj
                0x0000000008007b34                HAL_UART_Receive_DMA
 .text.HAL_UART_DMAStop
                0x0000000008007c34       0xb6 CMakeFiles/Drone.elf.dir/Drivers/STM32F4xx_HAL_Driver/Src/stm32f4xx_hal_uart.c.obj
                0x0000000008007c34                HAL_UART_DMAStop
 *fill*         0x0000000008007cea        0x2 
 .text.HAL_UART_IRQHandler
                0x0000000008007cec      0x1f8 CMakeFiles/Drone.elf.dir/Drivers/STM32F4xx_HAL_Driver/Src/stm32f4xx_hal_uart.c.obj
                0x0000000008007cec                HAL_UART_IRQHandler
 .text.HAL_UART_TxCpltCallback
                0x0000000008007ee4       0x14 CMakeFiles/Drone.elf.dir/Drivers/STM32F4xx_HAL_Driver/Src/stm32f4xx_hal_uart.c.obj
                0x0000000008007ee4                HAL_UART_TxCpltCallback
 .text.HAL_UART_RxHalfCpltCallback
                0x0000000008007ef8       0x14 CMakeFiles/Drone.elf.dir/Drivers/STM32F4xx_HAL_Driver/Src/stm32f4xx_hal_uart.c.obj
                0x0000000008007ef8                HAL_UART_RxHalfCpltCallback
 .text.HAL_UART_ErrorCallback
                0x0000000008007f0c       0x14 CMakeFiles/Drone.elf.dir/Drivers/STM32F4xx_HAL_Driver/Src/stm32f4xx_hal_uart.c.obj
                0x0000000008007f0c                HAL_UART_ErrorCallback
 .text.UART_DMAReceiveCplt
                0x0000000008007f20       0x68 CMakeFiles/Drone.elf.dir/Drivers/STM32F4xx_HAL_Driver/Src/stm32f4xx_hal_uart.c.obj
 .text.UART_DMARxHalfCplt
                0x0000000008007f88       0x1c CMakeFiles/Drone.elf.dir/Drivers/STM32F4xx_HAL_Driver/Src/stm32f4xx_hal_uart.c.obj
 .text.UART_DMAError
                0x0000000008007fa4       0x94 CMakeFiles/Drone.elf.dir/Drivers/STM32F4xx_HAL_Driver/Src/stm32f4xx_hal_uart.c.obj
 .text.UART_WaitOnFlagUntilTimeout
                0x0000000008008038       0x94 CMakeFiles/Drone.elf.dir/Drivers/STM32F4xx_HAL_Driver/Src/stm32f4xx_hal_uart.c.obj
 .text.UART_EndTxTransfer
                0x00000000080080cc       0x2c CMakeFiles/Drone.elf.dir/Drivers/STM32F4xx_HAL_Driver/Src/stm32f4xx_hal_uart.c.obj
 .text.UART_EndRxTransfer
                0x00000000080080f8       0x3c CMakeFiles/Drone.elf.dir/Drivers/STM32F4xx_HAL_Driver/Src/stm32f4xx_hal_uart.c.obj
 .text.UART_DMAAbortOnError
                0x0000000008008134       0x28 CMakeFiles/Drone.elf.dir/Drivers/STM32F4xx_HAL_Driver/Src/stm32f4xx_hal_uart.c.obj
 .text.UART_Transmit_IT
                0x000000000800815c       0xac CMakeFiles/Drone.elf.dir/Drivers/STM32F4xx_HAL_Driver/Src/stm32f4xx_hal_uart.c.obj
 .text.UART_EndTransmit_IT
                0x0000000008008208       0x30 CMakeFiles/Drone.elf.dir/Drivers/STM32F4xx_HAL_Driver/Src/stm32f4xx_hal_uart.c.obj
 .text.UART_Receive_IT
                0x0000000008008238      0x102 CMakeFiles/Drone.elf.dir/Drivers/STM32F4xx_HAL_Driver/Src/stm32f4xx_hal_uart.c.obj
 *fill*         0x000000000800833a        0x2 
 .text.UART_SetConfig
                0x000000000800833c      0x414 CMakeFiles/Drone.elf.dir/Drivers/STM32F4xx_HAL_Driver/Src/stm32f4xx_hal_uart.c.obj
 .text._ZN6KalmanC2Ev
                0x0000000008008750       0x64 CMakeFiles/Drone.elf.dir/Middlewares/Arithmetic/KalmanFilter/Kalman.cpp.obj
                0x0000000008008750                Kalman::Kalman()
                0x0000000008008750                Kalman::Kalman()
 .text._ZN6Kalman8getAngleEfff
                0x00000000080087b4      0x1f8 CMakeFiles/Drone.elf.dir/Middlewares/Arithmetic/KalmanFilter/Kalman.cpp.obj
                0x00000000080087b4                Kalman::getAngle(float, float, float)
 .text._ZN6Kalman8setAngleEf
                0x00000000080089ac       0x1e CMakeFiles/Drone.elf.dir/Middlewares/Arithmetic/KalmanFilter/Kalman.cpp.obj
                0x00000000080089ac                Kalman::setAngle(float)
 .text._ZN6Kalman9setQangleEf
                0x00000000080089ca       0x1e CMakeFiles/Drone.elf.dir/Middlewares/Arithmetic/KalmanFilter/Kalman.cpp.obj
                0x00000000080089ca                Kalman::setQangle(float)
 .text._ZN3PID9calculateEf
                0x00000000080089e8      0x188 CMakeFiles/Drone.elf.dir/Middlewares/Arithmetic/PID/PID.cpp.obj
                0x00000000080089e8                PID::calculate(float)
 .text._ZN3PIDC2Ettfsfff
                0x0000000008008b70       0xa2 CMakeFiles/Drone.elf.dir/Middlewares/Arithmetic/PID/PID.cpp.obj
                0x0000000008008b70                PID::PID(unsigned short, unsigned short, float, short, float, float, float)
                0x0000000008008b70                PID::PID(unsigned short, unsigned short, float, short, float, float, float)
 .text._ZN3PID9setTargetEf
                0x0000000008008c12       0x1e CMakeFiles/Drone.elf.dir/Middlewares/Arithmetic/PID/PID.cpp.obj
                0x0000000008008c12                PID::setTarget(float)
 .text._ZN16AttitudeListener6updataEv
                0x0000000008008c30       0x24 CMakeFiles/Drone.elf.dir/Middlewares/AttitudeListenner/AttitudeListener.cpp.obj
                0x0000000008008c30                AttitudeListener::updata()
 .text._ZN16AttitudeListener4InitEv
                0x0000000008008c54       0x40 CMakeFiles/Drone.elf.dir/Middlewares/AttitudeListenner/AttitudeListener.cpp.obj
                0x0000000008008c54                AttitudeListener::Init()
 .text._ZN16AttitudeListener6getImuEv
                0x0000000008008c94       0x1c CMakeFiles/Drone.elf.dir/Middlewares/AttitudeListenner/AttitudeListener.cpp.obj
                0x0000000008008c94                AttitudeListener::getImu()
 .text._ZN16AttitudeListener6IsBusyEv
                0x0000000008008cb0       0x18 CMakeFiles/Drone.elf.dir/Middlewares/AttitudeListenner/AttitudeListener.cpp.obj
                0x0000000008008cb0                AttitudeListener::IsBusy()
 .text._Z20AttitudeListenerTaskPKv
                0x0000000008008cc8       0x14 CMakeFiles/Drone.elf.dir/Middlewares/AttitudeListenner/AttitudeListener.cpp.obj
                0x0000000008008cc8                AttitudeListenerTask(void const*)
 .text._ZN11CanPortListC2Ev
                0x0000000008008cdc       0x24 CMakeFiles/Drone.elf.dir/Middlewares/CanBusManager/CanBusManger.cpp.obj
                0x0000000008008cdc                CanPortList::CanPortList()
                0x0000000008008cdc                CanPortList::CanPortList()
 .text._ZN12CanBusManger4InitEv
                0x0000000008008d00      0x160 CMakeFiles/Drone.elf.dir/Middlewares/CanBusManager/CanBusManger.cpp.obj
                0x0000000008008d00                CanBusManger::Init()
 .text._ZN12CanBusManger6UpdateEv
                0x0000000008008e60       0x74 CMakeFiles/Drone.elf.dir/Middlewares/CanBusManager/CanBusManger.cpp.obj
                0x0000000008008e60                CanBusManger::Update()
 .text._ZN12CanBusManger12SendData_200Ev
                0x0000000008008ed4       0x48 CMakeFiles/Drone.elf.dir/Middlewares/CanBusManager/CanBusManger.cpp.obj
                0x0000000008008ed4                CanBusManger::SendData_200()
 .text._ZN12CanBusManger12SendData_1ffEv
                0x0000000008008f1c       0x48 CMakeFiles/Drone.elf.dir/Middlewares/CanBusManager/CanBusManger.cpp.obj
                0x0000000008008f1c                CanBusManger::SendData_1ff()
 .text._ZN12CanBusManger12SendData_2ffEv
                0x0000000008008f64       0x48 CMakeFiles/Drone.elf.dir/Middlewares/CanBusManager/CanBusManger.cpp.obj
                0x0000000008008f64                CanBusManger::SendData_2ff()
 .text._ZN12CanBusManger11GetPortListEv
                0x0000000008008fac       0x18 CMakeFiles/Drone.elf.dir/Middlewares/CanBusManager/CanBusManger.cpp.obj
                0x0000000008008fac                CanBusManger::GetPortList()
 .text._ZN12CanBusManger11TxBufUpdateEt
                0x0000000008008fc4      0x2bc CMakeFiles/Drone.elf.dir/Middlewares/CanBusManager/CanBusManger.cpp.obj
                0x0000000008008fc4                CanBusManger::TxBufUpdate(unsigned short)
 .text._ZN12CanBusManger11printDriverEv
                0x0000000008009280       0x84 CMakeFiles/Drone.elf.dir/Middlewares/CanBusManager/CanBusManger.cpp.obj
                0x0000000008009280                CanBusManger::printDriver()
 .text._ZN12CanBusManger10IsCan1PortEt
                0x0000000008009304       0x50 CMakeFiles/Drone.elf.dir/Middlewares/CanBusManager/CanBusManger.cpp.obj
                0x0000000008009304                CanBusManger::IsCan1Port(unsigned short)
 .text._ZN12CanBusManger10IsCan2PortEt
                0x0000000008009354       0x50 CMakeFiles/Drone.elf.dir/Middlewares/CanBusManager/CanBusManger.cpp.obj
                0x0000000008009354                CanBusManger::IsCan2Port(unsigned short)
 .text._Z16CanBusMangerCallPKv
                0x00000000080093a4       0x6e CMakeFiles/Drone.elf.dir/Middlewares/CanBusManager/CanBusManger.cpp.obj
                0x00000000080093a4                CanBusMangerCall(void const*)
 *fill*         0x0000000008009412        0x2 
 .text._ZN9Plus_ListIP7CanPortEC2Ev
                0x0000000008009414       0x30 CMakeFiles/Drone.elf.dir/Middlewares/CanBusManager/CanBusManger.cpp.obj
                0x0000000008009414                Plus_List<CanPort*>::Plus_List()
                0x0000000008009414                Plus_List<CanPort*>::Plus_List()
 .text._ZN9Plus_ListIP7CanPortE3addES1_
                0x0000000008009444       0x4a CMakeFiles/Drone.elf.dir/Middlewares/CanBusManager/CanBusManger.cpp.obj
                0x0000000008009444                Plus_List<CanPort*>::add(CanPort*)
 .text._ZN9Plus_ListIP7CanPortE3getEt
                0x000000000800948e       0x48 CMakeFiles/Drone.elf.dir/Middlewares/CanBusManager/CanBusManger.cpp.obj
                0x000000000800948e                Plus_List<CanPort*>::get(unsigned short)
 .text._ZN4nodeIP7CanPortEC2Ev
                0x00000000080094d6       0x1c CMakeFiles/Drone.elf.dir/Middlewares/CanBusManager/CanBusManger.cpp.obj
                0x00000000080094d6                node<CanPort*>::node()
                0x00000000080094d6                node<CanPort*>::node()
 .text._ZN4nodeIP7CanPortEC2ES1_
                0x00000000080094f2       0x24 CMakeFiles/Drone.elf.dir/Middlewares/CanBusManager/CanBusManger.cpp.obj
                0x00000000080094f2                node<CanPort*>::node(CanPort*)
                0x00000000080094f2                node<CanPort*>::node(CanPort*)
 .text._ZN9Plus_ListIP7CanPortE5indexES1_
                0x0000000008009516       0x4a CMakeFiles/Drone.elf.dir/Middlewares/CanBusManager/CanBusManger.cpp.obj
                0x0000000008009516                Plus_List<CanPort*>::index(CanPort*)
 .text._ZN11CanListenerC2Et
                0x0000000008009560       0x2c CMakeFiles/Drone.elf.dir/Middlewares/CanBusManager/CanListener/CanListener.cpp.obj
                0x0000000008009560                CanListener::CanListener(unsigned short)
                0x0000000008009560                CanListener::CanListener(unsigned short)
 .text._ZN11CanListener7GetDataEv
                0x000000000800958c       0x1c CMakeFiles/Drone.elf.dir/Middlewares/CanBusManager/CanListener/CanListener.cpp.obj
                0x000000000800958c                CanListener::GetData()
 .text._ZN11CanListener9WriteDataEs
                0x00000000080095a8       0x24 CMakeFiles/Drone.elf.dir/Middlewares/CanBusManager/CanListener/CanListener.cpp.obj
                0x00000000080095a8                CanListener::WriteData(short)
 .text._ZN11CanListener8isOnlineEv
                0x00000000080095cc       0x1c CMakeFiles/Drone.elf.dir/Middlewares/CanBusManager/CanListener/CanListener.cpp.obj
                0x00000000080095cc                CanListener::isOnline()
 .text._ZN7CanPortC2Et
                0x00000000080095e8       0x2e CMakeFiles/Drone.elf.dir/Middlewares/CanBusManager/CanPort/CanPort.cpp.obj
                0x00000000080095e8                CanPort::CanPort(unsigned short)
                0x00000000080095e8                CanPort::CanPort(unsigned short)
 .text._ZN7CanPort9GetRxDataEv
                0x0000000008009616       0x18 CMakeFiles/Drone.elf.dir/Middlewares/CanBusManager/CanPort/CanPort.cpp.obj
                0x0000000008009616                CanPort::GetRxData()
 .text._ZN7CanPort9GetTxDataEv
                0x000000000800962e       0x18 CMakeFiles/Drone.elf.dir/Middlewares/CanBusManager/CanPort/CanPort.cpp.obj
                0x000000000800962e                CanPort::GetTxData()
 .text._ZN7CanPort5GetIDEv
                0x0000000008009646       0x18 CMakeFiles/Drone.elf.dir/Middlewares/CanBusManager/CanPort/CanPort.cpp.obj
                0x0000000008009646                CanPort::GetID()
 .text._ZN7CanPort9WriteDataEs
                0x000000000800965e       0x2c CMakeFiles/Drone.elf.dir/Middlewares/CanBusManager/CanPort/CanPort.cpp.obj
                0x000000000800965e                CanPort::WriteData(short)
 .text._ZN7CanPort11ReceiveDataEPh
                0x000000000800968a       0x42 CMakeFiles/Drone.elf.dir/Middlewares/CanBusManager/CanPort/CanPort.cpp.obj
                0x000000000800968a                CanPort::ReceiveData(unsigned char*)
 .text._ZN7CanPort11ClearTxDataEv
                0x00000000080096cc       0x20 CMakeFiles/Drone.elf.dir/Middlewares/CanBusManager/CanPort/CanPort.cpp.obj
                0x00000000080096cc                CanPort::ClearTxData()
 .text._ZN7CanPort11ClearRxDataEv
                0x00000000080096ec       0x32 CMakeFiles/Drone.elf.dir/Middlewares/CanBusManager/CanPort/CanPort.cpp.obj
                0x00000000080096ec                CanPort::ClearRxData()
 .text._ZN7CanPort8isOnlineEv
                0x000000000800971e       0x18 CMakeFiles/Drone.elf.dir/Middlewares/CanBusManager/CanPort/CanPort.cpp.obj
                0x000000000800971e                CanPort::isOnline()
 .text._ZN11CanPortList8getForIdEt
                0x0000000008009736       0x7a CMakeFiles/Drone.elf.dir/Middlewares/CanBusManager/CanPort/CanPortList.cpp.obj
                0x0000000008009736                CanPortList::getForId(unsigned short)
 .text._ZN9Plus_ListIP7CanPortE6lengthEv
                0x00000000080097b0       0x36 CMakeFiles/Drone.elf.dir/Middlewares/CanBusManager/CanPort/CanPortList.cpp.obj
                0x00000000080097b0                Plus_List<CanPort*>::length()
 .text._ZN8CanTxBuf3SetEhh
                0x00000000080097e6       0x24 CMakeFiles/Drone.elf.dir/Middlewares/CanBusManager/CanTxBuf/CanTxBuf.cpp.obj
                0x00000000080097e6                CanTxBuf::Set(unsigned char, unsigned char)
 .text._ZN8CanTxBuf3GetEv
                0x000000000800980a       0x16 CMakeFiles/Drone.elf.dir/Middlewares/CanBusManager/CanTxBuf/CanTxBuf.cpp.obj
                0x000000000800980a                CanTxBuf::Get()
 .text._ZN17HolderControlUnit4InitEv
                0x0000000008009820      0x22c CMakeFiles/Drone.elf.dir/Middlewares/MotorControlSystem/HolderControlUnit/HolderControlUnit.cpp.obj
                0x0000000008009820                HolderControlUnit::Init()
 .text._ZN17HolderControlUnit6RunYawEf
                0x0000000008009a4c      0x184 CMakeFiles/Drone.elf.dir/Middlewares/MotorControlSystem/HolderControlUnit/HolderControlUnit.cpp.obj
                0x0000000008009a4c                HolderControlUnit::RunYaw(float)
 .text._ZN17HolderControlUnit8IsOnlineEv
                0x0000000008009bd0       0x48 CMakeFiles/Drone.elf.dir/Middlewares/MotorControlSystem/HolderControlUnit/HolderControlUnit.cpp.obj
                0x0000000008009bd0                HolderControlUnit::IsOnline()
 .text._ZN17HolderControlUnit13UpdateCanParmEv
                0x0000000008009c18      0x158 CMakeFiles/Drone.elf.dir/Middlewares/MotorControlSystem/HolderControlUnit/HolderControlUnit.cpp.obj
                0x0000000008009c18                HolderControlUnit::UpdateCanParm()
 .text._ZN17HolderControlUnit8RunPitchEf
                0x0000000008009d70      0x170 CMakeFiles/Drone.elf.dir/Middlewares/MotorControlSystem/HolderControlUnit/HolderControlUnit.cpp.obj
                0x0000000008009d70                HolderControlUnit::RunPitch(float)
 .text._ZN17HolderControlUnit22UpdateControlParmForPCEv
                0x0000000008009ee0      0x280 CMakeFiles/Drone.elf.dir/Middlewares/MotorControlSystem/HolderControlUnit/HolderControlUnit.cpp.obj
                0x0000000008009ee0                HolderControlUnit::UpdateControlParmForPC()
 .text._ZN17HolderControlUnit23RunHolderForControlParmEv
                0x000000000800a160       0x2c CMakeFiles/Drone.elf.dir/Middlewares/MotorControlSystem/HolderControlUnit/HolderControlUnit.cpp.obj
                0x000000000800a160                HolderControlUnit::RunHolderForControlParm()
 *fill*         0x000000000800a18c        0x4 
 .text._ZN17HolderControlUnit26UpdateControlParmForRemoteEv
                0x000000000800a190      0x204 CMakeFiles/Drone.elf.dir/Middlewares/MotorControlSystem/HolderControlUnit/HolderControlUnit.cpp.obj
                0x000000000800a190                HolderControlUnit::UpdateControlParmForRemote()
 .text._ZN18MotorControlSystem4InitEv
                0x000000000800a394       0x74 CMakeFiles/Drone.elf.dir/Middlewares/MotorControlSystem/MotorControlSystem.cpp.obj
                0x000000000800a394                MotorControlSystem::Init()
 .text._ZN18MotorControlSystem13UpdateCanParmEv
                0x000000000800a408       0x10 CMakeFiles/Drone.elf.dir/Middlewares/MotorControlSystem/MotorControlSystem.cpp.obj
                0x000000000800a408                MotorControlSystem::UpdateCanParm()
 .text._ZN18MotorControlSystem17UpdateControlParmEv
                0x000000000800a418       0x3e CMakeFiles/Drone.elf.dir/Middlewares/MotorControlSystem/MotorControlSystem.cpp.obj
                0x000000000800a418                MotorControlSystem::UpdateControlParm()
 .text._ZN18MotorControlSystem12HolderOnlineEv
                0x000000000800a456        0xe CMakeFiles/Drone.elf.dir/Middlewares/MotorControlSystem/MotorControlSystem.cpp.obj
                0x000000000800a456                MotorControlSystem::HolderOnline()
 .text._ZN18MotorControlSystem9RunHolderEv
                0x000000000800a464        0xc CMakeFiles/Drone.elf.dir/Middlewares/MotorControlSystem/MotorControlSystem.cpp.obj
                0x000000000800a464                MotorControlSystem::RunHolder()
 .text._ZN18MotorControlSystem11ShootOnlineEv
                0x000000000800a470        0xe CMakeFiles/Drone.elf.dir/Middlewares/MotorControlSystem/MotorControlSystem.cpp.obj
                0x000000000800a470                MotorControlSystem::ShootOnline()
 .text._ZN18MotorControlSystem8RunShootEv
                0x000000000800a47e        0xc CMakeFiles/Drone.elf.dir/Middlewares/MotorControlSystem/MotorControlSystem.cpp.obj
                0x000000000800a47e                MotorControlSystem::RunShoot()
 .text._Z16HolderControllerPKv
                0x000000000800a48a       0x1e CMakeFiles/Drone.elf.dir/Middlewares/MotorControlSystem/MotorControlSystem.cpp.obj
                0x000000000800a48a                HolderController(void const*)
 .text._Z15ShootControllerPKv
                0x000000000800a4a8       0x1e CMakeFiles/Drone.elf.dir/Middlewares/MotorControlSystem/MotorControlSystem.cpp.obj
                0x000000000800a4a8                ShootController(void const*)
 *fill*         0x000000000800a4c6        0x2 
 .text._ZN16ShootControlUnit4InitEv
                0x000000000800a4c8       0xc0 CMakeFiles/Drone.elf.dir/Middlewares/MotorControlSystem/ShootControlUnit/ShootControlUnit.cpp.obj
                0x000000000800a4c8                ShootControlUnit::Init()
 .text._ZN16ShootControlUnit14OpenShootMotorEv
                0x000000000800a588       0x94 CMakeFiles/Drone.elf.dir/Middlewares/MotorControlSystem/ShootControlUnit/ShootControlUnit.cpp.obj
                0x000000000800a588                ShootControlUnit::OpenShootMotor()
 .text._ZN16ShootControlUnit2OnEv
                0x000000000800a61c       0x30 CMakeFiles/Drone.elf.dir/Middlewares/MotorControlSystem/ShootControlUnit/ShootControlUnit.cpp.obj
                0x000000000800a61c                ShootControlUnit::On()
 .text._ZN16ShootControlUnit3OffEv
                0x000000000800a64c       0x20 CMakeFiles/Drone.elf.dir/Middlewares/MotorControlSystem/ShootControlUnit/ShootControlUnit.cpp.obj
                0x000000000800a64c                ShootControlUnit::Off()
 .text._ZN16ShootControlUnit13UpdateCanParmEv
                0x000000000800a66c       0x20 CMakeFiles/Drone.elf.dir/Middlewares/MotorControlSystem/ShootControlUnit/ShootControlUnit.cpp.obj
                0x000000000800a66c                ShootControlUnit::UpdateCanParm()
 .text._ZN16ShootControlUnit26UpdateControlParmForRemoteEv
                0x000000000800a68c       0x9c CMakeFiles/Drone.elf.dir/Middlewares/MotorControlSystem/ShootControlUnit/ShootControlUnit.cpp.obj
                0x000000000800a68c                ShootControlUnit::UpdateControlParmForRemote()
 .text._ZN16ShootControlUnit8IsOnlineEv
                0x000000000800a728       0x20 CMakeFiles/Drone.elf.dir/Middlewares/MotorControlSystem/ShootControlUnit/ShootControlUnit.cpp.obj
                0x000000000800a728                ShootControlUnit::IsOnline()
 .text._ZN16ShootControlUnit22RunShootForControlParmEv
                0x000000000800a748       0x20 CMakeFiles/Drone.elf.dir/Middlewares/MotorControlSystem/ShootControlUnit/ShootControlUnit.cpp.obj
                0x000000000800a748                ShootControlUnit::RunShootForControlParm()
 .text._ZN16ShootControlUnit22UpdateControlParmForPCEv
                0x000000000800a768       0x2c CMakeFiles/Drone.elf.dir/Middlewares/MotorControlSystem/ShootControlUnit/ShootControlUnit.cpp.obj
                0x000000000800a768                ShootControlUnit::UpdateControlParmForPC()
 .text._ZN14RemoteListener4InitEv
                0x000000000800a794       0x7c CMakeFiles/Drone.elf.dir/Middlewares/RemoteListener/RemoteListener.cpp.obj
                0x000000000800a794                RemoteListener::Init()
 .text._ZN14RemoteListener11ReceiveDataEv
                0x000000000800a810      0x1a4 CMakeFiles/Drone.elf.dir/Middlewares/RemoteListener/RemoteListener.cpp.obj
                0x000000000800a810                RemoteListener::ReceiveData()
 .text._ZN14RemoteListener8IsOnlineEv
                0x000000000800a9b4       0x18 CMakeFiles/Drone.elf.dir/Middlewares/RemoteListener/RemoteListener.cpp.obj
                0x000000000800a9b4                RemoteListener::IsOnline()
 .text._ZN14RemoteListener7HaveKeyE3KEY
                0x000000000800a9cc       0x40 CMakeFiles/Drone.elf.dir/Middlewares/RemoteListener/RemoteListener.cpp.obj
                0x000000000800a9cc                RemoteListener::HaveKey(KEY)
 .text._ZN14RemoteListener7GetDataEv
                0x000000000800aa0c       0x2c CMakeFiles/Drone.elf.dir/Middlewares/RemoteListener/RemoteListener.cpp.obj
                0x000000000800aa0c                RemoteListener::GetData()
 .text._Z18RemoteListenerCallPKv
                0x000000000800aa38       0x34 CMakeFiles/Drone.elf.dir/Middlewares/RemoteListener/RemoteListener.cpp.obj
                0x000000000800aa38                RemoteListenerCall(void const*)
 .text.makeFreeRtosPriority
                0x000000000800aa6c       0x30 CMakeFiles/Drone.elf.dir/Middlewares/Third_Party/FreeRTOS/Source/CMSIS_RTOS/cmsis_os.c.obj
 .text.osKernelStart
                0x000000000800aa9c        0xe CMakeFiles/Drone.elf.dir/Middlewares/Third_Party/FreeRTOS/Source/CMSIS_RTOS/cmsis_os.c.obj
                0x000000000800aa9c                osKernelStart
 .text.osThreadCreate
                0x000000000800aaaa       0x98 CMakeFiles/Drone.elf.dir/Middlewares/Third_Party/FreeRTOS/Source/CMSIS_RTOS/cmsis_os.c.obj
                0x000000000800aaaa                osThreadCreate
 .text.osDelay  0x000000000800ab42       0x28 CMakeFiles/Drone.elf.dir/Middlewares/Third_Party/FreeRTOS/Source/CMSIS_RTOS/cmsis_os.c.obj
                0x000000000800ab42                osDelay
 .text.vListInitialise
                0x000000000800ab6a       0x40 CMakeFiles/Drone.elf.dir/Middlewares/Third_Party/FreeRTOS/Source/list.c.obj
                0x000000000800ab6a                vListInitialise
 .text.vListInitialiseItem
                0x000000000800abaa       0x1a CMakeFiles/Drone.elf.dir/Middlewares/Third_Party/FreeRTOS/Source/list.c.obj
                0x000000000800abaa                vListInitialiseItem
 .text.vListInsertEnd
                0x000000000800abc4       0x48 CMakeFiles/Drone.elf.dir/Middlewares/Third_Party/FreeRTOS/Source/list.c.obj
                0x000000000800abc4                vListInsertEnd
 .text.vListInsert
                0x000000000800ac0c       0x72 CMakeFiles/Drone.elf.dir/Middlewares/Third_Party/FreeRTOS/Source/list.c.obj
                0x000000000800ac0c                vListInsert
 .text.uxListRemove
                0x000000000800ac7e       0x54 CMakeFiles/Drone.elf.dir/Middlewares/Third_Party/FreeRTOS/Source/list.c.obj
                0x000000000800ac7e                uxListRemove
 *fill*         0x000000000800acd2        0x2 
 .text.pxPortInitialiseStack
                0x000000000800acd4       0x68 CMakeFiles/Drone.elf.dir/Middlewares/Third_Party/FreeRTOS/Source/portable/GCC/ARM_CM4F/port.c.obj
                0x000000000800acd4                pxPortInitialiseStack
 .text.prvTaskExitError
                0x000000000800ad3c       0x54 CMakeFiles/Drone.elf.dir/Middlewares/Third_Party/FreeRTOS/Source/portable/GCC/ARM_CM4F/port.c.obj
 .text.SVC_Handler
                0x000000000800ad90       0x28 CMakeFiles/Drone.elf.dir/Middlewares/Third_Party/FreeRTOS/Source/portable/GCC/ARM_CM4F/port.c.obj
                0x000000000800ad90                SVC_Handler
 .text.prvPortStartFirstTask
                0x000000000800adb8       0x28 CMakeFiles/Drone.elf.dir/Middlewares/Third_Party/FreeRTOS/Source/portable/GCC/ARM_CM4F/port.c.obj
 .text.xPortStartScheduler
                0x000000000800ade0      0x13c CMakeFiles/Drone.elf.dir/Middlewares/Third_Party/FreeRTOS/Source/portable/GCC/ARM_CM4F/port.c.obj
                0x000000000800ade0                xPortStartScheduler
 .text.vPortEnterCritical
                0x000000000800af1c       0x5c CMakeFiles/Drone.elf.dir/Middlewares/Third_Party/FreeRTOS/Source/portable/GCC/ARM_CM4F/port.c.obj
                0x000000000800af1c                vPortEnterCritical
 .text.vPortExitCritical
                0x000000000800af78       0x50 CMakeFiles/Drone.elf.dir/Middlewares/Third_Party/FreeRTOS/Source/portable/GCC/ARM_CM4F/port.c.obj
                0x000000000800af78                vPortExitCritical
 *fill*         0x000000000800afc8        0x8 
 .text.PendSV_Handler
                0x000000000800afd0       0x68 CMakeFiles/Drone.elf.dir/Middlewares/Third_Party/FreeRTOS/Source/portable/GCC/ARM_CM4F/port.c.obj
                0x000000000800afd0                PendSV_Handler
 .text.SysTick_Handler
                0x000000000800b038       0x40 CMakeFiles/Drone.elf.dir/Middlewares/Third_Party/FreeRTOS/Source/portable/GCC/ARM_CM4F/port.c.obj
                0x000000000800b038                SysTick_Handler
 .text.vPortSetupTimerInterrupt
                0x000000000800b078       0x48 CMakeFiles/Drone.elf.dir/Middlewares/Third_Party/FreeRTOS/Source/portable/GCC/ARM_CM4F/port.c.obj
                0x000000000800b078                vPortSetupTimerInterrupt
 .text.vPortEnableVFP
                0x000000000800b0c0       0x14 CMakeFiles/Drone.elf.dir/Middlewares/Third_Party/FreeRTOS/Source/portable/GCC/ARM_CM4F/port.c.obj
 .text.pvPortMalloc
                0x000000000800b0d4      0x184 CMakeFiles/Drone.elf.dir/Middlewares/Third_Party/FreeRTOS/Source/portable/MemMang/heap_4.c.obj
                0x000000000800b0d4                pvPortMalloc
 .text.vPortFree
                0x000000000800b258       0xb0 CMakeFiles/Drone.elf.dir/Middlewares/Third_Party/FreeRTOS/Source/portable/MemMang/heap_4.c.obj
                0x000000000800b258                vPortFree
 .text.prvHeapInit
                0x000000000800b308       0xc4 CMakeFiles/Drone.elf.dir/Middlewares/Third_Party/FreeRTOS/Source/portable/MemMang/heap_4.c.obj
 .text.prvInsertBlockIntoFreeList
                0x000000000800b3cc       0xb4 CMakeFiles/Drone.elf.dir/Middlewares/Third_Party/FreeRTOS/Source/portable/MemMang/heap_4.c.obj
 .text.xTaskCreateStatic
                0x000000000800b480       0xb2 CMakeFiles/Drone.elf.dir/Middlewares/Third_Party/FreeRTOS/Source/tasks.c.obj
                0x000000000800b480                xTaskCreateStatic
 .text.xTaskCreate
                0x000000000800b532       0x8a CMakeFiles/Drone.elf.dir/Middlewares/Third_Party/FreeRTOS/Source/tasks.c.obj
                0x000000000800b532                xTaskCreate
 .text.prvInitialiseNewTask
                0x000000000800b5bc       0xfc CMakeFiles/Drone.elf.dir/Middlewares/Third_Party/FreeRTOS/Source/tasks.c.obj
 .text.prvAddNewTaskToReadyList
                0x000000000800b6b8       0xd4 CMakeFiles/Drone.elf.dir/Middlewares/Third_Party/FreeRTOS/Source/tasks.c.obj
 .text.vTaskDelay
                0x000000000800b78c       0x68 CMakeFiles/Drone.elf.dir/Middlewares/Third_Party/FreeRTOS/Source/tasks.c.obj
                0x000000000800b78c                vTaskDelay
 .text.vTaskStartScheduler
                0x000000000800b7f4       0xbc CMakeFiles/Drone.elf.dir/Middlewares/Third_Party/FreeRTOS/Source/tasks.c.obj
                0x000000000800b7f4                vTaskStartScheduler
 .text.vTaskSuspendAll
                0x000000000800b8b0       0x1c CMakeFiles/Drone.elf.dir/Middlewares/Third_Party/FreeRTOS/Source/tasks.c.obj
                0x000000000800b8b0                vTaskSuspendAll
 .text.xTaskResumeAll
                0x000000000800b8cc      0x138 CMakeFiles/Drone.elf.dir/Middlewares/Third_Party/FreeRTOS/Source/tasks.c.obj
                0x000000000800b8cc                xTaskResumeAll
 .text.xTaskIncrementTick
                0x000000000800ba04      0x178 CMakeFiles/Drone.elf.dir/Middlewares/Third_Party/FreeRTOS/Source/tasks.c.obj
                0x000000000800ba04                xTaskIncrementTick
 .text.vTaskSwitchContext
                0x000000000800bb7c       0xb4 CMakeFiles/Drone.elf.dir/Middlewares/Third_Party/FreeRTOS/Source/tasks.c.obj
                0x000000000800bb7c                vTaskSwitchContext
 .text.prvIdleTask
                0x000000000800bc30       0x30 CMakeFiles/Drone.elf.dir/Middlewares/Third_Party/FreeRTOS/Source/tasks.c.obj
 .text.prvInitialiseTaskLists
                0x000000000800bc60       0x80 CMakeFiles/Drone.elf.dir/Middlewares/Third_Party/FreeRTOS/Source/tasks.c.obj
 .text.prvCheckTasksWaitingTermination
                0x000000000800bce0       0x58 CMakeFiles/Drone.elf.dir/Middlewares/Third_Party/FreeRTOS/Source/tasks.c.obj
 .text.prvDeleteTCB
                0x000000000800bd38       0x5c CMakeFiles/Drone.elf.dir/Middlewares/Third_Party/FreeRTOS/Source/tasks.c.obj
 .text.prvResetNextTaskUnblockTime
                0x000000000800bd94       0x4c CMakeFiles/Drone.elf.dir/Middlewares/Third_Party/FreeRTOS/Source/tasks.c.obj
 .text.prvAddCurrentTaskToDelayedList
                0x000000000800bde0       0xcc CMakeFiles/Drone.elf.dir/Middlewares/Third_Party/FreeRTOS/Source/tasks.c.obj
 .text._Z12UserCAN_InitP19__CAN_HandleTypeDef
                0x000000000800beac       0x8c CMakeFiles/Drone.elf.dir/Middlewares/stm32plus/can/can_plus.cpp.obj
                0x000000000800beac                UserCAN_Init(__CAN_HandleTypeDef*)
 .text._ZN3CanC2EP19__CAN_HandleTypeDef
                0x000000000800bf38       0x24 CMakeFiles/Drone.elf.dir/Middlewares/stm32plus/can/can_plus.cpp.obj
                0x000000000800bf38                Can::Can(__CAN_HandleTypeDef*)
                0x000000000800bf38                Can::Can(__CAN_HandleTypeDef*)
 .text._ZN3Can11ReceiveDataEPh
                0x000000000800bf5c       0x98 CMakeFiles/Drone.elf.dir/Middlewares/stm32plus/can/can_plus.cpp.obj
                0x000000000800bf5c                Can::ReceiveData(unsigned char*)
 .text._ZN3Can8SendDataEtPh
                0x000000000800bff4       0x8c CMakeFiles/Drone.elf.dir/Middlewares/stm32plus/can/can_plus.cpp.obj
                0x000000000800bff4                Can::SendData(unsigned short, unsigned char*)
 .text._ZN3Can13GetFreeTxMailEv
                0x000000000800c080       0x86 CMakeFiles/Drone.elf.dir/Middlewares/stm32plus/can/can_plus.cpp.obj
                0x000000000800c080                Can::GetFreeTxMail()
 .text._ZN4PortC2EP12GPIO_TypeDeft
                0x000000000800c106       0x28 CMakeFiles/Drone.elf.dir/Middlewares/stm32plus/port/Port.cpp.obj
                0x000000000800c106                Port::Port(GPIO_TypeDef*, unsigned short)
                0x000000000800c106                Port::Port(GPIO_TypeDef*, unsigned short)
 .text._ZN4Port3setEv
                0x000000000800c12e       0x28 CMakeFiles/Drone.elf.dir/Middlewares/stm32plus/port/Port.cpp.obj
                0x000000000800c12e                Port::set()
 .text._ZN4Port3getEv
                0x000000000800c156       0x36 CMakeFiles/Drone.elf.dir/Middlewares/stm32plus/port/Port.cpp.obj
                0x000000000800c156                Port::get()
 .text._ZN3PWMC2EP17TIM_HandleTypeDefm
                0x000000000800c18c       0x26 CMakeFiles/Drone.elf.dir/Middlewares/stm32plus/pwm/pwm.cpp.obj
                0x000000000800c18c                PWM::PWM(TIM_HandleTypeDef*, unsigned long)
                0x000000000800c18c                PWM::PWM(TIM_HandleTypeDef*, unsigned long)
 .text._ZN3PWM3outEt
                0x000000000800c1b2       0x5e CMakeFiles/Drone.elf.dir/Middlewares/stm32plus/pwm/pwm.cpp.obj
                0x000000000800c1b2                PWM::out(unsigned short)
 .text._ZN3PWM5startEv
                0x000000000800c210       0x20 CMakeFiles/Drone.elf.dir/Middlewares/stm32plus/pwm/pwm.cpp.obj
                0x000000000800c210                PWM::start()
 .text._ZN6System4gpio3outEP12GPIO_TypeDeft13GPIO_PinState
                0x000000000800c230       0x30 CMakeFiles/Drone.elf.dir/Middlewares/stm32plus/system/gpio.cpp.obj
                0x000000000800c230                System::gpio::out(GPIO_TypeDef*, unsigned short, GPIO_PinState)
 .text._ZN6System4gpio3getEP12GPIO_TypeDeft
                0x000000000800c260       0x20 CMakeFiles/Drone.elf.dir/Middlewares/stm32plus/system/gpio.cpp.obj
                0x000000000800c260                System::gpio::get(GPIO_TypeDef*, unsigned short)
 .text._ZN6System2pc10setHandlerEP20__UART_HandleTypeDef
                0x000000000800c280       0x20 CMakeFiles/Drone.elf.dir/Middlewares/stm32plus/system/pc.cpp.obj
                0x000000000800c280                System::pc::setHandler(__UART_HandleTypeDef*)
 .text._ZN6System2pc6printfEPcz
                0x000000000800c2a0       0x74 CMakeFiles/Drone.elf.dir/Middlewares/stm32plus/system/pc.cpp.obj
                0x000000000800c2a0                System::pc::printf(char*, ...)
 .text._ZN6System2pc7printlnEPcz
                0x000000000800c314       0x90 CMakeFiles/Drone.elf.dir/Middlewares/stm32plus/system/pc.cpp.obj
                0x000000000800c314                System::pc::println(char*, ...)
 .text._ZN8UartListC2Ev
                0x000000000800c3a4       0x32 CMakeFiles/Drone.elf.dir/Middlewares/stm32plus/uart/UartList.cpp.obj
                0x000000000800c3a4                UartList::UartList()
                0x000000000800c3a4                UartList::UartList()
 .text._ZN8UartList3addEP4Uart
                0x000000000800c3d6       0x20 CMakeFiles/Drone.elf.dir/Middlewares/stm32plus/uart/UartList.cpp.obj
                0x000000000800c3d6                UartList::add(Uart*)
 *fill*         0x000000000800c3f6        0x2 
 .text._ZN9Plus_ListIP4UartEC2Ev
                0x000000000800c3f8       0x30 CMakeFiles/Drone.elf.dir/Middlewares/stm32plus/uart/UartList.cpp.obj
                0x000000000800c3f8                Plus_List<Uart*>::Plus_List()
                0x000000000800c3f8                Plus_List<Uart*>::Plus_List()
 .text._ZN9Plus_ListIP4UartE3addES1_
                0x000000000800c428       0x4a CMakeFiles/Drone.elf.dir/Middlewares/stm32plus/uart/UartList.cpp.obj
                0x000000000800c428                Plus_List<Uart*>::add(Uart*)
 .text._ZN9Plus_ListIP4UartE5indexES1_
                0x000000000800c472       0x4a CMakeFiles/Drone.elf.dir/Middlewares/stm32plus/uart/UartList.cpp.obj
                0x000000000800c472                Plus_List<Uart*>::index(Uart*)
 .text._ZN4nodeIP4UartEC2Ev
                0x000000000800c4bc       0x1c CMakeFiles/Drone.elf.dir/Middlewares/stm32plus/uart/UartList.cpp.obj
                0x000000000800c4bc                node<Uart*>::node()
                0x000000000800c4bc                node<Uart*>::node()
 .text._ZN4nodeIP4UartEC2ES1_
                0x000000000800c4d8       0x24 CMakeFiles/Drone.elf.dir/Middlewares/stm32plus/uart/UartList.cpp.obj
                0x000000000800c4d8                node<Uart*>::node(Uart*)
                0x000000000800c4d8                node<Uart*>::node(Uart*)
 .text._ZN4UartC2EP20__UART_HandleTypeDef
                0x000000000800c4fc       0x34 CMakeFiles/Drone.elf.dir/Middlewares/stm32plus/uart/uart.cpp.obj
                0x000000000800c4fc                Uart::Uart(__UART_HandleTypeDef*)
                0x000000000800c4fc                Uart::Uart(__UART_HandleTypeDef*)
 .text._ZN4Uart10getHandlerEv
                0x000000000800c530       0x18 CMakeFiles/Drone.elf.dir/Middlewares/stm32plus/uart/uart.cpp.obj
                0x000000000800c530                Uart::getHandler()
 .text._ZN4Uart8onRXDataEh
                0x000000000800c548       0x18 CMakeFiles/Drone.elf.dir/Middlewares/stm32plus/uart/uart.cpp.obj
                0x000000000800c548                Uart::onRXData(unsigned char)
 .text._ZN4Uart13openReceiveITEv
                0x000000000800c560       0x14 CMakeFiles/Drone.elf.dir/Middlewares/stm32plus/uart/uart.cpp.obj
                0x000000000800c560                Uart::openReceiveIT()
 .text._ZN4Uart14openReceiveDMAEv
                0x000000000800c574       0x14 CMakeFiles/Drone.elf.dir/Middlewares/stm32plus/uart/uart.cpp.obj
                0x000000000800c574                Uart::openReceiveDMA()
 .text._Z41__static_initialization_and_destruction_0ii
                0x000000000800c588       0x44 CMakeFiles/Drone.elf.dir/Middlewares/stm32plus/uart/uart.cpp.obj
 .text._GLOBAL__sub_I_uartHandles
                0x000000000800c5cc       0x10 CMakeFiles/Drone.elf.dir/Middlewares/stm32plus/uart/uart.cpp.obj
 .text._Z9user_mainv
                0x000000000800c5dc       0x38 CMakeFiles/Drone.elf.dir/User/Src/user.cpp.obj
                0x000000000800c5dc                user_main()
 .text._Z16StartDefaultTaskPKv
                0x000000000800c614       0x3c CMakeFiles/Drone.elf.dir/User/Src/user.cpp.obj
                0x000000000800c614                StartDefaultTask(void const*)
 .text.vApplicationGetIdleTaskMemory
                0x000000000800c650       0x34 CMakeFiles/Drone.elf.dir/User/Src/user_freertos.c.obj
                0x000000000800c650                vApplicationGetIdleTaskMemory
 .text.HAL_UART_RxCpltCallback
                0x000000000800c684       0x14 CMakeFiles/Drone.elf.dir/User/Src/user_interrupt.cpp.obj
                0x000000000800c684                HAL_UART_RxCpltCallback
 .text.Reset_Handler
                0x000000000800c698       0x50 CMakeFiles/Drone.elf.dir/startup/startup_stm32f427xx.s.obj
                0x000000000800c698                Reset_Handler
 .text.Default_Handler
                0x000000000800c6e8        0x2 CMakeFiles/Drone.elf.dir/startup/startup_stm32f427xx.s.obj
                0x000000000800c6e8                RTC_Alarm_IRQHandler
                0x000000000800c6e8                HASH_RNG_IRQHandler
                0x000000000800c6e8                EXTI2_IRQHandler
                0x000000000800c6e8                TIM8_CC_IRQHandler
                0x000000000800c6e8                SPI4_IRQHandler
                0x000000000800c6e8                TIM1_CC_IRQHandler
                0x000000000800c6e8                DMA2_Stream5_IRQHandler
                0x000000000800c6e8                DMA1_Stream5_IRQHandler
                0x000000000800c6e8                PVD_IRQHandler
                0x000000000800c6e8                SDIO_IRQHandler
                0x000000000800c6e8                TAMP_STAMP_IRQHandler
                0x000000000800c6e8                CAN2_RX1_IRQHandler
                0x000000000800c6e8                EXTI3_IRQHandler
                0x000000000800c6e8                TIM8_TRG_COM_TIM14_IRQHandler
                0x000000000800c6e8                TIM8_UP_TIM13_IRQHandler
                0x000000000800c6e8                I2C3_ER_IRQHandler
                0x000000000800c6e8                EXTI0_IRQHandler
                0x000000000800c6e8                I2C2_EV_IRQHandler
                0x000000000800c6e8                DMA1_Stream2_IRQHandler
                0x000000000800c6e8                CAN1_RX0_IRQHandler
                0x000000000800c6e8                FPU_IRQHandler
                0x000000000800c6e8                OTG_HS_WKUP_IRQHandler
                0x000000000800c6e8                CAN2_SCE_IRQHandler
                0x000000000800c6e8                SPI1_IRQHandler
                0x000000000800c6e8                TIM1_BRK_TIM9_IRQHandler
                0x000000000800c6e8                DCMI_IRQHandler
                0x000000000800c6e8                CAN2_RX0_IRQHandler
                0x000000000800c6e8                DMA2_Stream3_IRQHandler
                0x000000000800c6e8                USART6_IRQHandler
                0x000000000800c6e8                USART3_IRQHandler
                0x000000000800c6e8                CAN1_RX1_IRQHandler
                0x000000000800c6e8                UART5_IRQHandler
                0x000000000800c6e8                DMA2_Stream0_IRQHandler
                0x000000000800c6e8                TIM4_IRQHandler
                0x000000000800c6e8                I2C1_EV_IRQHandler
                0x000000000800c6e8                DMA1_Stream6_IRQHandler
                0x000000000800c6e8                DMA1_Stream1_IRQHandler
                0x000000000800c6e8                UART4_IRQHandler
                0x000000000800c6e8                TIM3_IRQHandler
                0x000000000800c6e8                RCC_IRQHandler
                0x000000000800c6e8                TIM8_BRK_TIM12_IRQHandler
                0x000000000800c6e8                Default_Handler
                0x000000000800c6e8                EXTI15_10_IRQHandler
                0x000000000800c6e8                ADC_IRQHandler
                0x000000000800c6e8                DMA1_Stream7_IRQHandler
                0x000000000800c6e8                SPI5_IRQHandler
                0x000000000800c6e8                TIM7_IRQHandler
                0x000000000800c6e8                CAN2_TX_IRQHandler
                0x000000000800c6e8                TIM5_IRQHandler
                0x000000000800c6e8                DMA2_Stream7_IRQHandler
                0x000000000800c6e8                I2C3_EV_IRQHandler
                0x000000000800c6e8                EXTI9_5_IRQHandler
                0x000000000800c6e8                RTC_WKUP_IRQHandler
                0x000000000800c6e8                ETH_WKUP_IRQHandler
                0x000000000800c6e8                SPI2_IRQHandler
                0x000000000800c6e8                OTG_HS_EP1_IN_IRQHandler
                0x000000000800c6e8                DMA1_Stream0_IRQHandler
                0x000000000800c6e8                CAN1_TX_IRQHandler
                0x000000000800c6e8                EXTI4_IRQHandler
                0x000000000800c6e8                ETH_IRQHandler
                0x000000000800c6e8                OTG_HS_EP1_OUT_IRQHandler
                0x000000000800c6e8                WWDG_IRQHandler
                0x000000000800c6e8                SPI6_IRQHandler
                0x000000000800c6e8                TIM2_IRQHandler
                0x000000000800c6e8                OTG_FS_WKUP_IRQHandler
                0x000000000800c6e8                TIM1_TRG_COM_TIM11_IRQHandler
                0x000000000800c6e8                OTG_HS_IRQHandler
                0x000000000800c6e8                DMA2D_IRQHandler
                0x000000000800c6e8                EXTI1_IRQHandler
                0x000000000800c6e8                USART2_IRQHandler
                0x000000000800c6e8                I2C2_ER_IRQHandler
                0x000000000800c6e8                DMA2_Stream1_IRQHandler
                0x000000000800c6e8                CAN1_SCE_IRQHandler
                0x000000000800c6e8                FLASH_IRQHandler
                0x000000000800c6e8                DMA2_Stream4_IRQHandler
                0x000000000800c6e8                USART1_IRQHandler
                0x000000000800c6e8                OTG_FS_IRQHandler
                0x000000000800c6e8                SPI3_IRQHandler
                0x000000000800c6e8                DMA1_Stream4_IRQHandler
                0x000000000800c6e8                I2C1_ER_IRQHandler
                0x000000000800c6e8                FMC_IRQHandler
                0x000000000800c6e8                DMA2_Stream6_IRQHandler
                0x000000000800c6e8                SAI1_IRQHandler
                0x000000000800c6e8                DMA1_Stream3_IRQHandler
 .text._ZdlPv   0x000000000800c6ea        0x4 /usr/bin/../lib/gcc/arm-none-eabi/7.3.1/../../../../arm-none-eabi/lib/thumb/v7e-m/fpv4-sp/hard/libstdc++_nano.a(del_op.o)
                0x000000000800c6ea                operator delete(void*)
 .text._ZL12read_uleb128PKhPm
                0x000000000800c6ee       0x22 /usr/bin/../lib/gcc/arm-none-eabi/7.3.1/../../../../arm-none-eabi/lib/thumb/v7e-m/fpv4-sp/hard/libstdc++_nano.a(eh_personality.o)
 .text._ZL12read_sleb128PKhPl
                0x000000000800c710       0x30 /usr/bin/../lib/gcc/arm-none-eabi/7.3.1/../../../../arm-none-eabi/lib/thumb/v7e-m/fpv4-sp/hard/libstdc++_nano.a(eh_personality.o)
 .text._ZL28read_encoded_value_with_basehjPKhPj
                0x000000000800c740       0x88 /usr/bin/../lib/gcc/arm-none-eabi/7.3.1/../../../../arm-none-eabi/lib/thumb/v7e-m/fpv4-sp/hard/libstdc++_nano.a(eh_personality.o)
 .text._Unwind_GetGR
                0x000000000800c7c8       0x18 /usr/bin/../lib/gcc/arm-none-eabi/7.3.1/../../../../arm-none-eabi/lib/thumb/v7e-m/fpv4-sp/hard/libstdc++_nano.a(eh_personality.o)
 .text._ZL21base_of_encoded_valuehP15_Unwind_Context.part.3
                0x000000000800c7e0       0x44 /usr/bin/../lib/gcc/arm-none-eabi/7.3.1/../../../../arm-none-eabi/lib/thumb/v7e-m/fpv4-sp/hard/libstdc++_nano.a(eh_personality.o)
 .text._ZL18read_encoded_valueP15_Unwind_ContexthPKhPj
                0x000000000800c824       0x28 /usr/bin/../lib/gcc/arm-none-eabi/7.3.1/../../../../arm-none-eabi/lib/thumb/v7e-m/fpv4-sp/hard/libstdc++_nano.a(eh_personality.o)
 .text._ZL17parse_lsda_headerP15_Unwind_ContextPKhP16lsda_header_info
                0x000000000800c84c       0x5e /usr/bin/../lib/gcc/arm-none-eabi/7.3.1/../../../../arm-none-eabi/lib/thumb/v7e-m/fpv4-sp/hard/libstdc++_nano.a(eh_personality.o)
 *fill*         0x000000000800c8aa        0x2 
 .text.__gxx_personality_v0
                0x000000000800c8ac      0x380 /usr/bin/../lib/gcc/arm-none-eabi/7.3.1/../../../../arm-none-eabi/lib/thumb/v7e-m/fpv4-sp/hard/libstdc++_nano.a(eh_personality.o)
                0x000000000800c8ac                __gxx_personality_v0
 .text.__cxa_end_cleanup
                0x000000000800cc2c        0xc /usr/bin/../lib/gcc/arm-none-eabi/7.3.1/../../../../arm-none-eabi/lib/thumb/v7e-m/fpv4-sp/hard/libstdc++_nano.a(eh_arm.o)
                0x000000000800cc2c                __cxa_end_cleanup
 .text._ZN10__cxxabiv1L24__is_gxx_exception_classEPc
                0x000000000800cc38       0x3a /usr/bin/../lib/gcc/arm-none-eabi/7.3.1/../../../../arm-none-eabi/lib/thumb/v7e-m/fpv4-sp/hard/libstdc++_nano.a(eh_arm.o)
 *fill*         0x000000000800cc72        0x2 
 .text.__cxa_type_match
                0x000000000800cc74       0xbc /usr/bin/../lib/gcc/arm-none-eabi/7.3.1/../../../../arm-none-eabi/lib/thumb/v7e-m/fpv4-sp/hard/libstdc++_nano.a(eh_arm.o)
                0x000000000800cc74                __cxa_type_match
 .text.__cxa_begin_cleanup
                0x000000000800cd30       0x3a /usr/bin/../lib/gcc/arm-none-eabi/7.3.1/../../../../arm-none-eabi/lib/thumb/v7e-m/fpv4-sp/hard/libstdc++_nano.a(eh_arm.o)
                0x000000000800cd30                __cxa_begin_cleanup
 .text.__gnu_end_cleanup
                0x000000000800cd6a       0x32 /usr/bin/../lib/gcc/arm-none-eabi/7.3.1/../../../../arm-none-eabi/lib/thumb/v7e-m/fpv4-sp/hard/libstdc++_nano.a(eh_arm.o)
                0x000000000800cd6a                __gnu_end_cleanup
 .text._Znwj    0x000000000800cd9c       0x22 /usr/bin/../lib/gcc/arm-none-eabi/7.3.1/../../../../arm-none-eabi/lib/thumb/v7e-m/fpv4-sp/hard/libstdc++_nano.a(new_op.o)
                0x000000000800cd9c                operator new(unsigned int)
 .text._ZNK10__cxxabiv117__class_type_info11__do_upcastEPKS0_PPv
                0x000000000800cdbe       0x34 /usr/bin/../lib/gcc/arm-none-eabi/7.3.1/../../../../arm-none-eabi/lib/thumb/v7e-m/fpv4-sp/hard/libstdc++_nano.a(class_type_info.o)
                0x000000000800cdbe                __cxxabiv1::__class_type_info::__do_upcast(__cxxabiv1::__class_type_info const*, void**) const
 .text._ZNK10__cxxabiv117__class_type_info20__do_find_public_srcEiPKvPKS0_S2_
                0x000000000800cdf2        0xc /usr/bin/../lib/gcc/arm-none-eabi/7.3.1/../../../../arm-none-eabi/lib/thumb/v7e-m/fpv4-sp/hard/libstdc++_nano.a(class_type_info.o)
                0x000000000800cdf2                __cxxabiv1::__class_type_info::__do_find_public_src(int, void const*, __cxxabiv1::__class_type_info const*, void const*) const
 *fill*         0x000000000800cdfe        0x2 
 .text._ZN10__cxxabiv117__class_type_infoD2Ev
                0x000000000800ce00       0x14 /usr/bin/../lib/gcc/arm-none-eabi/7.3.1/../../../../arm-none-eabi/lib/thumb/v7e-m/fpv4-sp/hard/libstdc++_nano.a(class_type_info.o)
                0x000000000800ce00                __cxxabiv1::__class_type_info::~__class_type_info()
                0x000000000800ce00                __cxxabiv1::__class_type_info::~__class_type_info()
 .text._ZN10__cxxabiv117__class_type_infoD0Ev